Archive member included to satisfy reference by file (symbol)

c:/users/kamil/appdata/roaming/mathworks/matlab add-ons/toolboxes/nxp_mbdtoolbox_s32k1xx/tools/gcc-6.3-arm32-eabi/bin/../lib/gcc/arm-none-eabi/6.3.1/thumb/v7e-m/fpv4-sp/hard\libgcc.a(_aeabi_uldivmod.o)
                              lpit_driver.o (__aeabi_uldivmod)
c:/users/kamil/appdata/roaming/mathworks/matlab add-ons/toolboxes/nxp_mbdtoolbox_s32k1xx/tools/gcc-6.3-arm32-eabi/bin/../lib/gcc/arm-none-eabi/6.3.1/thumb/v7e-m/fpv4-sp/hard\libgcc.a(_udivmoddi4.o)
                              c:/users/kamil/appdata/roaming/mathworks/matlab add-ons/toolboxes/nxp_mbdtoolbox_s32k1xx/tools/gcc-6.3-arm32-eabi/bin/../lib/gcc/arm-none-eabi/6.3.1/thumb/v7e-m/fpv4-sp/hard\libgcc.a(_aeabi_uldivmod.o) (__udivmoddi4)
c:/users/kamil/appdata/roaming/mathworks/matlab add-ons/toolboxes/nxp_mbdtoolbox_s32k1xx/tools/gcc-6.3-arm32-eabi/bin/../lib/gcc/arm-none-eabi/6.3.1/thumb/v7e-m/fpv4-sp/hard\libgcc.a(_dvmd_tls.o)
                              c:/users/kamil/appdata/roaming/mathworks/matlab add-ons/toolboxes/nxp_mbdtoolbox_s32k1xx/tools/gcc-6.3-arm32-eabi/bin/../lib/gcc/arm-none-eabi/6.3.1/thumb/v7e-m/fpv4-sp/hard\libgcc.a(_aeabi_uldivmod.o) (__aeabi_ldiv0)
C:/Users/kamil/AppData/Roaming/MathWorks/MATLAB Add-Ons/Toolboxes/NXP_MBDToolbox_S32K1xx/tools/gcc-6.3-arm32-eabi/arm-none-eabi/newlib/lib/thumb/v7e-m/fpv4-sp/hard\libc.a(lib_a-exit.o)
                              C:/Users/kamil/AppData/Roaming/MathWorks/MATLAB Add-Ons/Toolboxes/NXP_MBDToolbox_S32K1xx/tools/gcc-6.3-arm32-eabi/arm-none-eabi/newlib/lib/thumb/v7e-m/fpv4-sp/hard/crt0.o (exit)
C:/Users/kamil/AppData/Roaming/MathWorks/MATLAB Add-Ons/Toolboxes/NXP_MBDToolbox_S32K1xx/tools/gcc-6.3-arm32-eabi/arm-none-eabi/newlib/lib/thumb/v7e-m/fpv4-sp/hard\libc.a(lib_a-impure.o)
                              C:/Users/kamil/AppData/Roaming/MathWorks/MATLAB Add-Ons/Toolboxes/NXP_MBDToolbox_S32K1xx/tools/gcc-6.3-arm32-eabi/arm-none-eabi/newlib/lib/thumb/v7e-m/fpv4-sp/hard\libc.a(lib_a-exit.o) (_global_impure_ptr)
C:/Users/kamil/AppData/Roaming/MathWorks/MATLAB Add-Ons/Toolboxes/NXP_MBDToolbox_S32K1xx/tools/gcc-6.3-arm32-eabi/arm-none-eabi/newlib/lib/thumb/v7e-m/fpv4-sp/hard\libc.a(lib_a-init.o)
                              C:/Users/kamil/AppData/Roaming/MathWorks/MATLAB Add-Ons/Toolboxes/NXP_MBDToolbox_S32K1xx/tools/gcc-6.3-arm32-eabi/arm-none-eabi/newlib/lib/thumb/v7e-m/fpv4-sp/hard/crt0.o (__libc_init_array)
C:/Users/kamil/AppData/Roaming/MathWorks/MATLAB Add-Ons/Toolboxes/NXP_MBDToolbox_S32K1xx/tools/gcc-6.3-arm32-eabi/arm-none-eabi/newlib/lib/thumb/v7e-m/fpv4-sp/hard\libc.a(lib_a-memset.o)
                              C:/Users/kamil/AppData/Roaming/MathWorks/MATLAB Add-Ons/Toolboxes/NXP_MBDToolbox_S32K1xx/tools/gcc-6.3-arm32-eabi/arm-none-eabi/newlib/lib/thumb/v7e-m/fpv4-sp/hard/crt0.o (memset)
C:/Users/kamil/AppData/Roaming/MathWorks/MATLAB Add-Ons/Toolboxes/NXP_MBDToolbox_S32K1xx/tools/gcc-6.3-arm32-eabi/arm-none-eabi/newlib/lib/thumb/v7e-m/fpv4-sp/hard\libc.a(lib_a-__call_atexit.o)
                              C:/Users/kamil/AppData/Roaming/MathWorks/MATLAB Add-Ons/Toolboxes/NXP_MBDToolbox_S32K1xx/tools/gcc-6.3-arm32-eabi/arm-none-eabi/newlib/lib/thumb/v7e-m/fpv4-sp/hard\libc.a(lib_a-exit.o) (__call_exitprocs)
C:/Users/kamil/AppData/Roaming/MathWorks/MATLAB Add-Ons/Toolboxes/NXP_MBDToolbox_S32K1xx/tools/gcc-6.3-arm32-eabi/arm-none-eabi/newlib/lib/thumb/v7e-m/fpv4-sp/hard\libc.a(lib_a-fini.o)
                              C:/Users/kamil/AppData/Roaming/MathWorks/MATLAB Add-Ons/Toolboxes/NXP_MBDToolbox_S32K1xx/tools/gcc-6.3-arm32-eabi/arm-none-eabi/newlib/lib/thumb/v7e-m/fpv4-sp/hard\libc.a(lib_a-__call_atexit.o) (__libc_fini_array)
C:/Users/kamil/AppData/Roaming/MathWorks/MATLAB Add-Ons/Toolboxes/NXP_MBDToolbox_S32K1xx/tools/gcc-6.3-arm32-eabi/arm-none-eabi/newlib/lib/thumb/v7e-m/fpv4-sp/hard\libc.a(lib_a-atexit.o)
                              C:/Users/kamil/AppData/Roaming/MathWorks/MATLAB Add-Ons/Toolboxes/NXP_MBDToolbox_S32K1xx/tools/gcc-6.3-arm32-eabi/arm-none-eabi/newlib/lib/thumb/v7e-m/fpv4-sp/hard\libc.a(lib_a-__call_atexit.o) (atexit)
C:/Users/kamil/AppData/Roaming/MathWorks/MATLAB Add-Ons/Toolboxes/NXP_MBDToolbox_S32K1xx/tools/gcc-6.3-arm32-eabi/arm-none-eabi/newlib/lib/thumb/v7e-m/fpv4-sp/hard\libc.a(lib_a-__atexit.o)
                              C:/Users/kamil/AppData/Roaming/MathWorks/MATLAB Add-Ons/Toolboxes/NXP_MBDToolbox_S32K1xx/tools/gcc-6.3-arm32-eabi/arm-none-eabi/newlib/lib/thumb/v7e-m/fpv4-sp/hard\libc.a(lib_a-atexit.o) (__register_exitproc)
C:/Users/kamil/AppData/Roaming/MathWorks/MATLAB Add-Ons/Toolboxes/NXP_MBDToolbox_S32K1xx/tools/gcc-6.3-arm32-eabi/arm-none-eabi/newlib/lib/thumb/v7e-m/fpv4-sp/hard\libnosys.a(_exit.o)
                              C:/Users/kamil/AppData/Roaming/MathWorks/MATLAB Add-Ons/Toolboxes/NXP_MBDToolbox_S32K1xx/tools/gcc-6.3-arm32-eabi/arm-none-eabi/newlib/lib/thumb/v7e-m/fpv4-sp/hard\libc.a(lib_a-exit.o) (_exit)

Allocating common symbols
Common symbol       size              file

pressure_digital    0x7               Pressure_I2C_BMP388_2.o
g_xtal0ClkFreq      0x4               clock_S32K1xx.o
Pressure_I2C_BMP388_2_B
                    0x7               Pressure_I2C_BMP388_2.o
Pressure_I2C_BMP388_2_DW
                    0x2               Pressure_I2C_BMP388_2.o
g_RtcClkInFreq      0x4               clock_S32K1xx.o
gPowerManagerState  0x10              power_manager_S32K1xx.o
g_TClkFreq          0xc               clock_S32K1xx.o
lpi2cMasterState0   0x3c              Pressure_I2C_BMP388_2.o

Discarded input sections

 .text          0x00000000        0x0 c:/users/kamil/appdata/roaming/mathworks/matlab add-ons/toolboxes/nxp_mbdtoolbox_s32k1xx/tools/gcc-6.3-arm32-eabi/bin/../lib/gcc/arm-none-eabi/6.3.1/thumb/v7e-m/fpv4-sp/hard/crti.o
 .data          0x00000000        0x0 c:/users/kamil/appdata/roaming/mathworks/matlab add-ons/toolboxes/nxp_mbdtoolbox_s32k1xx/tools/gcc-6.3-arm32-eabi/bin/../lib/gcc/arm-none-eabi/6.3.1/thumb/v7e-m/fpv4-sp/hard/crti.o
 .bss           0x00000000        0x0 c:/users/kamil/appdata/roaming/mathworks/matlab add-ons/toolboxes/nxp_mbdtoolbox_s32k1xx/tools/gcc-6.3-arm32-eabi/bin/../lib/gcc/arm-none-eabi/6.3.1/thumb/v7e-m/fpv4-sp/hard/crti.o
 .data          0x00000000        0x4 c:/users/kamil/appdata/roaming/mathworks/matlab add-ons/toolboxes/nxp_mbdtoolbox_s32k1xx/tools/gcc-6.3-arm32-eabi/bin/../lib/gcc/arm-none-eabi/6.3.1/thumb/v7e-m/fpv4-sp/hard/crtbegin.o
 .text          0x00000000       0x74 C:/Users/kamil/AppData/Roaming/MathWorks/MATLAB Add-Ons/Toolboxes/NXP_MBDToolbox_S32K1xx/tools/gcc-6.3-arm32-eabi/arm-none-eabi/newlib/lib/thumb/v7e-m/fpv4-sp/hard/crt0.o
 .data          0x00000000        0x0 C:/Users/kamil/AppData/Roaming/MathWorks/MATLAB Add-Ons/Toolboxes/NXP_MBDToolbox_S32K1xx/tools/gcc-6.3-arm32-eabi/arm-none-eabi/newlib/lib/thumb/v7e-m/fpv4-sp/hard/crt0.o
 .bss           0x00000000        0x0 C:/Users/kamil/AppData/Roaming/MathWorks/MATLAB Add-Ons/Toolboxes/NXP_MBDToolbox_S32K1xx/tools/gcc-6.3-arm32-eabi/arm-none-eabi/newlib/lib/thumb/v7e-m/fpv4-sp/hard/crt0.o
 .ARM.extab     0x00000000        0x0 C:/Users/kamil/AppData/Roaming/MathWorks/MATLAB Add-Ons/Toolboxes/NXP_MBDToolbox_S32K1xx/tools/gcc-6.3-arm32-eabi/arm-none-eabi/newlib/lib/thumb/v7e-m/fpv4-sp/hard/crt0.o
 .ARM.exidx     0x00000000        0x8 C:/Users/kamil/AppData/Roaming/MathWorks/MATLAB Add-Ons/Toolboxes/NXP_MBDToolbox_S32K1xx/tools/gcc-6.3-arm32-eabi/arm-none-eabi/newlib/lib/thumb/v7e-m/fpv4-sp/hard/crt0.o
 .ARM.attributes
                0x00000000       0x20 C:/Users/kamil/AppData/Roaming/MathWorks/MATLAB Add-Ons/Toolboxes/NXP_MBDToolbox_S32K1xx/tools/gcc-6.3-arm32-eabi/arm-none-eabi/newlib/lib/thumb/v7e-m/fpv4-sp/hard/crt0.o
 .data          0x00000000        0x0 startup_S32K144.o
 .bss           0x00000000        0x0 startup_S32K144.o
 .text          0x00000000        0x0 Pressure_I2C_BMP388_2_data.o
 .data          0x00000000        0x0 Pressure_I2C_BMP388_2_data.o
 .bss           0x00000000        0x0 Pressure_I2C_BMP388_2_data.o
 .data          0x00000000        0x0 edma_driver.o
 .data          0x00000000        0x0 edma_hw_access.o
 .bss           0x00000000        0x0 edma_hw_access.o
 .data          0x00000000        0x0 edma_irq.o
 .bss           0x00000000        0x0 edma_irq.o
 .data          0x00000000        0x0 interrupt_manager.o
 .data          0x00000000        0x0 lpi2c_driver.o
 .data          0x00000000        0x0 lpi2c_hw_access.o
 .bss           0x00000000        0x0 lpi2c_hw_access.o
 .data          0x00000000        0x0 lpi2c_irq.o
 .bss           0x00000000        0x0 lpi2c_irq.o
 .data          0x00000000        0x0 lpit_driver.o
 .data          0x00000000        0x0 mbd_main.o
 .bss           0x00000000        0x0 mbd_main.o
 .data          0x00000000        0x0 pins_driver.o
 .bss           0x00000000        0x0 pins_driver.o
 .data          0x00000000        0x0 pins_port_hw_access.o
 .bss           0x00000000        0x0 pins_port_hw_access.o
 .data          0x00000000        0x0 power_manager.o
 .bss           0x00000000        0x0 power_manager.o
 .data          0x00000000        0x0 power_manager_S32K1xx.o
 .data          0x00000000        0x0 power_smc_hw_access.o
 .bss           0x00000000        0x0 power_smc_hw_access.o
 .data          0x00000000        0x0 s32k_clock_init.o
 .bss           0x00000000        0x0 s32k_clock_init.o
 .data          0x00000000        0x0 startup.o
 .bss           0x00000000        0x0 startup.o
 .bss           0x00000000        0x0 system_S32K144.o
 .data          0x00000000        0x0 c:/users/kamil/appdata/roaming/mathworks/matlab add-ons/toolboxes/nxp_mbdtoolbox_s32k1xx/tools/gcc-6.3-arm32-eabi/bin/../lib/gcc/arm-none-eabi/6.3.1/thumb/v7e-m/fpv4-sp/hard\libgcc.a(_aeabi_uldivmod.o)
 .bss           0x00000000        0x0 c:/users/kamil/appdata/roaming/mathworks/matlab add-ons/toolboxes/nxp_mbdtoolbox_s32k1xx/tools/gcc-6.3-arm32-eabi/bin/../lib/gcc/arm-none-eabi/6.3.1/thumb/v7e-m/fpv4-sp/hard\libgcc.a(_aeabi_uldivmod.o)
 .data          0x00000000        0x0 c:/users/kamil/appdata/roaming/mathworks/matlab add-ons/toolboxes/nxp_mbdtoolbox_s32k1xx/tools/gcc-6.3-arm32-eabi/bin/../lib/gcc/arm-none-eabi/6.3.1/thumb/v7e-m/fpv4-sp/hard\libgcc.a(_udivmoddi4.o)
 .bss           0x00000000        0x0 c:/users/kamil/appdata/roaming/mathworks/matlab add-ons/toolboxes/nxp_mbdtoolbox_s32k1xx/tools/gcc-6.3-arm32-eabi/bin/../lib/gcc/arm-none-eabi/6.3.1/thumb/v7e-m/fpv4-sp/hard\libgcc.a(_udivmoddi4.o)
 .ARM.extab     0x00000000        0x0 c:/users/kamil/appdata/roaming/mathworks/matlab add-ons/toolboxes/nxp_mbdtoolbox_s32k1xx/tools/gcc-6.3-arm32-eabi/bin/../lib/gcc/arm-none-eabi/6.3.1/thumb/v7e-m/fpv4-sp/hard\libgcc.a(_udivmoddi4.o)
 .data          0x00000000        0x0 c:/users/kamil/appdata/roaming/mathworks/matlab add-ons/toolboxes/nxp_mbdtoolbox_s32k1xx/tools/gcc-6.3-arm32-eabi/bin/../lib/gcc/arm-none-eabi/6.3.1/thumb/v7e-m/fpv4-sp/hard\libgcc.a(_dvmd_tls.o)
 .bss           0x00000000        0x0 c:/users/kamil/appdata/roaming/mathworks/matlab add-ons/toolboxes/nxp_mbdtoolbox_s32k1xx/tools/gcc-6.3-arm32-eabi/bin/../lib/gcc/arm-none-eabi/6.3.1/thumb/v7e-m/fpv4-sp/hard\libgcc.a(_dvmd_tls.o)
 .text          0x00000000        0x0 C:/Users/kamil/AppData/Roaming/MathWorks/MATLAB Add-Ons/Toolboxes/NXP_MBDToolbox_S32K1xx/tools/gcc-6.3-arm32-eabi/arm-none-eabi/newlib/lib/thumb/v7e-m/fpv4-sp/hard\libc.a(lib_a-exit.o)
 .data          0x00000000        0x0 C:/Users/kamil/AppData/Roaming/MathWorks/MATLAB Add-Ons/Toolboxes/NXP_MBDToolbox_S32K1xx/tools/gcc-6.3-arm32-eabi/arm-none-eabi/newlib/lib/thumb/v7e-m/fpv4-sp/hard\libc.a(lib_a-exit.o)
 .bss           0x00000000        0x0 C:/Users/kamil/AppData/Roaming/MathWorks/MATLAB Add-Ons/Toolboxes/NXP_MBDToolbox_S32K1xx/tools/gcc-6.3-arm32-eabi/arm-none-eabi/newlib/lib/thumb/v7e-m/fpv4-sp/hard\libc.a(lib_a-exit.o)
 .text.exit     0x00000000       0x20 C:/Users/kamil/AppData/Roaming/MathWorks/MATLAB Add-Ons/Toolboxes/NXP_MBDToolbox_S32K1xx/tools/gcc-6.3-arm32-eabi/arm-none-eabi/newlib/lib/thumb/v7e-m/fpv4-sp/hard\libc.a(lib_a-exit.o)
 .debug_frame   0x00000000       0x28 C:/Users/kamil/AppData/Roaming/MathWorks/MATLAB Add-Ons/Toolboxes/NXP_MBDToolbox_S32K1xx/tools/gcc-6.3-arm32-eabi/arm-none-eabi/newlib/lib/thumb/v7e-m/fpv4-sp/hard\libc.a(lib_a-exit.o)
 .ARM.attributes
                0x00000000       0x34 C:/Users/kamil/AppData/Roaming/MathWorks/MATLAB Add-Ons/Toolboxes/NXP_MBDToolbox_S32K1xx/tools/gcc-6.3-arm32-eabi/arm-none-eabi/newlib/lib/thumb/v7e-m/fpv4-sp/hard\libc.a(lib_a-exit.o)
 .text          0x00000000        0x0 C:/Users/kamil/AppData/Roaming/MathWorks/MATLAB Add-Ons/Toolboxes/NXP_MBDToolbox_S32K1xx/tools/gcc-6.3-arm32-eabi/arm-none-eabi/newlib/lib/thumb/v7e-m/fpv4-sp/hard\libc.a(lib_a-impure.o)
 .data          0x00000000        0x0 C:/Users/kamil/AppData/Roaming/MathWorks/MATLAB Add-Ons/Toolboxes/NXP_MBDToolbox_S32K1xx/tools/gcc-6.3-arm32-eabi/arm-none-eabi/newlib/lib/thumb/v7e-m/fpv4-sp/hard\libc.a(lib_a-impure.o)
 .bss           0x00000000        0x0 C:/Users/kamil/AppData/Roaming/MathWorks/MATLAB Add-Ons/Toolboxes/NXP_MBDToolbox_S32K1xx/tools/gcc-6.3-arm32-eabi/arm-none-eabi/newlib/lib/thumb/v7e-m/fpv4-sp/hard\libc.a(lib_a-impure.o)
 .data._impure_ptr
                0x00000000        0x4 C:/Users/kamil/AppData/Roaming/MathWorks/MATLAB Add-Ons/Toolboxes/NXP_MBDToolbox_S32K1xx/tools/gcc-6.3-arm32-eabi/arm-none-eabi/newlib/lib/thumb/v7e-m/fpv4-sp/hard\libc.a(lib_a-impure.o)
 .text          0x00000000        0x0 C:/Users/kamil/AppData/Roaming/MathWorks/MATLAB Add-Ons/Toolboxes/NXP_MBDToolbox_S32K1xx/tools/gcc-6.3-arm32-eabi/arm-none-eabi/newlib/lib/thumb/v7e-m/fpv4-sp/hard\libc.a(lib_a-init.o)
 .data          0x00000000        0x0 C:/Users/kamil/AppData/Roaming/MathWorks/MATLAB Add-Ons/Toolboxes/NXP_MBDToolbox_S32K1xx/tools/gcc-6.3-arm32-eabi/arm-none-eabi/newlib/lib/thumb/v7e-m/fpv4-sp/hard\libc.a(lib_a-init.o)
 .bss           0x00000000        0x0 C:/Users/kamil/AppData/Roaming/MathWorks/MATLAB Add-Ons/Toolboxes/NXP_MBDToolbox_S32K1xx/tools/gcc-6.3-arm32-eabi/arm-none-eabi/newlib/lib/thumb/v7e-m/fpv4-sp/hard\libc.a(lib_a-init.o)
 .text.__libc_init_array
                0x00000000       0x48 C:/Users/kamil/AppData/Roaming/MathWorks/MATLAB Add-Ons/Toolboxes/NXP_MBDToolbox_S32K1xx/tools/gcc-6.3-arm32-eabi/arm-none-eabi/newlib/lib/thumb/v7e-m/fpv4-sp/hard\libc.a(lib_a-init.o)
 .debug_frame   0x00000000       0x2c C:/Users/kamil/AppData/Roaming/MathWorks/MATLAB Add-Ons/Toolboxes/NXP_MBDToolbox_S32K1xx/tools/gcc-6.3-arm32-eabi/arm-none-eabi/newlib/lib/thumb/v7e-m/fpv4-sp/hard\libc.a(lib_a-init.o)
 .ARM.attributes
                0x00000000       0x34 C:/Users/kamil/AppData/Roaming/MathWorks/MATLAB Add-Ons/Toolboxes/NXP_MBDToolbox_S32K1xx/tools/gcc-6.3-arm32-eabi/arm-none-eabi/newlib/lib/thumb/v7e-m/fpv4-sp/hard\libc.a(lib_a-init.o)
 .text          0x00000000        0x0 C:/Users/kamil/AppData/Roaming/MathWorks/MATLAB Add-Ons/Toolboxes/NXP_MBDToolbox_S32K1xx/tools/gcc-6.3-arm32-eabi/arm-none-eabi/newlib/lib/thumb/v7e-m/fpv4-sp/hard\libc.a(lib_a-memset.o)
 .data          0x00000000        0x0 C:/Users/kamil/AppData/Roaming/MathWorks/MATLAB Add-Ons/Toolboxes/NXP_MBDToolbox_S32K1xx/tools/gcc-6.3-arm32-eabi/arm-none-eabi/newlib/lib/thumb/v7e-m/fpv4-sp/hard\libc.a(lib_a-memset.o)
 .bss           0x00000000        0x0 C:/Users/kamil/AppData/Roaming/MathWorks/MATLAB Add-Ons/Toolboxes/NXP_MBDToolbox_S32K1xx/tools/gcc-6.3-arm32-eabi/arm-none-eabi/newlib/lib/thumb/v7e-m/fpv4-sp/hard\libc.a(lib_a-memset.o)
 .text          0x00000000        0x0 C:/Users/kamil/AppData/Roaming/MathWorks/MATLAB Add-Ons/Toolboxes/NXP_MBDToolbox_S32K1xx/tools/gcc-6.3-arm32-eabi/arm-none-eabi/newlib/lib/thumb/v7e-m/fpv4-sp/hard\libc.a(lib_a-__call_atexit.o)
 .data          0x00000000        0x0 C:/Users/kamil/AppData/Roaming/MathWorks/MATLAB Add-Ons/Toolboxes/NXP_MBDToolbox_S32K1xx/tools/gcc-6.3-arm32-eabi/arm-none-eabi/newlib/lib/thumb/v7e-m/fpv4-sp/hard\libc.a(lib_a-__call_atexit.o)
 .bss           0x00000000        0x0 C:/Users/kamil/AppData/Roaming/MathWorks/MATLAB Add-Ons/Toolboxes/NXP_MBDToolbox_S32K1xx/tools/gcc-6.3-arm32-eabi/arm-none-eabi/newlib/lib/thumb/v7e-m/fpv4-sp/hard\libc.a(lib_a-__call_atexit.o)
 .text.__call_exitprocs
                0x00000000       0xc8 C:/Users/kamil/AppData/Roaming/MathWorks/MATLAB Add-Ons/Toolboxes/NXP_MBDToolbox_S32K1xx/tools/gcc-6.3-arm32-eabi/arm-none-eabi/newlib/lib/thumb/v7e-m/fpv4-sp/hard\libc.a(lib_a-__call_atexit.o)
 .text          0x00000000        0x0 C:/Users/kamil/AppData/Roaming/MathWorks/MATLAB Add-Ons/Toolboxes/NXP_MBDToolbox_S32K1xx/tools/gcc-6.3-arm32-eabi/arm-none-eabi/newlib/lib/thumb/v7e-m/fpv4-sp/hard\libc.a(lib_a-fini.o)
 .data          0x00000000        0x0 C:/Users/kamil/AppData/Roaming/MathWorks/MATLAB Add-Ons/Toolboxes/NXP_MBDToolbox_S32K1xx/tools/gcc-6.3-arm32-eabi/arm-none-eabi/newlib/lib/thumb/v7e-m/fpv4-sp/hard\libc.a(lib_a-fini.o)
 .bss           0x00000000        0x0 C:/Users/kamil/AppData/Roaming/MathWorks/MATLAB Add-Ons/Toolboxes/NXP_MBDToolbox_S32K1xx/tools/gcc-6.3-arm32-eabi/arm-none-eabi/newlib/lib/thumb/v7e-m/fpv4-sp/hard\libc.a(lib_a-fini.o)
 .text          0x00000000        0x0 C:/Users/kamil/AppData/Roaming/MathWorks/MATLAB Add-Ons/Toolboxes/NXP_MBDToolbox_S32K1xx/tools/gcc-6.3-arm32-eabi/arm-none-eabi/newlib/lib/thumb/v7e-m/fpv4-sp/hard\libc.a(lib_a-atexit.o)
 .data          0x00000000        0x0 C:/Users/kamil/AppData/Roaming/MathWorks/MATLAB Add-Ons/Toolboxes/NXP_MBDToolbox_S32K1xx/tools/gcc-6.3-arm32-eabi/arm-none-eabi/newlib/lib/thumb/v7e-m/fpv4-sp/hard\libc.a(lib_a-atexit.o)
 .bss           0x00000000        0x0 C:/Users/kamil/AppData/Roaming/MathWorks/MATLAB Add-Ons/Toolboxes/NXP_MBDToolbox_S32K1xx/tools/gcc-6.3-arm32-eabi/arm-none-eabi/newlib/lib/thumb/v7e-m/fpv4-sp/hard\libc.a(lib_a-atexit.o)
 .text          0x00000000        0x0 C:/Users/kamil/AppData/Roaming/MathWorks/MATLAB Add-Ons/Toolboxes/NXP_MBDToolbox_S32K1xx/tools/gcc-6.3-arm32-eabi/arm-none-eabi/newlib/lib/thumb/v7e-m/fpv4-sp/hard\libc.a(lib_a-__atexit.o)
 .data          0x00000000        0x0 C:/Users/kamil/AppData/Roaming/MathWorks/MATLAB Add-Ons/Toolboxes/NXP_MBDToolbox_S32K1xx/tools/gcc-6.3-arm32-eabi/arm-none-eabi/newlib/lib/thumb/v7e-m/fpv4-sp/hard\libc.a(lib_a-__atexit.o)
 .bss           0x00000000        0x0 C:/Users/kamil/AppData/Roaming/MathWorks/MATLAB Add-Ons/Toolboxes/NXP_MBDToolbox_S32K1xx/tools/gcc-6.3-arm32-eabi/arm-none-eabi/newlib/lib/thumb/v7e-m/fpv4-sp/hard\libc.a(lib_a-__atexit.o)
 .text          0x00000000        0x0 C:/Users/kamil/AppData/Roaming/MathWorks/MATLAB Add-Ons/Toolboxes/NXP_MBDToolbox_S32K1xx/tools/gcc-6.3-arm32-eabi/arm-none-eabi/newlib/lib/thumb/v7e-m/fpv4-sp/hard\libnosys.a(_exit.o)
 .data          0x00000000        0x0 C:/Users/kamil/AppData/Roaming/MathWorks/MATLAB Add-Ons/Toolboxes/NXP_MBDToolbox_S32K1xx/tools/gcc-6.3-arm32-eabi/arm-none-eabi/newlib/lib/thumb/v7e-m/fpv4-sp/hard\libnosys.a(_exit.o)
 .bss           0x00000000        0x0 C:/Users/kamil/AppData/Roaming/MathWorks/MATLAB Add-Ons/Toolboxes/NXP_MBDToolbox_S32K1xx/tools/gcc-6.3-arm32-eabi/arm-none-eabi/newlib/lib/thumb/v7e-m/fpv4-sp/hard\libnosys.a(_exit.o)
 .text._exit    0x00000000        0x2 C:/Users/kamil/AppData/Roaming/MathWorks/MATLAB Add-Ons/Toolboxes/NXP_MBDToolbox_S32K1xx/tools/gcc-6.3-arm32-eabi/arm-none-eabi/newlib/lib/thumb/v7e-m/fpv4-sp/hard\libnosys.a(_exit.o)
 .debug_frame   0x00000000       0x20 C:/Users/kamil/AppData/Roaming/MathWorks/MATLAB Add-Ons/Toolboxes/NXP_MBDToolbox_S32K1xx/tools/gcc-6.3-arm32-eabi/arm-none-eabi/newlib/lib/thumb/v7e-m/fpv4-sp/hard\libnosys.a(_exit.o)
 .ARM.attributes
                0x00000000       0x34 C:/Users/kamil/AppData/Roaming/MathWorks/MATLAB Add-Ons/Toolboxes/NXP_MBDToolbox_S32K1xx/tools/gcc-6.3-arm32-eabi/arm-none-eabi/newlib/lib/thumb/v7e-m/fpv4-sp/hard\libnosys.a(_exit.o)
 .text          0x00000000        0x0 c:/users/kamil/appdata/roaming/mathworks/matlab add-ons/toolboxes/nxp_mbdtoolbox_s32k1xx/tools/gcc-6.3-arm32-eabi/bin/../lib/gcc/arm-none-eabi/6.3.1/thumb/v7e-m/fpv4-sp/hard/crtend.o
 .data          0x00000000        0x0 c:/users/kamil/appdata/roaming/mathworks/matlab add-ons/toolboxes/nxp_mbdtoolbox_s32k1xx/tools/gcc-6.3-arm32-eabi/bin/../lib/gcc/arm-none-eabi/6.3.1/thumb/v7e-m/fpv4-sp/hard/crtend.o
 .bss           0x00000000        0x0 c:/users/kamil/appdata/roaming/mathworks/matlab add-ons/toolboxes/nxp_mbdtoolbox_s32k1xx/tools/gcc-6.3-arm32-eabi/bin/../lib/gcc/arm-none-eabi/6.3.1/thumb/v7e-m/fpv4-sp/hard/crtend.o
 .eh_frame      0x00000000        0x4 c:/users/kamil/appdata/roaming/mathworks/matlab add-ons/toolboxes/nxp_mbdtoolbox_s32k1xx/tools/gcc-6.3-arm32-eabi/bin/../lib/gcc/arm-none-eabi/6.3.1/thumb/v7e-m/fpv4-sp/hard/crtend.o
 .text          0x00000000        0x0 c:/users/kamil/appdata/roaming/mathworks/matlab add-ons/toolboxes/nxp_mbdtoolbox_s32k1xx/tools/gcc-6.3-arm32-eabi/bin/../lib/gcc/arm-none-eabi/6.3.1/thumb/v7e-m/fpv4-sp/hard/crtn.o
 .data          0x00000000        0x0 c:/users/kamil/appdata/roaming/mathworks/matlab add-ons/toolboxes/nxp_mbdtoolbox_s32k1xx/tools/gcc-6.3-arm32-eabi/bin/../lib/gcc/arm-none-eabi/6.3.1/thumb/v7e-m/fpv4-sp/hard/crtn.o
 .bss           0x00000000        0x0 c:/users/kamil/appdata/roaming/mathworks/matlab add-ons/toolboxes/nxp_mbdtoolbox_s32k1xx/tools/gcc-6.3-arm32-eabi/bin/../lib/gcc/arm-none-eabi/6.3.1/thumb/v7e-m/fpv4-sp/hard/crtn.o

Memory Configuration

Name             Origin             Length             Attributes
m_interrupts     0x00000000         0x00000400         xr
m_flash_config   0x00000400         0x00000010         xr
m_text           0x00000410         0x0007fbf0         xr
m_data           0x1fff8000         0x00008000         rw
m_data_2         0x20000000         0x00007000         rw
*default*        0x00000000         0xffffffff

Linker script and memory map

LOAD c:/users/kamil/appdata/roaming/mathworks/matlab add-ons/toolboxes/nxp_mbdtoolbox_s32k1xx/tools/gcc-6.3-arm32-eabi/bin/../lib/gcc/arm-none-eabi/6.3.1/thumb/v7e-m/fpv4-sp/hard/crti.o
LOAD c:/users/kamil/appdata/roaming/mathworks/matlab add-ons/toolboxes/nxp_mbdtoolbox_s32k1xx/tools/gcc-6.3-arm32-eabi/bin/../lib/gcc/arm-none-eabi/6.3.1/thumb/v7e-m/fpv4-sp/hard/crtbegin.o
LOAD C:/Users/kamil/AppData/Roaming/MathWorks/MATLAB Add-Ons/Toolboxes/NXP_MBDToolbox_S32K1xx/tools/gcc-6.3-arm32-eabi/arm-none-eabi/newlib/lib/thumb/v7e-m/fpv4-sp/hard/crt0.o
                0x00000001                __ram_vector_table__ = 0x1
LOAD startup_S32K144.o
LOAD Pressure_I2C_BMP388_2.o
LOAD Pressure_I2C_BMP388_2_data.o
LOAD clock_S32K1xx.o
LOAD edma_driver.o
LOAD edma_hw_access.o
LOAD edma_irq.o
LOAD interrupt_manager.o
LOAD lpi2c_driver.o
LOAD lpi2c_hw_access.o
LOAD lpi2c_irq.o
LOAD lpit_driver.o
LOAD mbd_main.o
LOAD osif_baremetal.o
LOAD pins_driver.o
LOAD pins_port_hw_access.o
LOAD power_manager.o
LOAD power_manager_S32K1xx.o
LOAD power_smc_hw_access.o
LOAD s32k_clock_init.o
LOAD startup.o
LOAD system_S32K144.o
LOAD C:/Users/kamil/AppData/Roaming/MathWorks/MATLAB Add-Ons/Toolboxes/NXP_MBDToolbox_S32K1xx/tools/gcc-6.3-arm32-eabi/arm-none-eabi/newlib/lib/thumb/v7e-m/fpv4-sp/hard\libm.a
LOAD S32K14x_AMMCLIB.a
START GROUP
LOAD c:/users/kamil/appdata/roaming/mathworks/matlab add-ons/toolboxes/nxp_mbdtoolbox_s32k1xx/tools/gcc-6.3-arm32-eabi/bin/../lib/gcc/arm-none-eabi/6.3.1/thumb/v7e-m/fpv4-sp/hard\libgcc.a
LOAD C:/Users/kamil/AppData/Roaming/MathWorks/MATLAB Add-Ons/Toolboxes/NXP_MBDToolbox_S32K1xx/tools/gcc-6.3-arm32-eabi/arm-none-eabi/newlib/lib/thumb/v7e-m/fpv4-sp/hard\libc.a
END GROUP
START GROUP
LOAD c:/users/kamil/appdata/roaming/mathworks/matlab add-ons/toolboxes/nxp_mbdtoolbox_s32k1xx/tools/gcc-6.3-arm32-eabi/bin/../lib/gcc/arm-none-eabi/6.3.1/thumb/v7e-m/fpv4-sp/hard\libgcc.a
LOAD C:/Users/kamil/AppData/Roaming/MathWorks/MATLAB Add-Ons/Toolboxes/NXP_MBDToolbox_S32K1xx/tools/gcc-6.3-arm32-eabi/arm-none-eabi/newlib/lib/thumb/v7e-m/fpv4-sp/hard\libc.a
LOAD C:/Users/kamil/AppData/Roaming/MathWorks/MATLAB Add-Ons/Toolboxes/NXP_MBDToolbox_S32K1xx/tools/gcc-6.3-arm32-eabi/arm-none-eabi/newlib/lib/thumb/v7e-m/fpv4-sp/hard\libnosys.a
END GROUP
LOAD c:/users/kamil/appdata/roaming/mathworks/matlab add-ons/toolboxes/nxp_mbdtoolbox_s32k1xx/tools/gcc-6.3-arm32-eabi/bin/../lib/gcc/arm-none-eabi/6.3.1/thumb/v7e-m/fpv4-sp/hard/crtend.o
LOAD c:/users/kamil/appdata/roaming/mathworks/matlab add-ons/toolboxes/nxp_mbdtoolbox_s32k1xx/tools/gcc-6.3-arm32-eabi/bin/../lib/gcc/arm-none-eabi/6.3.1/thumb/v7e-m/fpv4-sp/hard/crtn.o
                0x00000400                HEAP_SIZE = DEFINED (__heap_size__)?__heap_size__:0x400
                0x00000400                STACK_SIZE = DEFINED (__stack_size__)?__stack_size__:0x400
                0x00000400                M_VECTOR_RAM_SIZE = DEFINED (__flash_vector_table__)?0x0:0x400

.interrupts     0x00000000      0x400
                0x00000000                __VECTOR_TABLE = .
                0x00000000                __interrupts_start__ = .
                0x00000000                . = ALIGN (0x4)
 *(.isr_vector)
 .isr_vector    0x00000000      0x400 startup_S32K144.o
                0x00000000                __isr_vector
                0x00000400                __interrupts_end__ = .
                0x00000400                . = ALIGN (0x4)

.flash_config   0x00000400       0x10
                0x00000400                . = ALIGN (0x4)
 *(.FlashConfig)
 .FlashConfig   0x00000400       0x10 startup_S32K144.o
                0x00000410                . = ALIGN (0x4)

.text           0x00000410     0x5f10
                0x00000410                . = ALIGN (0x4)
 *(.text)
 .text          0x00000410       0xa4 c:/users/kamil/appdata/roaming/mathworks/matlab add-ons/toolboxes/nxp_mbdtoolbox_s32k1xx/tools/gcc-6.3-arm32-eabi/bin/../lib/gcc/arm-none-eabi/6.3.1/thumb/v7e-m/fpv4-sp/hard/crtbegin.o
 .text          0x000004b4       0x6c startup_S32K144.o
                0x000004b4                Reset_Handler
                0x0000051c                DebugMon_Handler
                0x0000051c                Reserved88_IRQHandler
                0x0000051c                CAN0_ORed_IRQHandler
                0x0000051c                HardFault_Handler
                0x0000051c                Reserved86_IRQHandler
                0x0000051c                Reserved103_IRQHandler
                0x0000051c                FTM2_Ovf_Reload_IRQHandler
                0x0000051c                Reserved50_IRQHandler
                0x0000051c                FTFC_Fault_IRQHandler
                0x0000051c                FTM0_Ch6_Ch7_IRQHandler
                0x0000051c                Reserved114_IRQHandler
                0x0000051c                PendSV_Handler
                0x0000051c                NMI_Handler
                0x0000051c                Reserved89_IRQHandler
                0x0000051c                ERM_double_fault_IRQHandler
                0x0000051c                Reserved59_IRQHandler
                0x0000051c                Reserved99_IRQHandler
                0x0000051c                FTM3_Ch6_Ch7_IRQHandler
                0x0000051c                CAN2_ORed_0_15_MB_IRQHandler
                0x0000051c                LPIT0_Ch3_IRQHandler
                0x0000051c                Reserved92_IRQHandler
                0x0000051c                FTM0_Ch4_Ch5_IRQHandler
                0x0000051c                CAN1_Error_IRQHandler
                0x0000051c                FTM3_Ch0_Ch1_IRQHandler
                0x0000051c                SWI_IRQHandler
                0x0000051c                ADC0_IRQHandler
                0x0000051c                FTM2_Ch4_Ch5_IRQHandler
                0x0000051c                UsageFault_Handler
                0x0000051c                FTM0_Ovf_Reload_IRQHandler
                0x0000051c                DefaultISR
                0x0000051c                Reserved58_IRQHandler
                0x0000051c                CAN1_ORed_0_15_MB_IRQHandler
                0x0000051c                FTM1_Ch2_Ch3_IRQHandler
                0x0000051c                Reserved82_IRQHandler
                0x0000051c                CAN0_ORed_16_31_MB_IRQHandler
                0x0000051c                Reserved71_IRQHandler
                0x0000051c                PORTD_IRQHandler
                0x0000051c                Reserved69_IRQHandler
                0x0000051c                PORTB_IRQHandler
                0x0000051c                Reserved70_IRQHandler
                0x0000051c                ADC1_IRQHandler
                0x0000051c                FTM2_Ch2_Ch3_IRQHandler
                0x0000051c                Reserved53_IRQHandler
                0x0000051c                RTC_IRQHandler
                0x0000051c                PDB0_IRQHandler
                0x0000051c                Reserved54_IRQHandler
                0x0000051c                FTM2_Ch6_Ch7_IRQHandler
                0x0000051c                FTM3_Ch2_Ch3_IRQHandler
                0x0000051c                FTM2_Ch0_Ch1_IRQHandler
                0x0000051c                LPSPI1_IRQHandler
                0x0000051c                LPUART1_RxTx_IRQHandler
                0x0000051c                RTC_Seconds_IRQHandler
                0x0000051c                CAN2_ORed_IRQHandler
                0x0000051c                Reserved72_IRQHandler
                0x0000051c                Reserved110_IRQHandler
                0x0000051c                Reserved107_IRQHandler
                0x0000051c                Read_Collision_IRQHandler
                0x0000051c                CAN2_Error_IRQHandler
                0x0000051c                FTFC_IRQHandler
                0x0000051c                FTM1_Ch6_Ch7_IRQHandler
                0x0000051c                Reserved105_IRQHandler
                0x0000051c                LPIT0_Ch1_IRQHandler
                0x0000051c                FTM1_Ch4_Ch5_IRQHandler
                0x0000051c                FTM3_Ovf_Reload_IRQHandler
                0x0000051c                LPUART2_RxTx_IRQHandler
                0x0000051c                LPSPI0_IRQHandler
                0x0000051c                WDOG_EWM_IRQHandler
                0x0000051c                MemManage_Handler
                0x0000051c                Reserved90_IRQHandler
                0x0000051c                Reserved83_IRQHandler
                0x0000051c                FTM0_Fault_IRQHandler
                0x0000051c                Reserved48_IRQHandler
                0x0000051c                SVC_Handler
                0x0000051c                ERM_single_fault_IRQHandler
                0x0000051c                FTM2_Fault_IRQHandler
                0x0000051c                FTM0_Ch2_Ch3_IRQHandler
                0x0000051c                FTM0_Ch0_Ch1_IRQHandler
                0x0000051c                FTM3_Fault_IRQHandler
                0x0000051c                RCM_IRQHandler
                0x0000051c                Reserved100_IRQHandler
                0x0000051c                Reserved91_IRQHandler
                0x0000051c                CAN1_ORed_IRQHandler
                0x0000051c                SCG_IRQHandler
                0x0000051c                PDB1_IRQHandler
                0x0000051c                Reserved81_IRQHandler
                0x0000051c                Reserved46_IRQHandler
                0x0000051c                Reserved45_IRQHandler
                0x0000051c                CAN0_Error_IRQHandler
                0x0000051c                Reserved112_IRQHandler
                0x0000051c                FTM1_Fault_IRQHandler
                0x0000051c                Reserved106_IRQHandler
                0x0000051c                LVD_LVW_IRQHandler
                0x0000051c                LPIT0_Ch2_IRQHandler
                0x0000051c                PORTA_IRQHandler
                0x0000051c                MCM_IRQHandler
                0x0000051c                LPSPI2_IRQHandler
                0x0000051c                FTM3_Ch4_Ch5_IRQHandler
                0x0000051c                CAN0_ORed_0_15_MB_IRQHandler
                0x0000051c                PORTE_IRQHandler
                0x0000051c                LPUART0_RxTx_IRQHandler
                0x0000051c                LPTMR0_IRQHandler
                0x0000051c                BusFault_Handler
                0x0000051c                Reserved87_IRQHandler
                0x0000051c                FTM1_Ovf_Reload_IRQHandler
                0x0000051c                Reserved93_IRQHandler
                0x0000051c                CAN0_Wake_Up_IRQHandler
                0x0000051c                CMP0_IRQHandler
                0x0000051c                Reserved52_IRQHandler
                0x0000051c                PORTC_IRQHandler
                0x0000051c                FTM1_Ch0_Ch1_IRQHandler
                0x0000051c                FLEXIO_IRQHandler
                0x0000051c                Reserved113_IRQHandler
 .text          0x00000520      0x160 Pressure_I2C_BMP388_2.o
                0x00000520                LPI2C_DRV_SetSlaveAddr
                0x0000056c                Pressure_I2C_BMP388_2_step
                0x000005f8                Pressure_I2C_BMP388_2_initialize
                0x0000067c                Pressure_I2C_BMP388_2_terminate
 .text          0x00000680     0x1c88 clock_S32K1xx.o
                0x000013f6                CLOCK_DRV_Init
                0x00001a24                CLOCK_DRV_GetFreq
                0x00001c2c                CLOCK_DRV_SetModuleClock
                0x00001d98                CLOCK_DRV_SetSystemClock
                0x00001ec0                CLOCK_DRV_GetSystemClockSource
                0x00001f1c                CLOCK_DRV_SetClockSource
                0x000021cc                CLOCK_SYS_Init
                0x000021e8                CLOCK_SYS_UpdateConfiguration
                0x000022d0                CLOCK_SYS_GetCurrentConfiguration
                0x000022dc                CLOCK_SYS_GetErrorCallback
                0x000022f8                CLOCK_SYS_GetFreq
                0x00002300                CLOCK_SYS_SetConfiguration
 .text          0x00002308      0xae4 edma_driver.o
                0x00002318                EDMA_DRV_InstallCallback
                0x00002338                EDMA_DRV_ReleaseChannel
                0x0000236c                EDMA_DRV_Deinit
                0x000023bc                EDMA_DRV_IRQHandler
                0x000023e8                EDMA_DRV_ErrorIRQHandler
                0x00002424                EDMA_DRV_ConfigSingleBlockTransfer
                0x0000256c                EDMA_DRV_ConfigMultiBlockTransfer
                0x000025d0                EDMA_DRV_StartChannel
                0x000025e8                EDMA_DRV_StopChannel
                0x00002600                EDMA_DRV_SetChannelRequestAndTrigger
                0x00002644                EDMA_DRV_ChannelInit
                0x000026e4                EDMA_DRV_Init
                0x00002794                EDMA_DRV_ClearTCD
                0x000027a8                EDMA_DRV_SetSrcAddr
                0x000027bc                EDMA_DRV_SetSrcOffset
                0x000027d0                EDMA_DRV_SetSrcReadChunkSize
                0x000027f6                EDMA_DRV_SetSrcLastAddrAdjustment
                0x0000280c                EDMA_DRV_SetDestLastAddrAdjustment
                0x00002822                EDMA_DRV_SetDestAddr
                0x00002838                EDMA_DRV_SetDestOffset
                0x00002850                EDMA_DRV_SetDestWriteChunkSize
                0x00002874                EDMA_DRV_SetMinorLoopBlockSize
                0x00002888                EDMA_DRV_SetMajorLoopIterationCount
                0x0000289c                EDMA_DRV_GetRemainingMajorIterationsCount
                0x000028b0                EDMA_DRV_SetScatterGatherLink
                0x000028c4                EDMA_DRV_DisableRequestsOnTransferComplete
                0x000028fc                EDMA_DRV_ConfigureInterrupt
                0x0000297c                EDMA_DRV_CancelTransfer
                0x00002994                EDMA_DRV_TriggerSwRequest
                0x000029a4                EDMA_DRV_PushConfigToSTCD
                0x00002a32                EDMA_DRV_PushConfigToReg
                0x00002c0c                EDMA_DRV_ConfigLoopTransfer
                0x00002c34                EDMA_DRV_ConfigScatterGatherTransfer
                0x00002dd4                EDMA_DRV_GetChannelStatus
                0x00002de4                EDMA_DRV_GetDmaRegBaseAddr
 .text          0x00002dec      0x284 edma_hw_access.o
                0x00002dec                EDMA_CancelTransfer
                0x00002dfe                EDMA_CancelTransferWithError
                0x00002e10                EDMA_SetErrorIntCmd
                0x00002e1a                EDMA_SetDmaRequestCmd
                0x00002e24                EDMA_TCDClearReg
                0x00002e6e                EDMA_Init
                0x00002e90                EDMA_TCDSetAttribute
                0x00002ec0                EDMA_TCDSetNbytes
                0x00002f1c                EDMA_TCDSetMinorLoopOffset
                0x00002f60                EDMA_TCDSetScatterGatherLink
                0x00002f6c                EDMA_TCDSetChannelMinorLink
                0x00002fd6                EDMA_TCDSetMajorCount
                0x00003034                EDMA_TCDGetCurrentMajorCount
                0x00003060                DMAMUX_Init
 .text          0x00003070       0xc8 edma_irq.o
                0x00003070                DMA0_IRQHandler
                0x0000307a                DMA1_IRQHandler
                0x00003084                DMA2_IRQHandler
                0x0000308e                DMA3_IRQHandler
                0x00003098                DMA4_IRQHandler
                0x000030a2                DMA5_IRQHandler
                0x000030ac                DMA6_IRQHandler
                0x000030b6                DMA7_IRQHandler
                0x000030c0                DMA8_IRQHandler
                0x000030ca                DMA9_IRQHandler
                0x000030d4                DMA10_IRQHandler
                0x000030de                DMA11_IRQHandler
                0x000030e8                DMA12_IRQHandler
                0x000030f2                DMA13_IRQHandler
                0x000030fc                DMA14_IRQHandler
                0x00003106                DMA15_IRQHandler
                0x00003110                DMA_Error_IRQHandler
 .text          0x00003138      0x1ac interrupt_manager.o
                0x00003138                INT_SYS_InstallHandler
                0x00003178                INT_SYS_EnableIRQ
                0x00003190                INT_SYS_DisableIRQ
                0x000031ac                INT_SYS_EnableIRQGlobal
                0x000031c8                INT_SYS_DisableIRQGlobal
                0x000031d8                INT_SYS_SetPriority
                0x00003230                INT_SYS_GetPriority
                0x00003274                INT_SYS_ClearPending
                0x00003290                INT_SYS_SetPending
                0x000032ac                INT_SYS_GetPending
                0x000032c8                INT_SYS_GetActive
 .text          0x000032e4     0x12cc lpi2c_driver.o
                0x000037dc                LPI2C_DRV_MasterDeinit
                0x00003810                LPI2C_DRV_MasterGetBaudRate
                0x00003848                LPI2C_DRV_MasterSetBaudRate
                0x00003970                LPI2C_DRV_MasterInit
                0x00003b38                LPI2C_DRV_MasterSetSlaveAddr
                0x00003b4c                LPI2C_DRV_MasterSendData
                0x00003bbc                LPI2C_DRV_MasterSendDataBlocking
                0x00003c08                LPI2C_DRV_MasterAbortTransferData
                0x00003c34                LPI2C_DRV_MasterReceiveData
                0x00003d10                LPI2C_DRV_MasterReceiveDataBlocking
                0x00003d5c                LPI2C_DRV_MasterGetTransferStatus
                0x00003da8                LPI2C_DRV_MasterGetDefaultConfig
                0x00003dc8                LPI2C_DRV_MasterIRQHandler
                0x00004010                LPI2C_DRV_SlaveInit
                0x00004160                LPI2C_DRV_SlaveDeinit
                0x000041c0                LPI2C_DRV_SlaveSetTxBuffer
                0x000041d4                LPI2C_DRV_SlaveSetRxBuffer
                0x000041e8                LPI2C_DRV_SlaveSendData
                0x00004260                LPI2C_DRV_SlaveSendDataBlocking
                0x000042a8                LPI2C_DRV_SlaveReceiveData
                0x00004320                LPI2C_DRV_SlaveReceiveDataBlocking
                0x00004368                LPI2C_DRV_SlaveGetTransferStatus
                0x00004398                LPI2C_DRV_SlaveAbortTransferData
                0x000043c0                LPI2C_DRV_SlaveGetDefaultConfig
                0x000043d8                LPI2C_DRV_SlaveIRQHandler
 .text          0x000045b0       0x1e lpi2c_hw_access.o
                0x000045b0                LPI2C_Init
 .text          0x000045ce       0x14 lpi2c_irq.o
                0x000045ce                LPI2C0_Master_IRQHandler
                0x000045d8                LPI2C0_Slave_IRQHandler
 *fill*         0x000045e2        0x2 
 .text          0x000045e4      0x62c lpit_driver.o
                0x000045e4                LPIT_DRV_GetDefaultConfig
                0x000045ec                LPIT_DRV_GetDefaultChanConfig
                0x0000460c                LPIT_DRV_Init
                0x000046b8                LPIT_DRV_Deinit
                0x000046c8                LPIT_DRV_StartTimerChannels
                0x000046d8                LPIT_DRV_StopTimerChannels
                0x000046e8                LPIT_DRV_SetTimerPeriodByUs
                0x00004794                LPIT_DRV_InitChannel
                0x0000491c                LPIT_DRV_SetTimerPeriodInDual16ModeByUs
                0x000049a0                LPIT_DRV_GetTimerPeriodByUs
                0x00004ab4                LPIT_DRV_GetCurrentTimerUs
                0x00004b6c                LPIT_DRV_SetTimerPeriodByCount
                0x00004b7c                LPIT_DRV_SetTimerPeriodInDual16ModeByCount
                0x00004b90                LPIT_DRV_GetTimerPeriodByCount
                0x00004bb4                LPIT_DRV_GetCurrentTimerCount
                0x00004bd8                LPIT_DRV_EnableTimerChannelInterrupt
                0x00004be8                LPIT_DRV_DisableTimerChannelInterrupt
                0x00004bf8                LPIT_DRV_GetInterruptFlagTimerChannels
                0x00004c04                LPIT_DRV_ClearInterruptFlagTimerChannels
 .text          0x00004c10       0xcc mbd_main.o
                0x00004c10                LPIT0_Ch0_IRQHandler
                0x00004c20                SYSTEM_INIT_TASK
                0x00004c28                SYSTEM_TASK
                0x00004c30                lpit0_init
                0x00004c74                lpit0_init_step_timer
                0x00004cb0                main
 .text          0x00004cdc      0x150 osif_baremetal.o
                0x00004cdc                SysTick_Handler
                0x00004cec                OSIF_TimeDelay
                0x00004d4c                OSIF_GetMilliseconds
                0x00004d58                OSIF_MutexLock
                0x00004d5c                OSIF_MutexUnlock
                0x00004d60                OSIF_MutexCreate
                0x00004d64                OSIF_MutexDestroy
                0x00004d68                OSIF_SemaWait
                0x00004dec                OSIF_SemaPost
                0x00004e12                OSIF_SemaCreate
                0x00004e26                OSIF_SemaDestroy
 .text          0x00004e2c      0x144 pins_driver.o
                0x00004e2c                PINS_DRV_Init
                0x00004e4c                PINS_DRV_SetPullSel
                0x00004e86                PINS_DRV_SetMuxModeSel
                0x00004e8e                PINS_DRV_SetPinIntSel
                0x00004ea4                PINS_DRV_GetPinIntSel
                0x00004eae                PINS_DRV_ClearPinIntFlagCmd
                0x00004ebc                PINS_DRV_EnableDigitalFilter
                0x00004ece                PINS_DRV_DisableDigitalFilter
                0x00004ee2                PINS_DRV_ConfigDigitalFilter
                0x00004ef8                PINS_DRV_GetPortIntFlag
                0x00004efe                PINS_DRV_ClearPortIntFlagCmd
                0x00004f08                PINS_DRV_GetPinsDirection
                0x00004f0c                PINS_DRV_SetPinDirection
                0x00004f24                PINS_DRV_SetPinsDirection
                0x00004f28                PINS_DRV_SetPortInputDisable
                0x00004f2c                PINS_DRV_GetPortInputDisable
                0x00004f30                PINS_DRV_SetGlobalPinControl
                0x00004f38                PINS_DRV_SetGlobalIntControl
                0x00004f40                PINS_DRV_WritePin
                0x00004f58                PINS_DRV_WritePins
                0x00004f5c                PINS_DRV_GetPinsOutput
                0x00004f60                PINS_DRV_SetPins
                0x00004f64                PINS_DRV_ClearPins
                0x00004f68                PINS_DRV_TogglePins
                0x00004f6c                PINS_DRV_ReadPins
 .text          0x00004f70      0x224 pins_port_hw_access.o
                0x00004fe0                PINS_Init
                0x000050f4                PINS_SetMuxModeSel
                0x00005144                PINS_SetGlobalPinControl
                0x00005170                PINS_SetGlobalIntControl
 .text          0x00005194      0x1d0 power_manager.o
                0x00005238                POWER_SYS_Init
                0x00005264                POWER_SYS_Deinit
                0x0000527c                POWER_SYS_GetLastMode
                0x00005294                POWER_SYS_GetLastModeConfig
                0x000052b0                POWER_SYS_GetErrorCallbackIndex
                0x000052bc                POWER_SYS_GetErrorCallback
                0x000052d8                POWER_SYS_SetMode
                0x00005358                POWER_SYS_GetDefaultConfig
 .text          0x00005364      0x504 power_manager_S32K1xx.o
                0x00005430                POWER_SYS_DoInit
                0x000054c8                POWER_SYS_DoDeinit
                0x000054dc                POWER_SYS_GetCurrentMode
                0x00005500                POWER_SYS_DoSetMode
                0x00005806                POWER_SYS_GetResetSrcStatusCmd
 .text          0x00005868      0x184 power_smc_hw_access.o
                0x000058d8                SMC_SetPowerMode
                0x000059d4                SMC_SetProtectionMode
 .text          0x000059ec      0x118 s32k_clock_init.o
                0x000059ec                Clock_Setup
                0x00005aec                UpdateSystickConfig
 .text          0x00005b04       0xd8 startup.o
                0x00005b04                init_data_bss
 .text          0x00005bdc       0xd4 system_S32K144.o
                0x00005bdc                SystemInit
                0x00005c18                SystemCoreClockUpdate
                0x00005c98                SystemSoftwareReset
 .text          0x00005cb0       0x30 c:/users/kamil/appdata/roaming/mathworks/matlab add-ons/toolboxes/nxp_mbdtoolbox_s32k1xx/tools/gcc-6.3-arm32-eabi/bin/../lib/gcc/arm-none-eabi/6.3.1/thumb/v7e-m/fpv4-sp/hard\libgcc.a(_aeabi_uldivmod.o)
                0x00005cb0                __aeabi_uldivmod
 .text          0x00005ce0      0x2e4 c:/users/kamil/appdata/roaming/mathworks/matlab add-ons/toolboxes/nxp_mbdtoolbox_s32k1xx/tools/gcc-6.3-arm32-eabi/bin/../lib/gcc/arm-none-eabi/6.3.1/thumb/v7e-m/fpv4-sp/hard\libgcc.a(_udivmoddi4.o)
                0x00005ce0                __udivmoddi4
 .text          0x00005fc4        0x4 c:/users/kamil/appdata/roaming/mathworks/matlab add-ons/toolboxes/nxp_mbdtoolbox_s32k1xx/tools/gcc-6.3-arm32-eabi/bin/../lib/gcc/arm-none-eabi/6.3.1/thumb/v7e-m/fpv4-sp/hard\libgcc.a(_dvmd_tls.o)
                0x00005fc4                __aeabi_idiv0
                0x00005fc4                __aeabi_ldiv0
 *(.text*)
 .text.memset   0x00005fc8       0x10 C:/Users/kamil/AppData/Roaming/MathWorks/MATLAB Add-Ons/Toolboxes/NXP_MBDToolbox_S32K1xx/tools/gcc-6.3-arm32-eabi/arm-none-eabi/newlib/lib/thumb/v7e-m/fpv4-sp/hard\libc.a(lib_a-memset.o)
                0x00005fc8                memset
 .text.startup.register_fini
                0x00005fd8       0x14 C:/Users/kamil/AppData/Roaming/MathWorks/MATLAB Add-Ons/Toolboxes/NXP_MBDToolbox_S32K1xx/tools/gcc-6.3-arm32-eabi/arm-none-eabi/newlib/lib/thumb/v7e-m/fpv4-sp/hard\libc.a(lib_a-__call_atexit.o)
 .text.__libc_fini_array
                0x00005fec       0x28 C:/Users/kamil/AppData/Roaming/MathWorks/MATLAB Add-Ons/Toolboxes/NXP_MBDToolbox_S32K1xx/tools/gcc-6.3-arm32-eabi/arm-none-eabi/newlib/lib/thumb/v7e-m/fpv4-sp/hard\libc.a(lib_a-fini.o)
                0x00005fec                __libc_fini_array
 .text.atexit   0x00006014        0xc C:/Users/kamil/AppData/Roaming/MathWorks/MATLAB Add-Ons/Toolboxes/NXP_MBDToolbox_S32K1xx/tools/gcc-6.3-arm32-eabi/arm-none-eabi/newlib/lib/thumb/v7e-m/fpv4-sp/hard\libc.a(lib_a-atexit.o)
                0x00006014                atexit
 .text.__register_exitproc
                0x00006020       0x98 C:/Users/kamil/AppData/Roaming/MathWorks/MATLAB Add-Ons/Toolboxes/NXP_MBDToolbox_S32K1xx/tools/gcc-6.3-arm32-eabi/arm-none-eabi/newlib/lib/thumb/v7e-m/fpv4-sp/hard\libc.a(lib_a-__atexit.o)
                0x00006020                __register_exitproc
 *(.rodata)
 .rodata        0x000060b8        0x8 Pressure_I2C_BMP388_2.o
                0x000060b8                Pressure_I2C_BMP388_2_U8GND
                0x000060bc                Pressure_I2C_BMP388_2_M
 .rodata        0x000060c0        0x3 Pressure_I2C_BMP388_2_data.o
                0x000060c0                Pressure_I2C_BMP388_2_ConstP
 *fill*         0x000060c3        0x1 
 .rodata        0x000060c4      0x20d clock_S32K1xx.o
                0x000061c0                clockNameMappings
                0x00006270                peripheralFeaturesList
 *fill*         0x000062d1        0x3 
 .rodata        0x000062d4       0x10 edma_driver.o
 .rodata        0x000062e4        0x2 lpi2c_driver.o
 *fill*         0x000062e6        0x2 
 .rodata        0x000062e8       0x1c mbd_main.o
 *(.rodata*)
 .rodata._global_impure_ptr
                0x00006304        0x4 C:/Users/kamil/AppData/Roaming/MathWorks/MATLAB Add-Ons/Toolboxes/NXP_MBDToolbox_S32K1xx/tools/gcc-6.3-arm32-eabi/arm-none-eabi/newlib/lib/thumb/v7e-m/fpv4-sp/hard\libc.a(lib_a-impure.o)
                0x00006304                _global_impure_ptr
 *(.glue_7)
 .glue_7        0x00006308        0x0 linker stubs
 *(.glue_7t)
 .glue_7t       0x00006308        0x0 linker stubs
 *(.eh_frame)
 .eh_frame      0x00006308        0x0 c:/users/kamil/appdata/roaming/mathworks/matlab add-ons/toolboxes/nxp_mbdtoolbox_s32k1xx/tools/gcc-6.3-arm32-eabi/bin/../lib/gcc/arm-none-eabi/6.3.1/thumb/v7e-m/fpv4-sp/hard/crtbegin.o
 *(.init)
 .init          0x00006308        0x4 c:/users/kamil/appdata/roaming/mathworks/matlab add-ons/toolboxes/nxp_mbdtoolbox_s32k1xx/tools/gcc-6.3-arm32-eabi/bin/../lib/gcc/arm-none-eabi/6.3.1/thumb/v7e-m/fpv4-sp/hard/crti.o
                0x00006308                _init
 .init          0x0000630c        0x8 c:/users/kamil/appdata/roaming/mathworks/matlab add-ons/toolboxes/nxp_mbdtoolbox_s32k1xx/tools/gcc-6.3-arm32-eabi/bin/../lib/gcc/arm-none-eabi/6.3.1/thumb/v7e-m/fpv4-sp/hard/crtn.o
 *(.fini)
 .fini          0x00006314        0x4 c:/users/kamil/appdata/roaming/mathworks/matlab add-ons/toolboxes/nxp_mbdtoolbox_s32k1xx/tools/gcc-6.3-arm32-eabi/bin/../lib/gcc/arm-none-eabi/6.3.1/thumb/v7e-m/fpv4-sp/hard/crti.o
                0x00006314                _fini
 .fini          0x00006318        0x8 c:/users/kamil/appdata/roaming/mathworks/matlab add-ons/toolboxes/nxp_mbdtoolbox_s32k1xx/tools/gcc-6.3-arm32-eabi/bin/../lib/gcc/arm-none-eabi/6.3.1/thumb/v7e-m/fpv4-sp/hard/crtn.o
                0x00006320                . = ALIGN (0x4)

.vfp11_veneer   0x00006320        0x0
 .vfp11_veneer  0x00006320        0x0 linker stubs

.v4_bx          0x00006320        0x0
 .v4_bx         0x00006320        0x0 linker stubs

.iplt           0x00006320        0x0
 .iplt          0x00006320        0x0 c:/users/kamil/appdata/roaming/mathworks/matlab add-ons/toolboxes/nxp_mbdtoolbox_s32k1xx/tools/gcc-6.3-arm32-eabi/bin/../lib/gcc/arm-none-eabi/6.3.1/thumb/v7e-m/fpv4-sp/hard/crtbegin.o

.ARM.extab
 *(.ARM.extab* .gnu.linkonce.armextab.*)

.ARM            0x00006320        0x8
                0x00006320                __exidx_start = .
 *(.ARM.exidx*)
 .ARM.exidx     0x00006320        0x8 c:/users/kamil/appdata/roaming/mathworks/matlab add-ons/toolboxes/nxp_mbdtoolbox_s32k1xx/tools/gcc-6.3-arm32-eabi/bin/../lib/gcc/arm-none-eabi/6.3.1/thumb/v7e-m/fpv4-sp/hard\libgcc.a(_udivmoddi4.o)
                0x00006328                __exidx_end = .

.rel.dyn        0x00006328        0x0
 .rel.iplt      0x00006328        0x0 c:/users/kamil/appdata/roaming/mathworks/matlab add-ons/toolboxes/nxp_mbdtoolbox_s32k1xx/tools/gcc-6.3-arm32-eabi/bin/../lib/gcc/arm-none-eabi/6.3.1/thumb/v7e-m/fpv4-sp/hard/crtbegin.o

.ctors          0x00006328        0x0
                0x00006328                __CTOR_LIST__ = .
 *crtbegin.o(.ctors)
 *crtbegin?.o(.ctors)
 *(EXCLUDE_FILE(*crtend.o *crtend?.o) .ctors)
 *(SORT(.ctors.*))
 *(.ctors)
                0x00006328                __CTOR_END__ = .

.dtors          0x00006328        0x0
                0x00006328                __DTOR_LIST__ = .
 *crtbegin.o(.dtors)
 *crtbegin?.o(.dtors)
 *(EXCLUDE_FILE(*crtend.o *crtend?.o) .dtors)
 *(SORT(.dtors.*))
 *(.dtors)
                0x00006328                __DTOR_END__ = .

.preinit_array  0x00006328        0x0
                0x00006328                PROVIDE (__preinit_array_start, .)
 *(.preinit_array*)
                0x00006328                PROVIDE (__preinit_array_end, .)

.init_array     0x00006328        0x8
                0x00006328                PROVIDE (__init_array_start, .)
 *(SORT(.init_array.*))
 .init_array.00000
                0x00006328        0x4 C:/Users/kamil/AppData/Roaming/MathWorks/MATLAB Add-Ons/Toolboxes/NXP_MBDToolbox_S32K1xx/tools/gcc-6.3-arm32-eabi/arm-none-eabi/newlib/lib/thumb/v7e-m/fpv4-sp/hard\libc.a(lib_a-__call_atexit.o)
 *(.init_array*)
 .init_array    0x0000632c        0x4 c:/users/kamil/appdata/roaming/mathworks/matlab add-ons/toolboxes/nxp_mbdtoolbox_s32k1xx/tools/gcc-6.3-arm32-eabi/bin/../lib/gcc/arm-none-eabi/6.3.1/thumb/v7e-m/fpv4-sp/hard/crtbegin.o
                0x00006330                PROVIDE (__init_array_end, .)

.fini_array     0x00006330        0x4
                0x00006330                PROVIDE (__fini_array_start, .)
 *(SORT(.fini_array.*))
 *(.fini_array*)
 .fini_array    0x00006330        0x4 c:/users/kamil/appdata/roaming/mathworks/matlab add-ons/toolboxes/nxp_mbdtoolbox_s32k1xx/tools/gcc-6.3-arm32-eabi/bin/../lib/gcc/arm-none-eabi/6.3.1/thumb/v7e-m/fpv4-sp/hard/crtbegin.o
                0x00006334                PROVIDE (__fini_array_end, .)
                0x00006334                __etext = .
                0x00006334                __DATA_ROM = .

.interrupts_ram
                0x1fff8000      0x400
                0x1fff8000                . = ALIGN (0x4)
                0x1fff8000                __VECTOR_RAM__ = .
                0x1fff8000                __RAM_START = .
                0x1fff8000                __interrupts_ram_start__ = .
 *(.m_interrupts_ram)
                0x1fff8400                . = (. + M_VECTOR_RAM_SIZE)
 *fill*         0x1fff8000      0x400 
                0x1fff8400                . = ALIGN (0x4)
                0x1fff8400                __interrupts_ram_end__ = .
                0x1fff8000                __VECTOR_RAM = DEFINED (__flash_vector_table__)?ORIGIN (m_interrupts):__VECTOR_RAM__
                0x00000400                __RAM_VECTOR_TABLE_SIZE = DEFINED (__flash_vector_table__)?0x0:(__interrupts_ram_end__ - __interrupts_ram_start__)

.data           0x1fff8400      0x4dc load address 0x00006334
                0x1fff8400                . = ALIGN (0x4)
                0x1fff8400                __DATA_RAM = .
                0x1fff8400                __data_start__ = .
 *(.data)
 .data          0x1fff8400       0x14 Pressure_I2C_BMP388_2.o
 .data          0x1fff8414       0xa0 clock_S32K1xx.o
 .data          0x1fff84b4        0x1 osif_baremetal.o
 *fill*         0x1fff84b5        0x3 
 .data          0x1fff84b8        0x4 system_S32K144.o
                0x1fff84b8                SystemCoreClock
 *(.data*)
 *fill*         0x1fff84bc        0x4 
 .data.impure_data
                0x1fff84c0      0x418 C:/Users/kamil/AppData/Roaming/MathWorks/MATLAB Add-Ons/Toolboxes/NXP_MBDToolbox_S32K1xx/tools/gcc-6.3-arm32-eabi/arm-none-eabi/newlib/lib/thumb/v7e-m/fpv4-sp/hard\libc.a(lib_a-impure.o)
 *(.jcr*)
 .jcr           0x1fff88d8        0x0 c:/users/kamil/appdata/roaming/mathworks/matlab add-ons/toolboxes/nxp_mbdtoolbox_s32k1xx/tools/gcc-6.3-arm32-eabi/bin/../lib/gcc/arm-none-eabi/6.3.1/thumb/v7e-m/fpv4-sp/hard/crtbegin.o
 .jcr           0x1fff88d8        0x4 c:/users/kamil/appdata/roaming/mathworks/matlab add-ons/toolboxes/nxp_mbdtoolbox_s32k1xx/tools/gcc-6.3-arm32-eabi/bin/../lib/gcc/arm-none-eabi/6.3.1/thumb/v7e-m/fpv4-sp/hard/crtend.o
                0x1fff88dc                . = ALIGN (0x4)
                0x1fff88dc                __data_end__ = .
                0x00006810                __DATA_END = (__DATA_ROM + (__data_end__ - __data_start__))
                0x00006810                __CODE_ROM = __DATA_END

.tm_clone_table
                0x1fff88dc        0x0 load address 0x00006810
 .tm_clone_table
                0x1fff88dc        0x0 c:/users/kamil/appdata/roaming/mathworks/matlab add-ons/toolboxes/nxp_mbdtoolbox_s32k1xx/tools/gcc-6.3-arm32-eabi/bin/../lib/gcc/arm-none-eabi/6.3.1/thumb/v7e-m/fpv4-sp/hard/crtbegin.o
 .tm_clone_table
                0x1fff88dc        0x0 c:/users/kamil/appdata/roaming/mathworks/matlab add-ons/toolboxes/nxp_mbdtoolbox_s32k1xx/tools/gcc-6.3-arm32-eabi/bin/../lib/gcc/arm-none-eabi/6.3.1/thumb/v7e-m/fpv4-sp/hard/crtend.o

.igot.plt       0x1fff88dc        0x0 load address 0x00006810
 .igot.plt      0x1fff88dc        0x0 c:/users/kamil/appdata/roaming/mathworks/matlab add-ons/toolboxes/nxp_mbdtoolbox_s32k1xx/tools/gcc-6.3-arm32-eabi/bin/../lib/gcc/arm-none-eabi/6.3.1/thumb/v7e-m/fpv4-sp/hard/crtbegin.o

.code           0x1fff88dc        0x0 load address 0x00006810
                0x1fff88dc                . = ALIGN (0x4)
                0x1fff88dc                __CODE_RAM = .
                0x1fff88dc                __code_start__ = .
                0x1fff88dc                __code_ram_start__ = .
 *(.code_ram)
                0x1fff88dc                . = ALIGN (0x4)
                0x1fff88dc                __code_end__ = .
                0x1fff88dc                __code_ram_end__ = .
                0x00006810                __CODE_END = (__CODE_ROM + (__code_end__ - __code_start__))
                0x00006810                __CUSTOM_ROM = __CODE_END

.customSectionBlock
                0x20000000        0x0 load address 0x00006810
                0x20000000                __customSection_start__ = .
 *(.customSection)
                0x20000000                __customSection_end__ = .
                0x00006810                __CUSTOM_END = (__CUSTOM_ROM + (__customSection_end__ - __customSection_start__))

.bss            0x20000000       0xc8
                0x20000000                . = ALIGN (0x4)
                0x20000000                __BSS_START = .
                0x20000000                __bss_start__ = .
 *(.bss)
 .bss           0x20000000       0x1c c:/users/kamil/appdata/roaming/mathworks/matlab add-ons/toolboxes/nxp_mbdtoolbox_s32k1xx/tools/gcc-6.3-arm32-eabi/bin/../lib/gcc/arm-none-eabi/6.3.1/thumb/v7e-m/fpv4-sp/hard/crtbegin.o
 .bss           0x2000001c        0x4 Pressure_I2C_BMP388_2.o
 .bss           0x20000020       0x10 clock_S32K1xx.o
 .bss           0x20000030        0x4 edma_driver.o
 .bss           0x20000034        0x4 interrupt_manager.o
 .bss           0x20000038        0x8 lpi2c_driver.o
 .bss           0x20000040        0x4 lpit_driver.o
 .bss           0x20000044        0x4 osif_baremetal.o
 .bss           0x20000048        0xc power_manager_S32K1xx.o
 *(.bss*)
 *(COMMON)
 COMMON         0x20000054       0x50 Pressure_I2C_BMP388_2.o
                0x20000054                pressure_digital
                0x2000005c                Pressure_I2C_BMP388_2_B
                0x20000064                Pressure_I2C_BMP388_2_DW
                0x20000068                lpi2cMasterState0
 COMMON         0x200000a4       0x14 clock_S32K1xx.o
                0x200000a4                g_xtal0ClkFreq
                0x200000a8                g_RtcClkInFreq
                0x200000ac                g_TClkFreq
 COMMON         0x200000b8       0x10 power_manager_S32K1xx.o
                0x200000b8                gPowerManagerState
                0x200000c8                . = ALIGN (0x4)
                0x200000c8                __bss_end__ = .
                0x200000c8                __BSS_END = .

.heap           0x200000c8      0x400
                0x200000c8                . = ALIGN (0x8)
                0x200000c8                __end__ = .
                0x200000c8                __heap_start__ = .
                [!provide]                PROVIDE (end, .)
                [!provide]                PROVIDE (_end, .)
                [!provide]                PROVIDE (__end, .)
                0x200000c8                __HeapBase = .
                0x200004c8                . = (. + HEAP_SIZE)
 *fill*         0x200000c8      0x400 
                0x200004c8                __HeapLimit = .
                0x200004c8                __heap_limit = .
                0x200004c8                __heap_end__ = .
                0x20007000                __StackTop = (ORIGIN (m_data_2) + LENGTH (m_data_2))
                0x20006c00                __StackLimit = (__StackTop - STACK_SIZE)
                0x20007000                PROVIDE (__stack, __StackTop)
                0x20007000                __RAM_END = __StackTop

.stack          0x20006c00      0x400
                0x20006c00                . = ALIGN (0x8)
                0x20006c00                __stack_start__ = .
                0x20007000                . = (. + STACK_SIZE)
 *fill*         0x20006c00      0x400 
                0x20007000                __stack_end__ = .

.ARM.attributes
                0x00000000       0x30
 *(.ARM.attributes)
 .ARM.attributes
                0x00000000       0x22 c:/users/kamil/appdata/roaming/mathworks/matlab add-ons/toolboxes/nxp_mbdtoolbox_s32k1xx/tools/gcc-6.3-arm32-eabi/bin/../lib/gcc/arm-none-eabi/6.3.1/thumb/v7e-m/fpv4-sp/hard/crti.o
 .ARM.attributes
                0x00000022       0x34 c:/users/kamil/appdata/roaming/mathworks/matlab add-ons/toolboxes/nxp_mbdtoolbox_s32k1xx/tools/gcc-6.3-arm32-eabi/bin/../lib/gcc/arm-none-eabi/6.3.1/thumb/v7e-m/fpv4-sp/hard/crtbegin.o
 .ARM.attributes
                0x00000056       0x1f startup_S32K144.o
 .ARM.attributes
                0x00000075       0x39 Pressure_I2C_BMP388_2.o
 .ARM.attributes
                0x000000ae       0x39 Pressure_I2C_BMP388_2_data.o
 .ARM.attributes
                0x000000e7       0x39 clock_S32K1xx.o
 .ARM.attributes
                0x00000120       0x39 edma_driver.o
 .ARM.attributes
                0x00000159       0x39 edma_hw_access.o
 .ARM.attributes
                0x00000192       0x39 edma_irq.o
 .ARM.attributes
                0x000001cb       0x39 interrupt_manager.o
 .ARM.attributes
                0x00000204       0x39 lpi2c_driver.o
 .ARM.attributes
                0x0000023d       0x39 lpi2c_hw_access.o
 .ARM.attributes
                0x00000276       0x39 lpi2c_irq.o
 .ARM.attributes
                0x000002af       0x39 lpit_driver.o
 .ARM.attributes
                0x000002e8       0x39 mbd_main.o
 .ARM.attributes
                0x00000321       0x39 osif_baremetal.o
 .ARM.attributes
                0x0000035a       0x39 pins_driver.o
 .ARM.attributes
                0x00000393       0x39 pins_port_hw_access.o
 .ARM.attributes
                0x000003cc       0x39 power_manager.o
 .ARM.attributes
                0x00000405       0x39 power_manager_S32K1xx.o
 .ARM.attributes
                0x0000043e       0x39 power_smc_hw_access.o
 .ARM.attributes
                0x00000477       0x39 s32k_clock_init.o
 .ARM.attributes
                0x000004b0       0x39 startup.o
 .ARM.attributes
                0x000004e9       0x39 system_S32K144.o
 .ARM.attributes
                0x00000522       0x22 c:/users/kamil/appdata/roaming/mathworks/matlab add-ons/toolboxes/nxp_mbdtoolbox_s32k1xx/tools/gcc-6.3-arm32-eabi/bin/../lib/gcc/arm-none-eabi/6.3.1/thumb/v7e-m/fpv4-sp/hard\libgcc.a(_aeabi_uldivmod.o)
 .ARM.attributes
                0x00000544       0x34 c:/users/kamil/appdata/roaming/mathworks/matlab add-ons/toolboxes/nxp_mbdtoolbox_s32k1xx/tools/gcc-6.3-arm32-eabi/bin/../lib/gcc/arm-none-eabi/6.3.1/thumb/v7e-m/fpv4-sp/hard\libgcc.a(_udivmoddi4.o)
 .ARM.attributes
                0x00000578       0x22 c:/users/kamil/appdata/roaming/mathworks/matlab add-ons/toolboxes/nxp_mbdtoolbox_s32k1xx/tools/gcc-6.3-arm32-eabi/bin/../lib/gcc/arm-none-eabi/6.3.1/thumb/v7e-m/fpv4-sp/hard\libgcc.a(_dvmd_tls.o)
 .ARM.attributes
                0x0000059a       0x34 C:/Users/kamil/AppData/Roaming/MathWorks/MATLAB Add-Ons/Toolboxes/NXP_MBDToolbox_S32K1xx/tools/gcc-6.3-arm32-eabi/arm-none-eabi/newlib/lib/thumb/v7e-m/fpv4-sp/hard\libc.a(lib_a-impure.o)
 .ARM.attributes
                0x000005ce       0x34 C:/Users/kamil/AppData/Roaming/MathWorks/MATLAB Add-Ons/Toolboxes/NXP_MBDToolbox_S32K1xx/tools/gcc-6.3-arm32-eabi/arm-none-eabi/newlib/lib/thumb/v7e-m/fpv4-sp/hard\libc.a(lib_a-memset.o)
 .ARM.attributes
                0x00000602       0x34 C:/Users/kamil/AppData/Roaming/MathWorks/MATLAB Add-Ons/Toolboxes/NXP_MBDToolbox_S32K1xx/tools/gcc-6.3-arm32-eabi/arm-none-eabi/newlib/lib/thumb/v7e-m/fpv4-sp/hard\libc.a(lib_a-__call_atexit.o)
 .ARM.attributes
                0x00000636       0x34 C:/Users/kamil/AppData/Roaming/MathWorks/MATLAB Add-Ons/Toolboxes/NXP_MBDToolbox_S32K1xx/tools/gcc-6.3-arm32-eabi/arm-none-eabi/newlib/lib/thumb/v7e-m/fpv4-sp/hard\libc.a(lib_a-fini.o)
 .ARM.attributes
                0x0000066a       0x34 C:/Users/kamil/AppData/Roaming/MathWorks/MATLAB Add-Ons/Toolboxes/NXP_MBDToolbox_S32K1xx/tools/gcc-6.3-arm32-eabi/arm-none-eabi/newlib/lib/thumb/v7e-m/fpv4-sp/hard\libc.a(lib_a-atexit.o)
 .ARM.attributes
                0x0000069e       0x34 C:/Users/kamil/AppData/Roaming/MathWorks/MATLAB Add-Ons/Toolboxes/NXP_MBDToolbox_S32K1xx/tools/gcc-6.3-arm32-eabi/arm-none-eabi/newlib/lib/thumb/v7e-m/fpv4-sp/hard\libc.a(lib_a-__atexit.o)
 .ARM.attributes
                0x000006d2       0x34 c:/users/kamil/appdata/roaming/mathworks/matlab add-ons/toolboxes/nxp_mbdtoolbox_s32k1xx/tools/gcc-6.3-arm32-eabi/bin/../lib/gcc/arm-none-eabi/6.3.1/thumb/v7e-m/fpv4-sp/hard/crtend.o
 .ARM.attributes
                0x00000706       0x22 c:/users/kamil/appdata/roaming/mathworks/matlab add-ons/toolboxes/nxp_mbdtoolbox_s32k1xx/tools/gcc-6.3-arm32-eabi/bin/../lib/gcc/arm-none-eabi/6.3.1/thumb/v7e-m/fpv4-sp/hard/crtn.o
                0x00000001                ASSERT ((__StackLimit >= __HeapLimit), region m_data_2 overflowed with stack and heap)
OUTPUT(Pressure_I2C_BMP388_2.elf elf32-littlearm)

.comment        0x00000000       0xa0
 .comment       0x00000000       0xa0 c:/users/kamil/appdata/roaming/mathworks/matlab add-ons/toolboxes/nxp_mbdtoolbox_s32k1xx/tools/gcc-6.3-arm32-eabi/bin/../lib/gcc/arm-none-eabi/6.3.1/thumb/v7e-m/fpv4-sp/hard/crtbegin.o
                                 0xa1 (size before relaxing)
 .comment       0x000000a0       0xa1 Pressure_I2C_BMP388_2.o
 .comment       0x000000a0       0xa1 Pressure_I2C_BMP388_2_data.o
 .comment       0x000000a0       0xa1 clock_S32K1xx.o
 .comment       0x000000a0       0xa1 edma_driver.o
 .comment       0x000000a0       0xa1 edma_hw_access.o
 .comment       0x000000a0       0xa1 edma_irq.o
 .comment       0x000000a0       0xa1 interrupt_manager.o
 .comment       0x000000a0       0xa1 lpi2c_driver.o
 .comment       0x000000a0       0xa1 lpi2c_hw_access.o
 .comment       0x000000a0       0xa1 lpi2c_irq.o
 .comment       0x000000a0       0xa1 lpit_driver.o
 .comment       0x000000a0       0xa1 mbd_main.o
 .comment       0x000000a0       0xa1 osif_baremetal.o
 .comment       0x000000a0       0xa1 pins_driver.o
 .comment       0x000000a0       0xa1 pins_port_hw_access.o
 .comment       0x000000a0       0xa1 power_manager.o
 .comment       0x000000a0       0xa1 power_manager_S32K1xx.o
 .comment       0x000000a0       0xa1 power_smc_hw_access.o
 .comment       0x000000a0       0xa1 s32k_clock_init.o
 .comment       0x000000a0       0xa1 startup.o
 .comment       0x000000a0       0xa1 system_S32K144.o
 .comment       0x000000a0       0xa1 c:/users/kamil/appdata/roaming/mathworks/matlab add-ons/toolboxes/nxp_mbdtoolbox_s32k1xx/tools/gcc-6.3-arm32-eabi/bin/../lib/gcc/arm-none-eabi/6.3.1/thumb/v7e-m/fpv4-sp/hard/crtend.o

.debug_line     0x00000000     0x4eaa
 .debug_line    0x00000000       0x6e startup_S32K144.o
 .debug_line    0x0000006e      0x319 Pressure_I2C_BMP388_2.o
 .debug_line    0x00000387      0x241 Pressure_I2C_BMP388_2_data.o
 .debug_line    0x000005c8      0xede clock_S32K1xx.o
 .debug_line    0x000014a6      0x669 edma_driver.o
 .debug_line    0x00001b0f      0x278 edma_hw_access.o
 .debug_line    0x00001d87      0x1e1 edma_irq.o
 .debug_line    0x00001f68      0x254 interrupt_manager.o
 .debug_line    0x000021bc      0xb42 lpi2c_driver.o
 .debug_line    0x00002cfe      0x1c5 lpi2c_hw_access.o
 .debug_line    0x00002ec3       0x3f lpi2c_irq.o
 .debug_line    0x00002f02      0x45b lpit_driver.o
 .debug_line    0x0000335d      0x2be mbd_main.o
 .debug_line    0x0000361b      0x2a0 osif_baremetal.o
 .debug_line    0x000038bb      0x32e pins_driver.o
 .debug_line    0x00003be9      0x27b pins_port_hw_access.o
 .debug_line    0x00003e64      0x279 power_manager.o
 .debug_line    0x000040dd      0x51b power_manager_S32K1xx.o
 .debug_line    0x000045f8      0x2cf power_smc_hw_access.o
 .debug_line    0x000048c7      0x252 s32k_clock_init.o
 .debug_line    0x00004b19      0x1bb startup.o
 .debug_line    0x00004cd4      0x1d6 system_S32K144.o

.debug_info     0x00000000    0x19d69
 .debug_info    0x00000000       0x26 startup_S32K144.o
 .debug_info    0x00000026     0x1409 Pressure_I2C_BMP388_2.o
 .debug_info    0x0000142f      0x45b Pressure_I2C_BMP388_2_data.o
 .debug_info    0x0000188a     0x530a clock_S32K1xx.o
 .debug_info    0x00006b94     0x320c edma_driver.o
 .debug_info    0x00009da0      0x94e edma_hw_access.o
 .debug_info    0x0000a6ee      0x554 edma_irq.o
 .debug_info    0x0000ac42      0x997 interrupt_manager.o
 .debug_info    0x0000b5d9     0x4d3f lpi2c_driver.o
 .debug_info    0x00010318      0x439 lpi2c_hw_access.o
 .debug_info    0x00010751       0xa3 lpi2c_irq.o
 .debug_info    0x000107f4     0x1b2d lpit_driver.o
 .debug_info    0x00012321      0xcd0 mbd_main.o
 .debug_info    0x00012ff1      0xa36 osif_baremetal.o
 .debug_info    0x00013a27     0x1360 pins_driver.o
 .debug_info    0x00014d87      0x89d pins_port_hw_access.o
 .debug_info    0x00015624      0x7dc power_manager.o
 .debug_info    0x00015e00     0x1718 power_manager_S32K1xx.o
 .debug_info    0x00017518      0xc0c power_smc_hw_access.o
 .debug_info    0x00018124     0x1477 s32k_clock_init.o
 .debug_info    0x0001959b      0x2ad startup.o
 .debug_info    0x00019848      0x521 system_S32K144.o

.debug_abbrev   0x00000000     0x2cc2
 .debug_abbrev  0x00000000       0x14 startup_S32K144.o
 .debug_abbrev  0x00000014      0x2bf Pressure_I2C_BMP388_2.o
 .debug_abbrev  0x000002d3       0xbd Pressure_I2C_BMP388_2_data.o
 .debug_abbrev  0x00000390      0x37b clock_S32K1xx.o
 .debug_abbrev  0x0000070b      0x3aa edma_driver.o
 .debug_abbrev  0x00000ab5      0x1e2 edma_hw_access.o
 .debug_abbrev  0x00000c97      0x17b edma_irq.o
 .debug_abbrev  0x00000e12      0x1e5 interrupt_manager.o
 .debug_abbrev  0x00000ff7      0x3c8 lpi2c_driver.o
 .debug_abbrev  0x000013bf      0x16b lpi2c_hw_access.o
 .debug_abbrev  0x0000152a       0x3f lpi2c_irq.o
 .debug_abbrev  0x00001569      0x360 lpit_driver.o
 .debug_abbrev  0x000018c9      0x20d mbd_main.o
 .debug_abbrev  0x00001ad6      0x26a osif_baremetal.o
 .debug_abbrev  0x00001d40      0x2a7 pins_driver.o
 .debug_abbrev  0x00001fe7      0x1e1 pins_port_hw_access.o
 .debug_abbrev  0x000021c8      0x1e6 power_manager.o
 .debug_abbrev  0x000023ae      0x363 power_manager_S32K1xx.o
 .debug_abbrev  0x00002711      0x240 power_smc_hw_access.o
 .debug_abbrev  0x00002951      0x15a s32k_clock_init.o
 .debug_abbrev  0x00002aab       0xdd startup.o
 .debug_abbrev  0x00002b88      0x13a system_S32K144.o

.debug_aranges  0x00000000      0x2b8
 .debug_aranges
                0x00000000       0x20 startup_S32K144.o
 .debug_aranges
                0x00000020       0x20 Pressure_I2C_BMP388_2.o
 .debug_aranges
                0x00000040       0x18 Pressure_I2C_BMP388_2_data.o
 .debug_aranges
                0x00000058       0x20 clock_S32K1xx.o
 .debug_aranges
                0x00000078       0x20 edma_driver.o
 .debug_aranges
                0x00000098       0x20 edma_hw_access.o
 .debug_aranges
                0x000000b8       0x20 edma_irq.o
 .debug_aranges
                0x000000d8       0x20 interrupt_manager.o
 .debug_aranges
                0x000000f8       0x20 lpi2c_driver.o
 .debug_aranges
                0x00000118       0x20 lpi2c_hw_access.o
 .debug_aranges
                0x00000138       0x20 lpi2c_irq.o
 .debug_aranges
                0x00000158       0x20 lpit_driver.o
 .debug_aranges
                0x00000178       0x20 mbd_main.o
 .debug_aranges
                0x00000198       0x20 osif_baremetal.o
 .debug_aranges
                0x000001b8       0x20 pins_driver.o
 .debug_aranges
                0x000001d8       0x20 pins_port_hw_access.o
 .debug_aranges
                0x000001f8       0x20 power_manager.o
 .debug_aranges
                0x00000218       0x20 power_manager_S32K1xx.o
 .debug_aranges
                0x00000238       0x20 power_smc_hw_access.o
 .debug_aranges
                0x00000258       0x20 s32k_clock_init.o
 .debug_aranges
                0x00000278       0x20 startup.o
 .debug_aranges
                0x00000298       0x20 system_S32K144.o

.debug_str      0x00000000     0x9869
 .debug_str     0x00000000       0x76 startup_S32K144.o
 .debug_str     0x00000076     0x1aa1 Pressure_I2C_BMP388_2.o
                               0x1ba1 (size before relaxing)
 .debug_str     0x00001b17       0x1d Pressure_I2C_BMP388_2_data.o
                                0x803 (size before relaxing)
 .debug_str     0x00001b34     0x28a6 clock_S32K1xx.o
                               0x3935 (size before relaxing)
 .debug_str     0x000043da     0x1ceb edma_driver.o
                               0x28b5 (size before relaxing)
 .debug_str     0x000060c5      0x155 edma_hw_access.o
                                0x7ce (size before relaxing)
 .debug_str     0x0000621a      0x141 edma_irq.o
                                0x49b (size before relaxing)
 .debug_str     0x0000635b      0x30b interrupt_manager.o
                                0xb51 (size before relaxing)
 .debug_str     0x00006666     0x126e lpi2c_driver.o
                               0x3262 (size before relaxing)
 .debug_str     0x000078d4       0x58 lpi2c_hw_access.o
                                0x3b1 (size before relaxing)
 .debug_str     0x0000792c       0x3d lpi2c_irq.o
                                0x23e (size before relaxing)
 .debug_str     0x00007969      0x81d lpit_driver.o
                               0x1cf7 (size before relaxing)
 .debug_str     0x00008186       0x85 mbd_main.o
                               0x118e (size before relaxing)
 .debug_str     0x0000820b      0x1b9 osif_baremetal.o
                               0x1091 (size before relaxing)
 .debug_str     0x000083c4      0x571 pins_driver.o
                               0x13d9 (size before relaxing)
 .debug_str     0x00008935      0x1cb pins_port_hw_access.o
                                0x910 (size before relaxing)
 .debug_str     0x00008b00      0x4dd power_manager.o
                                0xff8 (size before relaxing)
 .debug_str     0x00008fdd      0x501 power_manager_S32K1xx.o
                               0x1930 (size before relaxing)
 .debug_str     0x000094de      0x141 power_smc_hw_access.o
                                0xed0 (size before relaxing)
 .debug_str     0x0000961f       0xa9 s32k_clock_init.o
                               0x2242 (size before relaxing)
 .debug_str     0x000096c8      0x112 startup.o
                                0x409 (size before relaxing)
 .debug_str     0x000097da       0x8f system_S32K144.o
                                0x40a (size before relaxing)

.debug_loc      0x00000000     0xc8be
 .debug_loc     0x00000000      0x1f5 Pressure_I2C_BMP388_2.o
 .debug_loc     0x000001f5     0x4418 clock_S32K1xx.o
 .debug_loc     0x0000460d     0x1f14 edma_driver.o
 .debug_loc     0x00006521      0x551 edma_hw_access.o
 .debug_loc     0x00006a72       0x50 edma_irq.o
 .debug_loc     0x00006ac2      0x1aa interrupt_manager.o
 .debug_loc     0x00006c6c     0x32ec lpi2c_driver.o
 .debug_loc     0x00009f58       0x94 lpi2c_hw_access.o
 .debug_loc     0x00009fec      0xbe4 lpit_driver.o
 .debug_loc     0x0000abd0       0xac mbd_main.o
 .debug_loc     0x0000ac7c      0x1cd osif_baremetal.o
 .debug_loc     0x0000ae49      0x53e pins_driver.o
 .debug_loc     0x0000b387      0x48a pins_port_hw_access.o
 .debug_loc     0x0000b811      0x316 power_manager.o
 .debug_loc     0x0000bb27      0x701 power_manager_S32K1xx.o
 .debug_loc     0x0000c228      0x49f power_smc_hw_access.o
 .debug_loc     0x0000c6c7       0x20 s32k_clock_init.o
 .debug_loc     0x0000c6e7       0xec startup.o
 .debug_loc     0x0000c7d3       0xeb system_S32K144.o

.debug_frame    0x00000000     0x1998
 .debug_frame   0x00000000       0x78 Pressure_I2C_BMP388_2.o
 .debug_frame   0x00000078      0x39c clock_S32K1xx.o
 .debug_frame   0x00000414      0x388 edma_driver.o
 .debug_frame   0x0000079c      0x144 edma_hw_access.o
 .debug_frame   0x000008e0      0x1ac edma_irq.o
 .debug_frame   0x00000a8c       0xd8 interrupt_manager.o
 .debug_frame   0x00000b64      0x410 lpi2c_driver.o
 .debug_frame   0x00000f74       0x20 lpi2c_hw_access.o
 .debug_frame   0x00000f94       0x40 lpi2c_irq.o
 .debug_frame   0x00000fd4      0x1ac lpit_driver.o
 .debug_frame   0x00001180       0xa4 mbd_main.o
 .debug_frame   0x00001224       0xf8 osif_baremetal.o
 .debug_frame   0x0000131c      0x1e4 pins_driver.o
 .debug_frame   0x00001500       0x98 pins_port_hw_access.o
 .debug_frame   0x00001598       0xe0 power_manager.o
 .debug_frame   0x00001678       0xc4 power_manager_S32K1xx.o
 .debug_frame   0x0000173c       0x58 power_smc_hw_access.o
 .debug_frame   0x00001794       0x44 s32k_clock_init.o
 .debug_frame   0x000017d8       0x2c startup.o
 .debug_frame   0x00001804       0x40 system_S32K144.o
 .debug_frame   0x00001844       0x2c c:/users/kamil/appdata/roaming/mathworks/matlab add-ons/toolboxes/nxp_mbdtoolbox_s32k1xx/tools/gcc-6.3-arm32-eabi/bin/../lib/gcc/arm-none-eabi/6.3.1/thumb/v7e-m/fpv4-sp/hard\libgcc.a(_aeabi_uldivmod.o)
 .debug_frame   0x00001870       0x34 c:/users/kamil/appdata/roaming/mathworks/matlab add-ons/toolboxes/nxp_mbdtoolbox_s32k1xx/tools/gcc-6.3-arm32-eabi/bin/../lib/gcc/arm-none-eabi/6.3.1/thumb/v7e-m/fpv4-sp/hard\libgcc.a(_udivmoddi4.o)
 .debug_frame   0x000018a4       0x20 C:/Users/kamil/AppData/Roaming/MathWorks/MATLAB Add-Ons/Toolboxes/NXP_MBDToolbox_S32K1xx/tools/gcc-6.3-arm32-eabi/arm-none-eabi/newlib/lib/thumb/v7e-m/fpv4-sp/hard\libc.a(lib_a-memset.o)
 .debug_frame   0x000018c4       0x4c C:/Users/kamil/AppData/Roaming/MathWorks/MATLAB Add-Ons/Toolboxes/NXP_MBDToolbox_S32K1xx/tools/gcc-6.3-arm32-eabi/arm-none-eabi/newlib/lib/thumb/v7e-m/fpv4-sp/hard\libc.a(lib_a-__call_atexit.o)
 .debug_frame   0x00001910       0x38 C:/Users/kamil/AppData/Roaming/MathWorks/MATLAB Add-Ons/Toolboxes/NXP_MBDToolbox_S32K1xx/tools/gcc-6.3-arm32-eabi/arm-none-eabi/newlib/lib/thumb/v7e-m/fpv4-sp/hard\libc.a(lib_a-fini.o)
 .debug_frame   0x00001948       0x20 C:/Users/kamil/AppData/Roaming/MathWorks/MATLAB Add-Ons/Toolboxes/NXP_MBDToolbox_S32K1xx/tools/gcc-6.3-arm32-eabi/arm-none-eabi/newlib/lib/thumb/v7e-m/fpv4-sp/hard\libc.a(lib_a-atexit.o)
 .debug_frame   0x00001968       0x30 C:/Users/kamil/AppData/Roaming/MathWorks/MATLAB Add-Ons/Toolboxes/NXP_MBDToolbox_S32K1xx/tools/gcc-6.3-arm32-eabi/arm-none-eabi/newlib/lib/thumb/v7e-m/fpv4-sp/hard\libc.a(lib_a-__atexit.o)

.debug_ranges   0x00000000      0x748
 .debug_ranges  0x00000000      0x2e8 clock_S32K1xx.o
 .debug_ranges  0x000002e8       0x30 edma_driver.o
 .debug_ranges  0x00000318       0x18 edma_hw_access.o
 .debug_ranges  0x00000330       0x38 interrupt_manager.o
 .debug_ranges  0x00000368      0x1e0 lpi2c_driver.o
 .debug_ranges  0x00000548       0x48 lpit_driver.o
 .debug_ranges  0x00000590       0x30 osif_baremetal.o
 .debug_ranges  0x000005c0       0x20 power_manager.o
 .debug_ranges  0x000005e0      0x148 power_manager_S32K1xx.o
 .debug_ranges  0x00000728       0x20 power_smc_hw_access.o
