Archive member included to satisfy reference by file (symbol)

c:/users/kamil/appdata/roaming/mathworks/matlab add-ons/toolboxes/nxp_mbdtoolbox_s32k1xx/tools/gcc-6.3-arm32-eabi/bin/../lib/gcc/arm-none-eabi/6.3.1/thumb/v7e-m/fpv4-sp/hard\libgcc.a(_aeabi_uldivmod.o)
                              lpit_driver.o (__aeabi_uldivmod)
c:/users/kamil/appdata/roaming/mathworks/matlab add-ons/toolboxes/nxp_mbdtoolbox_s32k1xx/tools/gcc-6.3-arm32-eabi/bin/../lib/gcc/arm-none-eabi/6.3.1/thumb/v7e-m/fpv4-sp/hard\libgcc.a(_udivmoddi4.o)
                              c:/users/kamil/appdata/roaming/mathworks/matlab add-ons/toolboxes/nxp_mbdtoolbox_s32k1xx/tools/gcc-6.3-arm32-eabi/bin/../lib/gcc/arm-none-eabi/6.3.1/thumb/v7e-m/fpv4-sp/hard\libgcc.a(_aeabi_uldivmod.o) (__udivmoddi4)
c:/users/kamil/appdata/roaming/mathworks/matlab add-ons/toolboxes/nxp_mbdtoolbox_s32k1xx/tools/gcc-6.3-arm32-eabi/bin/../lib/gcc/arm-none-eabi/6.3.1/thumb/v7e-m/fpv4-sp/hard\libgcc.a(_dvmd_tls.o)
                              c:/users/kamil/appdata/roaming/mathworks/matlab add-ons/toolboxes/nxp_mbdtoolbox_s32k1xx/tools/gcc-6.3-arm32-eabi/bin/../lib/gcc/arm-none-eabi/6.3.1/thumb/v7e-m/fpv4-sp/hard\libgcc.a(_aeabi_uldivmod.o) (__aeabi_ldiv0)
C:/Users/kamil/AppData/Roaming/MathWorks/MATLAB Add-Ons/Toolboxes/NXP_MBDToolbox_S32K1xx/tools/gcc-6.3-arm32-eabi/arm-none-eabi/newlib/lib/thumb/v7e-m/fpv4-sp/hard\libc.a(lib_a-exit.o)
                              C:/Users/kamil/AppData/Roaming/MathWorks/MATLAB Add-Ons/Toolboxes/NXP_MBDToolbox_S32K1xx/tools/gcc-6.3-arm32-eabi/arm-none-eabi/newlib/lib/thumb/v7e-m/fpv4-sp/hard/crt0.o (exit)
C:/Users/kamil/AppData/Roaming/MathWorks/MATLAB Add-Ons/Toolboxes/NXP_MBDToolbox_S32K1xx/tools/gcc-6.3-arm32-eabi/arm-none-eabi/newlib/lib/thumb/v7e-m/fpv4-sp/hard\libc.a(lib_a-impure.o)
                              C:/Users/kamil/AppData/Roaming/MathWorks/MATLAB Add-Ons/Toolboxes/NXP_MBDToolbox_S32K1xx/tools/gcc-6.3-arm32-eabi/arm-none-eabi/newlib/lib/thumb/v7e-m/fpv4-sp/hard\libc.a(lib_a-exit.o) (_global_impure_ptr)
C:/Users/kamil/AppData/Roaming/MathWorks/MATLAB Add-Ons/Toolboxes/NXP_MBDToolbox_S32K1xx/tools/gcc-6.3-arm32-eabi/arm-none-eabi/newlib/lib/thumb/v7e-m/fpv4-sp/hard\libc.a(lib_a-init.o)
                              C:/Users/kamil/AppData/Roaming/MathWorks/MATLAB Add-Ons/Toolboxes/NXP_MBDToolbox_S32K1xx/tools/gcc-6.3-arm32-eabi/arm-none-eabi/newlib/lib/thumb/v7e-m/fpv4-sp/hard/crt0.o (__libc_init_array)
C:/Users/kamil/AppData/Roaming/MathWorks/MATLAB Add-Ons/Toolboxes/NXP_MBDToolbox_S32K1xx/tools/gcc-6.3-arm32-eabi/arm-none-eabi/newlib/lib/thumb/v7e-m/fpv4-sp/hard\libc.a(lib_a-memset.o)
                              C:/Users/kamil/AppData/Roaming/MathWorks/MATLAB Add-Ons/Toolboxes/NXP_MBDToolbox_S32K1xx/tools/gcc-6.3-arm32-eabi/arm-none-eabi/newlib/lib/thumb/v7e-m/fpv4-sp/hard/crt0.o (memset)
C:/Users/kamil/AppData/Roaming/MathWorks/MATLAB Add-Ons/Toolboxes/NXP_MBDToolbox_S32K1xx/tools/gcc-6.3-arm32-eabi/arm-none-eabi/newlib/lib/thumb/v7e-m/fpv4-sp/hard\libc.a(lib_a-__call_atexit.o)
                              C:/Users/kamil/AppData/Roaming/MathWorks/MATLAB Add-Ons/Toolboxes/NXP_MBDToolbox_S32K1xx/tools/gcc-6.3-arm32-eabi/arm-none-eabi/newlib/lib/thumb/v7e-m/fpv4-sp/hard\libc.a(lib_a-exit.o) (__call_exitprocs)
C:/Users/kamil/AppData/Roaming/MathWorks/MATLAB Add-Ons/Toolboxes/NXP_MBDToolbox_S32K1xx/tools/gcc-6.3-arm32-eabi/arm-none-eabi/newlib/lib/thumb/v7e-m/fpv4-sp/hard\libc.a(lib_a-fini.o)
                              C:/Users/kamil/AppData/Roaming/MathWorks/MATLAB Add-Ons/Toolboxes/NXP_MBDToolbox_S32K1xx/tools/gcc-6.3-arm32-eabi/arm-none-eabi/newlib/lib/thumb/v7e-m/fpv4-sp/hard\libc.a(lib_a-__call_atexit.o) (__libc_fini_array)
C:/Users/kamil/AppData/Roaming/MathWorks/MATLAB Add-Ons/Toolboxes/NXP_MBDToolbox_S32K1xx/tools/gcc-6.3-arm32-eabi/arm-none-eabi/newlib/lib/thumb/v7e-m/fpv4-sp/hard\libc.a(lib_a-atexit.o)
                              C:/Users/kamil/AppData/Roaming/MathWorks/MATLAB Add-Ons/Toolboxes/NXP_MBDToolbox_S32K1xx/tools/gcc-6.3-arm32-eabi/arm-none-eabi/newlib/lib/thumb/v7e-m/fpv4-sp/hard\libc.a(lib_a-__call_atexit.o) (atexit)
C:/Users/kamil/AppData/Roaming/MathWorks/MATLAB Add-Ons/Toolboxes/NXP_MBDToolbox_S32K1xx/tools/gcc-6.3-arm32-eabi/arm-none-eabi/newlib/lib/thumb/v7e-m/fpv4-sp/hard\libc.a(lib_a-__atexit.o)
                              C:/Users/kamil/AppData/Roaming/MathWorks/MATLAB Add-Ons/Toolboxes/NXP_MBDToolbox_S32K1xx/tools/gcc-6.3-arm32-eabi/arm-none-eabi/newlib/lib/thumb/v7e-m/fpv4-sp/hard\libc.a(lib_a-atexit.o) (__register_exitproc)
C:/Users/kamil/AppData/Roaming/MathWorks/MATLAB Add-Ons/Toolboxes/NXP_MBDToolbox_S32K1xx/tools/gcc-6.3-arm32-eabi/arm-none-eabi/newlib/lib/thumb/v7e-m/fpv4-sp/hard\libnosys.a(_exit.o)
                              C:/Users/kamil/AppData/Roaming/MathWorks/MATLAB Add-Ons/Toolboxes/NXP_MBDToolbox_S32K1xx/tools/gcc-6.3-arm32-eabi/arm-none-eabi/newlib/lib/thumb/v7e-m/fpv4-sp/hard\libc.a(lib_a-exit.o) (_exit)

Allocating common symbols
Common symbol       size              file

Pressure_SPI_BMP388_B
                    0x3               Pressure_SPI_BMP388.o
pressure_digital    0x4               Pressure_SPI_BMP388.o
g_xtal0ClkFreq      0x4               clock_S32K1xx.o
pressure_digital1   0x3               Pressure_SPI_BMP388.o
g_RtcClkInFreq      0x4               clock_S32K1xx.o
gPowerManagerState  0x10              power_manager_S32K1xx.o
lpspiMasterState0   0x34              Pressure_SPI_BMP388.o
g_TClkFreq          0xc               clock_S32K1xx.o

Discarded input sections

 .text          0x00000000        0x0 c:/users/kamil/appdata/roaming/mathworks/matlab add-ons/toolboxes/nxp_mbdtoolbox_s32k1xx/tools/gcc-6.3-arm32-eabi/bin/../lib/gcc/arm-none-eabi/6.3.1/thumb/v7e-m/fpv4-sp/hard/crti.o
 .data          0x00000000        0x0 c:/users/kamil/appdata/roaming/mathworks/matlab add-ons/toolboxes/nxp_mbdtoolbox_s32k1xx/tools/gcc-6.3-arm32-eabi/bin/../lib/gcc/arm-none-eabi/6.3.1/thumb/v7e-m/fpv4-sp/hard/crti.o
 .bss           0x00000000        0x0 c:/users/kamil/appdata/roaming/mathworks/matlab add-ons/toolboxes/nxp_mbdtoolbox_s32k1xx/tools/gcc-6.3-arm32-eabi/bin/../lib/gcc/arm-none-eabi/6.3.1/thumb/v7e-m/fpv4-sp/hard/crti.o
 .data          0x00000000        0x4 c:/users/kamil/appdata/roaming/mathworks/matlab add-ons/toolboxes/nxp_mbdtoolbox_s32k1xx/tools/gcc-6.3-arm32-eabi/bin/../lib/gcc/arm-none-eabi/6.3.1/thumb/v7e-m/fpv4-sp/hard/crtbegin.o
 .text          0x00000000       0x74 C:/Users/kamil/AppData/Roaming/MathWorks/MATLAB Add-Ons/Toolboxes/NXP_MBDToolbox_S32K1xx/tools/gcc-6.3-arm32-eabi/arm-none-eabi/newlib/lib/thumb/v7e-m/fpv4-sp/hard/crt0.o
 .data          0x00000000        0x0 C:/Users/kamil/AppData/Roaming/MathWorks/MATLAB Add-Ons/Toolboxes/NXP_MBDToolbox_S32K1xx/tools/gcc-6.3-arm32-eabi/arm-none-eabi/newlib/lib/thumb/v7e-m/fpv4-sp/hard/crt0.o
 .bss           0x00000000        0x0 C:/Users/kamil/AppData/Roaming/MathWorks/MATLAB Add-Ons/Toolboxes/NXP_MBDToolbox_S32K1xx/tools/gcc-6.3-arm32-eabi/arm-none-eabi/newlib/lib/thumb/v7e-m/fpv4-sp/hard/crt0.o
 .ARM.extab     0x00000000        0x0 C:/Users/kamil/AppData/Roaming/MathWorks/MATLAB Add-Ons/Toolboxes/NXP_MBDToolbox_S32K1xx/tools/gcc-6.3-arm32-eabi/arm-none-eabi/newlib/lib/thumb/v7e-m/fpv4-sp/hard/crt0.o
 .ARM.exidx     0x00000000        0x8 C:/Users/kamil/AppData/Roaming/MathWorks/MATLAB Add-Ons/Toolboxes/NXP_MBDToolbox_S32K1xx/tools/gcc-6.3-arm32-eabi/arm-none-eabi/newlib/lib/thumb/v7e-m/fpv4-sp/hard/crt0.o
 .ARM.attributes
                0x00000000       0x20 C:/Users/kamil/AppData/Roaming/MathWorks/MATLAB Add-Ons/Toolboxes/NXP_MBDToolbox_S32K1xx/tools/gcc-6.3-arm32-eabi/arm-none-eabi/newlib/lib/thumb/v7e-m/fpv4-sp/hard/crt0.o
 .data          0x00000000        0x0 startup_S32K144.o
 .bss           0x00000000        0x0 startup_S32K144.o
 .data          0x00000000        0x0 Pressure_SPI_BMP388.o
 .bss           0x00000000        0x4 Pressure_SPI_BMP388.o
 .rodata        0x00000000        0x4 Pressure_SPI_BMP388.o
 .text          0x00000000        0x0 Pressure_SPI_BMP388_data.o
 .data          0x00000000        0x0 Pressure_SPI_BMP388_data.o
 .bss           0x00000000        0x0 Pressure_SPI_BMP388_data.o
 .data          0x00000000        0x0 edma_driver.o
 .data          0x00000000        0x0 edma_hw_access.o
 .bss           0x00000000        0x0 edma_hw_access.o
 .data          0x00000000        0x0 edma_irq.o
 .bss           0x00000000        0x0 edma_irq.o
 .data          0x00000000        0x0 interrupt_manager.o
 .data          0x00000000        0x0 lpit_driver.o
 .data          0x00000000        0x0 lpspi_hw_access.o
 .bss           0x00000000        0x0 lpspi_hw_access.o
 .data          0x00000000        0x0 lpspi_irq.o
 .bss           0x00000000        0x0 lpspi_irq.o
 .data          0x00000000        0x0 lpspi_master_driver.o
 .bss           0x00000000        0x0 lpspi_master_driver.o
 .data          0x00000000        0x0 lpspi_slave_driver.o
 .bss           0x00000000        0x0 lpspi_slave_driver.o
 .data          0x00000000        0x0 mbd_main.o
 .bss           0x00000000        0x0 mbd_main.o
 .data          0x00000000        0x0 pins_driver.o
 .bss           0x00000000        0x0 pins_driver.o
 .data          0x00000000        0x0 pins_port_hw_access.o
 .bss           0x00000000        0x0 pins_port_hw_access.o
 .data          0x00000000        0x0 power_manager.o
 .bss           0x00000000        0x0 power_manager.o
 .data          0x00000000        0x0 power_manager_S32K1xx.o
 .data          0x00000000        0x0 power_smc_hw_access.o
 .bss           0x00000000        0x0 power_smc_hw_access.o
 .data          0x00000000        0x0 s32k_clock_init.o
 .bss           0x00000000        0x0 s32k_clock_init.o
 .data          0x00000000        0x0 startup.o
 .bss           0x00000000        0x0 startup.o
 .bss           0x00000000        0x0 system_S32K144.o
 .data          0x00000000        0x0 c:/users/kamil/appdata/roaming/mathworks/matlab add-ons/toolboxes/nxp_mbdtoolbox_s32k1xx/tools/gcc-6.3-arm32-eabi/bin/../lib/gcc/arm-none-eabi/6.3.1/thumb/v7e-m/fpv4-sp/hard\libgcc.a(_aeabi_uldivmod.o)
 .bss           0x00000000        0x0 c:/users/kamil/appdata/roaming/mathworks/matlab add-ons/toolboxes/nxp_mbdtoolbox_s32k1xx/tools/gcc-6.3-arm32-eabi/bin/../lib/gcc/arm-none-eabi/6.3.1/thumb/v7e-m/fpv4-sp/hard\libgcc.a(_aeabi_uldivmod.o)
 .data          0x00000000        0x0 c:/users/kamil/appdata/roaming/mathworks/matlab add-ons/toolboxes/nxp_mbdtoolbox_s32k1xx/tools/gcc-6.3-arm32-eabi/bin/../lib/gcc/arm-none-eabi/6.3.1/thumb/v7e-m/fpv4-sp/hard\libgcc.a(_udivmoddi4.o)
 .bss           0x00000000        0x0 c:/users/kamil/appdata/roaming/mathworks/matlab add-ons/toolboxes/nxp_mbdtoolbox_s32k1xx/tools/gcc-6.3-arm32-eabi/bin/../lib/gcc/arm-none-eabi/6.3.1/thumb/v7e-m/fpv4-sp/hard\libgcc.a(_udivmoddi4.o)
 .ARM.extab     0x00000000        0x0 c:/users/kamil/appdata/roaming/mathworks/matlab add-ons/toolboxes/nxp_mbdtoolbox_s32k1xx/tools/gcc-6.3-arm32-eabi/bin/../lib/gcc/arm-none-eabi/6.3.1/thumb/v7e-m/fpv4-sp/hard\libgcc.a(_udivmoddi4.o)
 .data          0x00000000        0x0 c:/users/kamil/appdata/roaming/mathworks/matlab add-ons/toolboxes/nxp_mbdtoolbox_s32k1xx/tools/gcc-6.3-arm32-eabi/bin/../lib/gcc/arm-none-eabi/6.3.1/thumb/v7e-m/fpv4-sp/hard\libgcc.a(_dvmd_tls.o)
 .bss           0x00000000        0x0 c:/users/kamil/appdata/roaming/mathworks/matlab add-ons/toolboxes/nxp_mbdtoolbox_s32k1xx/tools/gcc-6.3-arm32-eabi/bin/../lib/gcc/arm-none-eabi/6.3.1/thumb/v7e-m/fpv4-sp/hard\libgcc.a(_dvmd_tls.o)
 .text          0x00000000        0x0 C:/Users/kamil/AppData/Roaming/MathWorks/MATLAB Add-Ons/Toolboxes/NXP_MBDToolbox_S32K1xx/tools/gcc-6.3-arm32-eabi/arm-none-eabi/newlib/lib/thumb/v7e-m/fpv4-sp/hard\libc.a(lib_a-exit.o)
 .data          0x00000000        0x0 C:/Users/kamil/AppData/Roaming/MathWorks/MATLAB Add-Ons/Toolboxes/NXP_MBDToolbox_S32K1xx/tools/gcc-6.3-arm32-eabi/arm-none-eabi/newlib/lib/thumb/v7e-m/fpv4-sp/hard\libc.a(lib_a-exit.o)
 .bss           0x00000000        0x0 C:/Users/kamil/AppData/Roaming/MathWorks/MATLAB Add-Ons/Toolboxes/NXP_MBDToolbox_S32K1xx/tools/gcc-6.3-arm32-eabi/arm-none-eabi/newlib/lib/thumb/v7e-m/fpv4-sp/hard\libc.a(lib_a-exit.o)
 .text.exit     0x00000000       0x20 C:/Users/kamil/AppData/Roaming/MathWorks/MATLAB Add-Ons/Toolboxes/NXP_MBDToolbox_S32K1xx/tools/gcc-6.3-arm32-eabi/arm-none-eabi/newlib/lib/thumb/v7e-m/fpv4-sp/hard\libc.a(lib_a-exit.o)
 .debug_frame   0x00000000       0x28 C:/Users/kamil/AppData/Roaming/MathWorks/MATLAB Add-Ons/Toolboxes/NXP_MBDToolbox_S32K1xx/tools/gcc-6.3-arm32-eabi/arm-none-eabi/newlib/lib/thumb/v7e-m/fpv4-sp/hard\libc.a(lib_a-exit.o)
 .ARM.attributes
                0x00000000       0x34 C:/Users/kamil/AppData/Roaming/MathWorks/MATLAB Add-Ons/Toolboxes/NXP_MBDToolbox_S32K1xx/tools/gcc-6.3-arm32-eabi/arm-none-eabi/newlib/lib/thumb/v7e-m/fpv4-sp/hard\libc.a(lib_a-exit.o)
 .text          0x00000000        0x0 C:/Users/kamil/AppData/Roaming/MathWorks/MATLAB Add-Ons/Toolboxes/NXP_MBDToolbox_S32K1xx/tools/gcc-6.3-arm32-eabi/arm-none-eabi/newlib/lib/thumb/v7e-m/fpv4-sp/hard\libc.a(lib_a-impure.o)
 .data          0x00000000        0x0 C:/Users/kamil/AppData/Roaming/MathWorks/MATLAB Add-Ons/Toolboxes/NXP_MBDToolbox_S32K1xx/tools/gcc-6.3-arm32-eabi/arm-none-eabi/newlib/lib/thumb/v7e-m/fpv4-sp/hard\libc.a(lib_a-impure.o)
 .bss           0x00000000        0x0 C:/Users/kamil/AppData/Roaming/MathWorks/MATLAB Add-Ons/Toolboxes/NXP_MBDToolbox_S32K1xx/tools/gcc-6.3-arm32-eabi/arm-none-eabi/newlib/lib/thumb/v7e-m/fpv4-sp/hard\libc.a(lib_a-impure.o)
 .data._impure_ptr
                0x00000000        0x4 C:/Users/kamil/AppData/Roaming/MathWorks/MATLAB Add-Ons/Toolboxes/NXP_MBDToolbox_S32K1xx/tools/gcc-6.3-arm32-eabi/arm-none-eabi/newlib/lib/thumb/v7e-m/fpv4-sp/hard\libc.a(lib_a-impure.o)
 .text          0x00000000        0x0 C:/Users/kamil/AppData/Roaming/MathWorks/MATLAB Add-Ons/Toolboxes/NXP_MBDToolbox_S32K1xx/tools/gcc-6.3-arm32-eabi/arm-none-eabi/newlib/lib/thumb/v7e-m/fpv4-sp/hard\libc.a(lib_a-init.o)
 .data          0x00000000        0x0 C:/Users/kamil/AppData/Roaming/MathWorks/MATLAB Add-Ons/Toolboxes/NXP_MBDToolbox_S32K1xx/tools/gcc-6.3-arm32-eabi/arm-none-eabi/newlib/lib/thumb/v7e-m/fpv4-sp/hard\libc.a(lib_a-init.o)
 .bss           0x00000000        0x0 C:/Users/kamil/AppData/Roaming/MathWorks/MATLAB Add-Ons/Toolboxes/NXP_MBDToolbox_S32K1xx/tools/gcc-6.3-arm32-eabi/arm-none-eabi/newlib/lib/thumb/v7e-m/fpv4-sp/hard\libc.a(lib_a-init.o)
 .text.__libc_init_array
                0x00000000       0x48 C:/Users/kamil/AppData/Roaming/MathWorks/MATLAB Add-Ons/Toolboxes/NXP_MBDToolbox_S32K1xx/tools/gcc-6.3-arm32-eabi/arm-none-eabi/newlib/lib/thumb/v7e-m/fpv4-sp/hard\libc.a(lib_a-init.o)
 .debug_frame   0x00000000       0x2c C:/Users/kamil/AppData/Roaming/MathWorks/MATLAB Add-Ons/Toolboxes/NXP_MBDToolbox_S32K1xx/tools/gcc-6.3-arm32-eabi/arm-none-eabi/newlib/lib/thumb/v7e-m/fpv4-sp/hard\libc.a(lib_a-init.o)
 .ARM.attributes
                0x00000000       0x34 C:/Users/kamil/AppData/Roaming/MathWorks/MATLAB Add-Ons/Toolboxes/NXP_MBDToolbox_S32K1xx/tools/gcc-6.3-arm32-eabi/arm-none-eabi/newlib/lib/thumb/v7e-m/fpv4-sp/hard\libc.a(lib_a-init.o)
 .text          0x00000000        0x0 C:/Users/kamil/AppData/Roaming/MathWorks/MATLAB Add-Ons/Toolboxes/NXP_MBDToolbox_S32K1xx/tools/gcc-6.3-arm32-eabi/arm-none-eabi/newlib/lib/thumb/v7e-m/fpv4-sp/hard\libc.a(lib_a-memset.o)
 .data          0x00000000        0x0 C:/Users/kamil/AppData/Roaming/MathWorks/MATLAB Add-Ons/Toolboxes/NXP_MBDToolbox_S32K1xx/tools/gcc-6.3-arm32-eabi/arm-none-eabi/newlib/lib/thumb/v7e-m/fpv4-sp/hard\libc.a(lib_a-memset.o)
 .bss           0x00000000        0x0 C:/Users/kamil/AppData/Roaming/MathWorks/MATLAB Add-Ons/Toolboxes/NXP_MBDToolbox_S32K1xx/tools/gcc-6.3-arm32-eabi/arm-none-eabi/newlib/lib/thumb/v7e-m/fpv4-sp/hard\libc.a(lib_a-memset.o)
 .text          0x00000000        0x0 C:/Users/kamil/AppData/Roaming/MathWorks/MATLAB Add-Ons/Toolboxes/NXP_MBDToolbox_S32K1xx/tools/gcc-6.3-arm32-eabi/arm-none-eabi/newlib/lib/thumb/v7e-m/fpv4-sp/hard\libc.a(lib_a-__call_atexit.o)
 .data          0x00000000        0x0 C:/Users/kamil/AppData/Roaming/MathWorks/MATLAB Add-Ons/Toolboxes/NXP_MBDToolbox_S32K1xx/tools/gcc-6.3-arm32-eabi/arm-none-eabi/newlib/lib/thumb/v7e-m/fpv4-sp/hard\libc.a(lib_a-__call_atexit.o)
 .bss           0x00000000        0x0 C:/Users/kamil/AppData/Roaming/MathWorks/MATLAB Add-Ons/Toolboxes/NXP_MBDToolbox_S32K1xx/tools/gcc-6.3-arm32-eabi/arm-none-eabi/newlib/lib/thumb/v7e-m/fpv4-sp/hard\libc.a(lib_a-__call_atexit.o)
 .text.__call_exitprocs
                0x00000000       0xc8 C:/Users/kamil/AppData/Roaming/MathWorks/MATLAB Add-Ons/Toolboxes/NXP_MBDToolbox_S32K1xx/tools/gcc-6.3-arm32-eabi/arm-none-eabi/newlib/lib/thumb/v7e-m/fpv4-sp/hard\libc.a(lib_a-__call_atexit.o)
 .text          0x00000000        0x0 C:/Users/kamil/AppData/Roaming/MathWorks/MATLAB Add-Ons/Toolboxes/NXP_MBDToolbox_S32K1xx/tools/gcc-6.3-arm32-eabi/arm-none-eabi/newlib/lib/thumb/v7e-m/fpv4-sp/hard\libc.a(lib_a-fini.o)
 .data          0x00000000        0x0 C:/Users/kamil/AppData/Roaming/MathWorks/MATLAB Add-Ons/Toolboxes/NXP_MBDToolbox_S32K1xx/tools/gcc-6.3-arm32-eabi/arm-none-eabi/newlib/lib/thumb/v7e-m/fpv4-sp/hard\libc.a(lib_a-fini.o)
 .bss           0x00000000        0x0 C:/Users/kamil/AppData/Roaming/MathWorks/MATLAB Add-Ons/Toolboxes/NXP_MBDToolbox_S32K1xx/tools/gcc-6.3-arm32-eabi/arm-none-eabi/newlib/lib/thumb/v7e-m/fpv4-sp/hard\libc.a(lib_a-fini.o)
 .text          0x00000000        0x0 C:/Users/kamil/AppData/Roaming/MathWorks/MATLAB Add-Ons/Toolboxes/NXP_MBDToolbox_S32K1xx/tools/gcc-6.3-arm32-eabi/arm-none-eabi/newlib/lib/thumb/v7e-m/fpv4-sp/hard\libc.a(lib_a-atexit.o)
 .data          0x00000000        0x0 C:/Users/kamil/AppData/Roaming/MathWorks/MATLAB Add-Ons/Toolboxes/NXP_MBDToolbox_S32K1xx/tools/gcc-6.3-arm32-eabi/arm-none-eabi/newlib/lib/thumb/v7e-m/fpv4-sp/hard\libc.a(lib_a-atexit.o)
 .bss           0x00000000        0x0 C:/Users/kamil/AppData/Roaming/MathWorks/MATLAB Add-Ons/Toolboxes/NXP_MBDToolbox_S32K1xx/tools/gcc-6.3-arm32-eabi/arm-none-eabi/newlib/lib/thumb/v7e-m/fpv4-sp/hard\libc.a(lib_a-atexit.o)
 .text          0x00000000        0x0 C:/Users/kamil/AppData/Roaming/MathWorks/MATLAB Add-Ons/Toolboxes/NXP_MBDToolbox_S32K1xx/tools/gcc-6.3-arm32-eabi/arm-none-eabi/newlib/lib/thumb/v7e-m/fpv4-sp/hard\libc.a(lib_a-__atexit.o)
 .data          0x00000000        0x0 C:/Users/kamil/AppData/Roaming/MathWorks/MATLAB Add-Ons/Toolboxes/NXP_MBDToolbox_S32K1xx/tools/gcc-6.3-arm32-eabi/arm-none-eabi/newlib/lib/thumb/v7e-m/fpv4-sp/hard\libc.a(lib_a-__atexit.o)
 .bss           0x00000000        0x0 C:/Users/kamil/AppData/Roaming/MathWorks/MATLAB Add-Ons/Toolboxes/NXP_MBDToolbox_S32K1xx/tools/gcc-6.3-arm32-eabi/arm-none-eabi/newlib/lib/thumb/v7e-m/fpv4-sp/hard\libc.a(lib_a-__atexit.o)
 .text          0x00000000        0x0 C:/Users/kamil/AppData/Roaming/MathWorks/MATLAB Add-Ons/Toolboxes/NXP_MBDToolbox_S32K1xx/tools/gcc-6.3-arm32-eabi/arm-none-eabi/newlib/lib/thumb/v7e-m/fpv4-sp/hard\libnosys.a(_exit.o)
 .data          0x00000000        0x0 C:/Users/kamil/AppData/Roaming/MathWorks/MATLAB Add-Ons/Toolboxes/NXP_MBDToolbox_S32K1xx/tools/gcc-6.3-arm32-eabi/arm-none-eabi/newlib/lib/thumb/v7e-m/fpv4-sp/hard\libnosys.a(_exit.o)
 .bss           0x00000000        0x0 C:/Users/kamil/AppData/Roaming/MathWorks/MATLAB Add-Ons/Toolboxes/NXP_MBDToolbox_S32K1xx/tools/gcc-6.3-arm32-eabi/arm-none-eabi/newlib/lib/thumb/v7e-m/fpv4-sp/hard\libnosys.a(_exit.o)
 .text._exit    0x00000000        0x2 C:/Users/kamil/AppData/Roaming/MathWorks/MATLAB Add-Ons/Toolboxes/NXP_MBDToolbox_S32K1xx/tools/gcc-6.3-arm32-eabi/arm-none-eabi/newlib/lib/thumb/v7e-m/fpv4-sp/hard\libnosys.a(_exit.o)
 .debug_frame   0x00000000       0x20 C:/Users/kamil/AppData/Roaming/MathWorks/MATLAB Add-Ons/Toolboxes/NXP_MBDToolbox_S32K1xx/tools/gcc-6.3-arm32-eabi/arm-none-eabi/newlib/lib/thumb/v7e-m/fpv4-sp/hard\libnosys.a(_exit.o)
 .ARM.attributes
                0x00000000       0x34 C:/Users/kamil/AppData/Roaming/MathWorks/MATLAB Add-Ons/Toolboxes/NXP_MBDToolbox_S32K1xx/tools/gcc-6.3-arm32-eabi/arm-none-eabi/newlib/lib/thumb/v7e-m/fpv4-sp/hard\libnosys.a(_exit.o)
 .text          0x00000000        0x0 c:/users/kamil/appdata/roaming/mathworks/matlab add-ons/toolboxes/nxp_mbdtoolbox_s32k1xx/tools/gcc-6.3-arm32-eabi/bin/../lib/gcc/arm-none-eabi/6.3.1/thumb/v7e-m/fpv4-sp/hard/crtend.o
 .data          0x00000000        0x0 c:/users/kamil/appdata/roaming/mathworks/matlab add-ons/toolboxes/nxp_mbdtoolbox_s32k1xx/tools/gcc-6.3-arm32-eabi/bin/../lib/gcc/arm-none-eabi/6.3.1/thumb/v7e-m/fpv4-sp/hard/crtend.o
 .bss           0x00000000        0x0 c:/users/kamil/appdata/roaming/mathworks/matlab add-ons/toolboxes/nxp_mbdtoolbox_s32k1xx/tools/gcc-6.3-arm32-eabi/bin/../lib/gcc/arm-none-eabi/6.3.1/thumb/v7e-m/fpv4-sp/hard/crtend.o
 .eh_frame      0x00000000        0x4 c:/users/kamil/appdata/roaming/mathworks/matlab add-ons/toolboxes/nxp_mbdtoolbox_s32k1xx/tools/gcc-6.3-arm32-eabi/bin/../lib/gcc/arm-none-eabi/6.3.1/thumb/v7e-m/fpv4-sp/hard/crtend.o
 .text          0x00000000        0x0 c:/users/kamil/appdata/roaming/mathworks/matlab add-ons/toolboxes/nxp_mbdtoolbox_s32k1xx/tools/gcc-6.3-arm32-eabi/bin/../lib/gcc/arm-none-eabi/6.3.1/thumb/v7e-m/fpv4-sp/hard/crtn.o
 .data          0x00000000        0x0 c:/users/kamil/appdata/roaming/mathworks/matlab add-ons/toolboxes/nxp_mbdtoolbox_s32k1xx/tools/gcc-6.3-arm32-eabi/bin/../lib/gcc/arm-none-eabi/6.3.1/thumb/v7e-m/fpv4-sp/hard/crtn.o
 .bss           0x00000000        0x0 c:/users/kamil/appdata/roaming/mathworks/matlab add-ons/toolboxes/nxp_mbdtoolbox_s32k1xx/tools/gcc-6.3-arm32-eabi/bin/../lib/gcc/arm-none-eabi/6.3.1/thumb/v7e-m/fpv4-sp/hard/crtn.o

Memory Configuration

Name             Origin             Length             Attributes
m_interrupts     0x00000000         0x00000400         xr
m_flash_config   0x00000400         0x00000010         xr
m_text           0x00000410         0x0007fbf0         xr
m_data           0x1fff8000         0x00008000         rw
m_data_2         0x20000000         0x00007000         rw
*default*        0x00000000         0xffffffff

Linker script and memory map

LOAD c:/users/kamil/appdata/roaming/mathworks/matlab add-ons/toolboxes/nxp_mbdtoolbox_s32k1xx/tools/gcc-6.3-arm32-eabi/bin/../lib/gcc/arm-none-eabi/6.3.1/thumb/v7e-m/fpv4-sp/hard/crti.o
LOAD c:/users/kamil/appdata/roaming/mathworks/matlab add-ons/toolboxes/nxp_mbdtoolbox_s32k1xx/tools/gcc-6.3-arm32-eabi/bin/../lib/gcc/arm-none-eabi/6.3.1/thumb/v7e-m/fpv4-sp/hard/crtbegin.o
LOAD C:/Users/kamil/AppData/Roaming/MathWorks/MATLAB Add-Ons/Toolboxes/NXP_MBDToolbox_S32K1xx/tools/gcc-6.3-arm32-eabi/arm-none-eabi/newlib/lib/thumb/v7e-m/fpv4-sp/hard/crt0.o
                0x00000001                __ram_vector_table__ = 0x1
LOAD startup_S32K144.o
LOAD Pressure_SPI_BMP388.o
LOAD Pressure_SPI_BMP388_data.o
LOAD clock_S32K1xx.o
LOAD edma_driver.o
LOAD edma_hw_access.o
LOAD edma_irq.o
LOAD interrupt_manager.o
LOAD lpit_driver.o
LOAD lpspi_hw_access.o
LOAD lpspi_irq.o
LOAD lpspi_master_driver.o
LOAD lpspi_shared_function.o
LOAD lpspi_slave_driver.o
LOAD mbd_main.o
LOAD osif_baremetal.o
LOAD pins_driver.o
LOAD pins_port_hw_access.o
LOAD power_manager.o
LOAD power_manager_S32K1xx.o
LOAD power_smc_hw_access.o
LOAD s32k_clock_init.o
LOAD startup.o
LOAD system_S32K144.o
LOAD C:/Users/kamil/AppData/Roaming/MathWorks/MATLAB Add-Ons/Toolboxes/NXP_MBDToolbox_S32K1xx/tools/gcc-6.3-arm32-eabi/arm-none-eabi/newlib/lib/thumb/v7e-m/fpv4-sp/hard\libm.a
LOAD S32K14x_AMMCLIB.a
START GROUP
LOAD c:/users/kamil/appdata/roaming/mathworks/matlab add-ons/toolboxes/nxp_mbdtoolbox_s32k1xx/tools/gcc-6.3-arm32-eabi/bin/../lib/gcc/arm-none-eabi/6.3.1/thumb/v7e-m/fpv4-sp/hard\libgcc.a
LOAD C:/Users/kamil/AppData/Roaming/MathWorks/MATLAB Add-Ons/Toolboxes/NXP_MBDToolbox_S32K1xx/tools/gcc-6.3-arm32-eabi/arm-none-eabi/newlib/lib/thumb/v7e-m/fpv4-sp/hard\libc.a
END GROUP
START GROUP
LOAD c:/users/kamil/appdata/roaming/mathworks/matlab add-ons/toolboxes/nxp_mbdtoolbox_s32k1xx/tools/gcc-6.3-arm32-eabi/bin/../lib/gcc/arm-none-eabi/6.3.1/thumb/v7e-m/fpv4-sp/hard\libgcc.a
LOAD C:/Users/kamil/AppData/Roaming/MathWorks/MATLAB Add-Ons/Toolboxes/NXP_MBDToolbox_S32K1xx/tools/gcc-6.3-arm32-eabi/arm-none-eabi/newlib/lib/thumb/v7e-m/fpv4-sp/hard\libc.a
LOAD C:/Users/kamil/AppData/Roaming/MathWorks/MATLAB Add-Ons/Toolboxes/NXP_MBDToolbox_S32K1xx/tools/gcc-6.3-arm32-eabi/arm-none-eabi/newlib/lib/thumb/v7e-m/fpv4-sp/hard\libnosys.a
END GROUP
LOAD c:/users/kamil/appdata/roaming/mathworks/matlab add-ons/toolboxes/nxp_mbdtoolbox_s32k1xx/tools/gcc-6.3-arm32-eabi/bin/../lib/gcc/arm-none-eabi/6.3.1/thumb/v7e-m/fpv4-sp/hard/crtend.o
LOAD c:/users/kamil/appdata/roaming/mathworks/matlab add-ons/toolboxes/nxp_mbdtoolbox_s32k1xx/tools/gcc-6.3-arm32-eabi/bin/../lib/gcc/arm-none-eabi/6.3.1/thumb/v7e-m/fpv4-sp/hard/crtn.o
                0x00000400                HEAP_SIZE = DEFINED (__heap_size__)?__heap_size__:0x400
                0x00000400                STACK_SIZE = DEFINED (__stack_size__)?__stack_size__:0x400
                0x00000400                M_VECTOR_RAM_SIZE = DEFINED (__flash_vector_table__)?0x0:0x400

.interrupts     0x00000000      0x400
                0x00000000                __VECTOR_TABLE = .
                0x00000000                __interrupts_start__ = .
                0x00000000                . = ALIGN (0x4)
 *(.isr_vector)
 .isr_vector    0x00000000      0x400 startup_S32K144.o
                0x00000000                __isr_vector
                0x00000400                __interrupts_end__ = .
                0x00000400                . = ALIGN (0x4)

.flash_config   0x00000400       0x10
                0x00000400                . = ALIGN (0x4)
 *(.FlashConfig)
 .FlashConfig   0x00000400       0x10 startup_S32K144.o
                0x00000410                . = ALIGN (0x4)

.text           0x00000410     0x5c94
                0x00000410                . = ALIGN (0x4)
 *(.text)
 .text          0x00000410       0xa4 c:/users/kamil/appdata/roaming/mathworks/matlab add-ons/toolboxes/nxp_mbdtoolbox_s32k1xx/tools/gcc-6.3-arm32-eabi/bin/../lib/gcc/arm-none-eabi/6.3.1/thumb/v7e-m/fpv4-sp/hard/crtbegin.o
 .text          0x000004b4       0x6c startup_S32K144.o
                0x000004b4                Reset_Handler
                0x0000051c                DebugMon_Handler
                0x0000051c                Reserved88_IRQHandler
                0x0000051c                CAN0_ORed_IRQHandler
                0x0000051c                HardFault_Handler
                0x0000051c                Reserved86_IRQHandler
                0x0000051c                Reserved103_IRQHandler
                0x0000051c                FTM2_Ovf_Reload_IRQHandler
                0x0000051c                Reserved50_IRQHandler
                0x0000051c                FTFC_Fault_IRQHandler
                0x0000051c                FTM0_Ch6_Ch7_IRQHandler
                0x0000051c                Reserved114_IRQHandler
                0x0000051c                PendSV_Handler
                0x0000051c                NMI_Handler
                0x0000051c                Reserved89_IRQHandler
                0x0000051c                ERM_double_fault_IRQHandler
                0x0000051c                Reserved59_IRQHandler
                0x0000051c                Reserved99_IRQHandler
                0x0000051c                FTM3_Ch6_Ch7_IRQHandler
                0x0000051c                CAN2_ORed_0_15_MB_IRQHandler
                0x0000051c                LPIT0_Ch3_IRQHandler
                0x0000051c                Reserved92_IRQHandler
                0x0000051c                FTM0_Ch4_Ch5_IRQHandler
                0x0000051c                CAN1_Error_IRQHandler
                0x0000051c                FTM3_Ch0_Ch1_IRQHandler
                0x0000051c                SWI_IRQHandler
                0x0000051c                ADC0_IRQHandler
                0x0000051c                FTM2_Ch4_Ch5_IRQHandler
                0x0000051c                UsageFault_Handler
                0x0000051c                FTM0_Ovf_Reload_IRQHandler
                0x0000051c                DefaultISR
                0x0000051c                Reserved58_IRQHandler
                0x0000051c                CAN1_ORed_0_15_MB_IRQHandler
                0x0000051c                FTM1_Ch2_Ch3_IRQHandler
                0x0000051c                Reserved82_IRQHandler
                0x0000051c                CAN0_ORed_16_31_MB_IRQHandler
                0x0000051c                LPI2C0_Slave_IRQHandler
                0x0000051c                Reserved71_IRQHandler
                0x0000051c                PORTD_IRQHandler
                0x0000051c                Reserved69_IRQHandler
                0x0000051c                PORTB_IRQHandler
                0x0000051c                Reserved70_IRQHandler
                0x0000051c                ADC1_IRQHandler
                0x0000051c                FTM2_Ch2_Ch3_IRQHandler
                0x0000051c                Reserved53_IRQHandler
                0x0000051c                RTC_IRQHandler
                0x0000051c                PDB0_IRQHandler
                0x0000051c                Reserved54_IRQHandler
                0x0000051c                FTM2_Ch6_Ch7_IRQHandler
                0x0000051c                FTM3_Ch2_Ch3_IRQHandler
                0x0000051c                FTM2_Ch0_Ch1_IRQHandler
                0x0000051c                LPUART1_RxTx_IRQHandler
                0x0000051c                RTC_Seconds_IRQHandler
                0x0000051c                CAN2_ORed_IRQHandler
                0x0000051c                Reserved72_IRQHandler
                0x0000051c                Reserved110_IRQHandler
                0x0000051c                Reserved107_IRQHandler
                0x0000051c                Read_Collision_IRQHandler
                0x0000051c                CAN2_Error_IRQHandler
                0x0000051c                FTFC_IRQHandler
                0x0000051c                FTM1_Ch6_Ch7_IRQHandler
                0x0000051c                Reserved105_IRQHandler
                0x0000051c                LPIT0_Ch1_IRQHandler
                0x0000051c                FTM1_Ch4_Ch5_IRQHandler
                0x0000051c                FTM3_Ovf_Reload_IRQHandler
                0x0000051c                LPUART2_RxTx_IRQHandler
                0x0000051c                WDOG_EWM_IRQHandler
                0x0000051c                MemManage_Handler
                0x0000051c                Reserved90_IRQHandler
                0x0000051c                Reserved83_IRQHandler
                0x0000051c                FTM0_Fault_IRQHandler
                0x0000051c                Reserved48_IRQHandler
                0x0000051c                SVC_Handler
                0x0000051c                ERM_single_fault_IRQHandler
                0x0000051c                FTM2_Fault_IRQHandler
                0x0000051c                FTM0_Ch2_Ch3_IRQHandler
                0x0000051c                FTM0_Ch0_Ch1_IRQHandler
                0x0000051c                FTM3_Fault_IRQHandler
                0x0000051c                RCM_IRQHandler
                0x0000051c                Reserved100_IRQHandler
                0x0000051c                Reserved91_IRQHandler
                0x0000051c                CAN1_ORed_IRQHandler
                0x0000051c                SCG_IRQHandler
                0x0000051c                PDB1_IRQHandler
                0x0000051c                Reserved81_IRQHandler
                0x0000051c                Reserved46_IRQHandler
                0x0000051c                Reserved45_IRQHandler
                0x0000051c                CAN0_Error_IRQHandler
                0x0000051c                Reserved112_IRQHandler
                0x0000051c                LPI2C0_Master_IRQHandler
                0x0000051c                FTM1_Fault_IRQHandler
                0x0000051c                Reserved106_IRQHandler
                0x0000051c                LVD_LVW_IRQHandler
                0x0000051c                LPIT0_Ch2_IRQHandler
                0x0000051c                PORTA_IRQHandler
                0x0000051c                MCM_IRQHandler
                0x0000051c                FTM3_Ch4_Ch5_IRQHandler
                0x0000051c                CAN0_ORed_0_15_MB_IRQHandler
                0x0000051c                PORTE_IRQHandler
                0x0000051c                LPUART0_RxTx_IRQHandler
                0x0000051c                LPTMR0_IRQHandler
                0x0000051c                BusFault_Handler
                0x0000051c                Reserved87_IRQHandler
                0x0000051c                FTM1_Ovf_Reload_IRQHandler
                0x0000051c                Reserved93_IRQHandler
                0x0000051c                CAN0_Wake_Up_IRQHandler
                0x0000051c                CMP0_IRQHandler
                0x0000051c                Reserved52_IRQHandler
                0x0000051c                PORTC_IRQHandler
                0x0000051c                FTM1_Ch0_Ch1_IRQHandler
                0x0000051c                FLEXIO_IRQHandler
                0x0000051c                Reserved113_IRQHandler
 .text          0x00000520       0xf8 Pressure_SPI_BMP388.o
                0x00000520                Pressure_SPI_BMP388_step
                0x00000558                Pressure_SPI_BMP388_initialize
                0x00000614                Pressure_SPI_BMP388_terminate
 .text          0x00000618     0x1c88 clock_S32K1xx.o
                0x0000138e                CLOCK_DRV_Init
                0x000019bc                CLOCK_DRV_GetFreq
                0x00001bc4                CLOCK_DRV_SetModuleClock
                0x00001d30                CLOCK_DRV_SetSystemClock
                0x00001e58                CLOCK_DRV_GetSystemClockSource
                0x00001eb4                CLOCK_DRV_SetClockSource
                0x00002164                CLOCK_SYS_Init
                0x00002180                CLOCK_SYS_UpdateConfiguration
                0x00002268                CLOCK_SYS_GetCurrentConfiguration
                0x00002274                CLOCK_SYS_GetErrorCallback
                0x00002290                CLOCK_SYS_GetFreq
                0x00002298                CLOCK_SYS_SetConfiguration
 .text          0x000022a0      0xae4 edma_driver.o
                0x000022b0                EDMA_DRV_InstallCallback
                0x000022d0                EDMA_DRV_ReleaseChannel
                0x00002304                EDMA_DRV_Deinit
                0x00002354                EDMA_DRV_IRQHandler
                0x00002380                EDMA_DRV_ErrorIRQHandler
                0x000023bc                EDMA_DRV_ConfigSingleBlockTransfer
                0x00002504                EDMA_DRV_ConfigMultiBlockTransfer
                0x00002568                EDMA_DRV_StartChannel
                0x00002580                EDMA_DRV_StopChannel
                0x00002598                EDMA_DRV_SetChannelRequestAndTrigger
                0x000025dc                EDMA_DRV_ChannelInit
                0x0000267c                EDMA_DRV_Init
                0x0000272c                EDMA_DRV_ClearTCD
                0x00002740                EDMA_DRV_SetSrcAddr
                0x00002754                EDMA_DRV_SetSrcOffset
                0x00002768                EDMA_DRV_SetSrcReadChunkSize
                0x0000278e                EDMA_DRV_SetSrcLastAddrAdjustment
                0x000027a4                EDMA_DRV_SetDestLastAddrAdjustment
                0x000027ba                EDMA_DRV_SetDestAddr
                0x000027d0                EDMA_DRV_SetDestOffset
                0x000027e8                EDMA_DRV_SetDestWriteChunkSize
                0x0000280c                EDMA_DRV_SetMinorLoopBlockSize
                0x00002820                EDMA_DRV_SetMajorLoopIterationCount
                0x00002834                EDMA_DRV_GetRemainingMajorIterationsCount
                0x00002848                EDMA_DRV_SetScatterGatherLink
                0x0000285c                EDMA_DRV_DisableRequestsOnTransferComplete
                0x00002894                EDMA_DRV_ConfigureInterrupt
                0x00002914                EDMA_DRV_CancelTransfer
                0x0000292c                EDMA_DRV_TriggerSwRequest
                0x0000293c                EDMA_DRV_PushConfigToSTCD
                0x000029ca                EDMA_DRV_PushConfigToReg
                0x00002ba4                EDMA_DRV_ConfigLoopTransfer
                0x00002bcc                EDMA_DRV_ConfigScatterGatherTransfer
                0x00002d6c                EDMA_DRV_GetChannelStatus
                0x00002d7c                EDMA_DRV_GetDmaRegBaseAddr
 .text          0x00002d84      0x284 edma_hw_access.o
                0x00002d84                EDMA_CancelTransfer
                0x00002d96                EDMA_CancelTransferWithError
                0x00002da8                EDMA_SetErrorIntCmd
                0x00002db2                EDMA_SetDmaRequestCmd
                0x00002dbc                EDMA_TCDClearReg
                0x00002e06                EDMA_Init
                0x00002e28                EDMA_TCDSetAttribute
                0x00002e58                EDMA_TCDSetNbytes
                0x00002eb4                EDMA_TCDSetMinorLoopOffset
                0x00002ef8                EDMA_TCDSetScatterGatherLink
                0x00002f04                EDMA_TCDSetChannelMinorLink
                0x00002f6e                EDMA_TCDSetMajorCount
                0x00002fcc                EDMA_TCDGetCurrentMajorCount
                0x00002ff8                DMAMUX_Init
 .text          0x00003008       0xc8 edma_irq.o
                0x00003008                DMA0_IRQHandler
                0x00003012                DMA1_IRQHandler
                0x0000301c                DMA2_IRQHandler
                0x00003026                DMA3_IRQHandler
                0x00003030                DMA4_IRQHandler
                0x0000303a                DMA5_IRQHandler
                0x00003044                DMA6_IRQHandler
                0x0000304e                DMA7_IRQHandler
                0x00003058                DMA8_IRQHandler
                0x00003062                DMA9_IRQHandler
                0x0000306c                DMA10_IRQHandler
                0x00003076                DMA11_IRQHandler
                0x00003080                DMA12_IRQHandler
                0x0000308a                DMA13_IRQHandler
                0x00003094                DMA14_IRQHandler
                0x0000309e                DMA15_IRQHandler
                0x000030a8                DMA_Error_IRQHandler
 .text          0x000030d0      0x1ac interrupt_manager.o
                0x000030d0                INT_SYS_InstallHandler
                0x00003110                INT_SYS_EnableIRQ
                0x00003128                INT_SYS_DisableIRQ
                0x00003144                INT_SYS_EnableIRQGlobal
                0x00003160                INT_SYS_DisableIRQGlobal
                0x00003170                INT_SYS_SetPriority
                0x000031c8                INT_SYS_GetPriority
                0x0000320c                INT_SYS_ClearPending
                0x00003228                INT_SYS_SetPending
                0x00003244                INT_SYS_GetPending
                0x00003260                INT_SYS_GetActive
 .text          0x0000327c      0x62c lpit_driver.o
                0x0000327c                LPIT_DRV_GetDefaultConfig
                0x00003284                LPIT_DRV_GetDefaultChanConfig
                0x000032a4                LPIT_DRV_Init
                0x00003350                LPIT_DRV_Deinit
                0x00003360                LPIT_DRV_StartTimerChannels
                0x00003370                LPIT_DRV_StopTimerChannels
                0x00003380                LPIT_DRV_SetTimerPeriodByUs
                0x0000342c                LPIT_DRV_InitChannel
                0x000035b4                LPIT_DRV_SetTimerPeriodInDual16ModeByUs
                0x00003638                LPIT_DRV_GetTimerPeriodByUs
                0x0000374c                LPIT_DRV_GetCurrentTimerUs
                0x00003804                LPIT_DRV_SetTimerPeriodByCount
                0x00003814                LPIT_DRV_SetTimerPeriodInDual16ModeByCount
                0x00003828                LPIT_DRV_GetTimerPeriodByCount
                0x0000384c                LPIT_DRV_GetCurrentTimerCount
                0x00003870                LPIT_DRV_EnableTimerChannelInterrupt
                0x00003880                LPIT_DRV_DisableTimerChannelInterrupt
                0x00003890                LPIT_DRV_GetInterruptFlagTimerChannels
                0x0000389c                LPIT_DRV_ClearInterruptFlagTimerChannels
 .text          0x000038a8      0x20c lpspi_hw_access.o
                0x000038a8                LPSPI_Init
                0x000038b2                LPSPI_Disable
                0x000038ca                LPSPI_SetMasterSlaveMode
                0x000038d8                LPSPI_SetFlushFifoCmd
                0x000038e6                LPSPI_ClearStatusFlag
                0x00003906                LPSPI_SetPcsPolarityMode
                0x00003922                LPSPI_SetPinConfigMode
                0x00003944                LPSPI_SetBaudRateDivisor
                0x00003954                LPSPI_SetBaudRate
                0x00003a5c                LPSPI_SetTxCommandReg
                0x00003aa6                LPSPI_SetPcs
 .text          0x00003ab4       0x1e lpspi_irq.o
                0x00003ab4                LPSPI0_IRQHandler
                0x00003abe                LPSPI1_IRQHandler
                0x00003ac8                LPSPI2_IRQHandler
 *fill*         0x00003ad2        0x2 
 .text          0x00003ad4      0x744 lpspi_master_driver.o
                0x00003d4c                LPSPI_DRV_MasterGetDefaultConfig
                0x00003d7c                LPSPI_DRV_MasterDeinit
                0x00003db4                LPSPI_DRV_MasterSetDelay
                0x00003e04                LPSPI_DRV_MasterConfigureBus
                0x00003f18                LPSPI_DRV_MasterInit
                0x00003f98                LPSPI_DRV_MasterTransferBlocking
                0x00004058                LPSPI_DRV_MasterTransfer
                0x00004066                LPSPI_DRV_MasterGetTransferStatus
                0x00004094                LPSPI_DRV_MasterAbortTransfer
                0x00004120                LPSPI_DRV_SetPcs
                0x00004164                LPSPI_DRV_MasterIRQHandler
 .text          0x00004218      0x198 lpspi_shared_function.o
                0x00004218                LPSPI_DRV_IRQHandler
                0x00004240                LPSPI_DRV_FillupTxBuffer
                0x000042f4                LPSPI_DRV_ReadRXBuffer
                0x00004380                LPSPI_DRV_DisableTEIEInterrupts
 .text          0x000043b0      0x5d0 lpspi_slave_driver.o
                0x000043b0                LPSPI_DRV_SlaveGetDefaultConfig
                0x000043ce                LPSPI_DRV_SlaveInit
                0x000044cc                LPSPI_DRV_SlaveDeinit
                0x00004508                LPSPI_DRV_SlaveTransfer
                0x00004740                LPSPI_DRV_SlaveAbortTransfer
                0x000047b4                LPSPI_DRV_SlaveTransferBlocking
                0x00004880                LPSPI_DRV_SlaveIRQHandler
                0x00004954                LPSPI_DRV_SlaveGetTransferStatus
 .text          0x00004980       0xcc mbd_main.o
                0x00004980                LPIT0_Ch0_IRQHandler
                0x00004990                SYSTEM_INIT_TASK
                0x00004998                SYSTEM_TASK
                0x000049a0                lpit0_init
                0x000049e4                lpit0_init_step_timer
                0x00004a20                main
 .text          0x00004a4c      0x150 osif_baremetal.o
                0x00004a4c                SysTick_Handler
                0x00004a5c                OSIF_TimeDelay
                0x00004abc                OSIF_GetMilliseconds
                0x00004ac8                OSIF_MutexLock
                0x00004acc                OSIF_MutexUnlock
                0x00004ad0                OSIF_MutexCreate
                0x00004ad4                OSIF_MutexDestroy
                0x00004ad8                OSIF_SemaWait
                0x00004b5c                OSIF_SemaPost
                0x00004b82                OSIF_SemaCreate
                0x00004b96                OSIF_SemaDestroy
 .text          0x00004b9c      0x144 pins_driver.o
                0x00004b9c                PINS_DRV_Init
                0x00004bbc                PINS_DRV_SetPullSel
                0x00004bf6                PINS_DRV_SetMuxModeSel
                0x00004bfe                PINS_DRV_SetPinIntSel
                0x00004c14                PINS_DRV_GetPinIntSel
                0x00004c1e                PINS_DRV_ClearPinIntFlagCmd
                0x00004c2c                PINS_DRV_EnableDigitalFilter
                0x00004c3e                PINS_DRV_DisableDigitalFilter
                0x00004c52                PINS_DRV_ConfigDigitalFilter
                0x00004c68                PINS_DRV_GetPortIntFlag
                0x00004c6e                PINS_DRV_ClearPortIntFlagCmd
                0x00004c78                PINS_DRV_GetPinsDirection
                0x00004c7c                PINS_DRV_SetPinDirection
                0x00004c94                PINS_DRV_SetPinsDirection
                0x00004c98                PINS_DRV_SetPortInputDisable
                0x00004c9c                PINS_DRV_GetPortInputDisable
                0x00004ca0                PINS_DRV_SetGlobalPinControl
                0x00004ca8                PINS_DRV_SetGlobalIntControl
                0x00004cb0                PINS_DRV_WritePin
                0x00004cc8                PINS_DRV_WritePins
                0x00004ccc                PINS_DRV_GetPinsOutput
                0x00004cd0                PINS_DRV_SetPins
                0x00004cd4                PINS_DRV_ClearPins
                0x00004cd8                PINS_DRV_TogglePins
                0x00004cdc                PINS_DRV_ReadPins
 .text          0x00004ce0      0x224 pins_port_hw_access.o
                0x00004d50                PINS_Init
                0x00004e64                PINS_SetMuxModeSel
                0x00004eb4                PINS_SetGlobalPinControl
                0x00004ee0                PINS_SetGlobalIntControl
 .text          0x00004f04      0x1d0 power_manager.o
                0x00004fa8                POWER_SYS_Init
                0x00004fd4                POWER_SYS_Deinit
                0x00004fec                POWER_SYS_GetLastMode
                0x00005004                POWER_SYS_GetLastModeConfig
                0x00005020                POWER_SYS_GetErrorCallbackIndex
                0x0000502c                POWER_SYS_GetErrorCallback
                0x00005048                POWER_SYS_SetMode
                0x000050c8                POWER_SYS_GetDefaultConfig
 .text          0x000050d4      0x504 power_manager_S32K1xx.o
                0x000051a0                POWER_SYS_DoInit
                0x00005238                POWER_SYS_DoDeinit
                0x0000524c                POWER_SYS_GetCurrentMode
                0x00005270                POWER_SYS_DoSetMode
                0x00005576                POWER_SYS_GetResetSrcStatusCmd
 .text          0x000055d8      0x184 power_smc_hw_access.o
                0x00005648                SMC_SetPowerMode
                0x00005744                SMC_SetProtectionMode
 .text          0x0000575c      0x118 s32k_clock_init.o
                0x0000575c                Clock_Setup
                0x0000585c                UpdateSystickConfig
 .text          0x00005874       0xd8 startup.o
                0x00005874                init_data_bss
 .text          0x0000594c       0xd4 system_S32K144.o
                0x0000594c                SystemInit
                0x00005988                SystemCoreClockUpdate
                0x00005a08                SystemSoftwareReset
 .text          0x00005a20       0x30 c:/users/kamil/appdata/roaming/mathworks/matlab add-ons/toolboxes/nxp_mbdtoolbox_s32k1xx/tools/gcc-6.3-arm32-eabi/bin/../lib/gcc/arm-none-eabi/6.3.1/thumb/v7e-m/fpv4-sp/hard\libgcc.a(_aeabi_uldivmod.o)
                0x00005a20                __aeabi_uldivmod
 .text          0x00005a50      0x2e4 c:/users/kamil/appdata/roaming/mathworks/matlab add-ons/toolboxes/nxp_mbdtoolbox_s32k1xx/tools/gcc-6.3-arm32-eabi/bin/../lib/gcc/arm-none-eabi/6.3.1/thumb/v7e-m/fpv4-sp/hard\libgcc.a(_udivmoddi4.o)
                0x00005a50                __udivmoddi4
 .text          0x00005d34        0x4 c:/users/kamil/appdata/roaming/mathworks/matlab add-ons/toolboxes/nxp_mbdtoolbox_s32k1xx/tools/gcc-6.3-arm32-eabi/bin/../lib/gcc/arm-none-eabi/6.3.1/thumb/v7e-m/fpv4-sp/hard\libgcc.a(_dvmd_tls.o)
                0x00005d34                __aeabi_idiv0
                0x00005d34                __aeabi_ldiv0
 *(.text*)
 .text.memset   0x00005d38       0x10 C:/Users/kamil/AppData/Roaming/MathWorks/MATLAB Add-Ons/Toolboxes/NXP_MBDToolbox_S32K1xx/tools/gcc-6.3-arm32-eabi/arm-none-eabi/newlib/lib/thumb/v7e-m/fpv4-sp/hard\libc.a(lib_a-memset.o)
                0x00005d38                memset
 .text.startup.register_fini
                0x00005d48       0x14 C:/Users/kamil/AppData/Roaming/MathWorks/MATLAB Add-Ons/Toolboxes/NXP_MBDToolbox_S32K1xx/tools/gcc-6.3-arm32-eabi/arm-none-eabi/newlib/lib/thumb/v7e-m/fpv4-sp/hard\libc.a(lib_a-__call_atexit.o)
 .text.__libc_fini_array
                0x00005d5c       0x28 C:/Users/kamil/AppData/Roaming/MathWorks/MATLAB Add-Ons/Toolboxes/NXP_MBDToolbox_S32K1xx/tools/gcc-6.3-arm32-eabi/arm-none-eabi/newlib/lib/thumb/v7e-m/fpv4-sp/hard\libc.a(lib_a-fini.o)
                0x00005d5c                __libc_fini_array
 .text.atexit   0x00005d84        0xc C:/Users/kamil/AppData/Roaming/MathWorks/MATLAB Add-Ons/Toolboxes/NXP_MBDToolbox_S32K1xx/tools/gcc-6.3-arm32-eabi/arm-none-eabi/newlib/lib/thumb/v7e-m/fpv4-sp/hard\libc.a(lib_a-atexit.o)
                0x00005d84                atexit
 .text.__register_exitproc
                0x00005d90       0x98 C:/Users/kamil/AppData/Roaming/MathWorks/MATLAB Add-Ons/Toolboxes/NXP_MBDToolbox_S32K1xx/tools/gcc-6.3-arm32-eabi/arm-none-eabi/newlib/lib/thumb/v7e-m/fpv4-sp/hard\libc.a(lib_a-__atexit.o)
                0x00005d90                __register_exitproc
 *(.rodata)
 .rodata        0x00005e28        0x3 Pressure_SPI_BMP388_data.o
                0x00005e28                Pressure_SPI_BMP388_ConstP
 *fill*         0x00005e2b        0x1 
 .rodata        0x00005e2c      0x20d clock_S32K1xx.o
                0x00005f28                clockNameMappings
                0x00005fd8                peripheralFeaturesList
 *fill*         0x00006039        0x3 
 .rodata        0x0000603c       0x10 edma_driver.o
 .rodata        0x0000604c       0x20 lpspi_hw_access.o
 .rodata        0x0000606c       0x1c mbd_main.o
 *(.rodata*)
 .rodata._global_impure_ptr
                0x00006088        0x4 C:/Users/kamil/AppData/Roaming/MathWorks/MATLAB Add-Ons/Toolboxes/NXP_MBDToolbox_S32K1xx/tools/gcc-6.3-arm32-eabi/arm-none-eabi/newlib/lib/thumb/v7e-m/fpv4-sp/hard\libc.a(lib_a-impure.o)
                0x00006088                _global_impure_ptr
 *(.glue_7)
 .glue_7        0x0000608c        0x0 linker stubs
 *(.glue_7t)
 .glue_7t       0x0000608c        0x0 linker stubs
 *(.eh_frame)
 .eh_frame      0x0000608c        0x0 c:/users/kamil/appdata/roaming/mathworks/matlab add-ons/toolboxes/nxp_mbdtoolbox_s32k1xx/tools/gcc-6.3-arm32-eabi/bin/../lib/gcc/arm-none-eabi/6.3.1/thumb/v7e-m/fpv4-sp/hard/crtbegin.o
 *(.init)
 .init          0x0000608c        0x4 c:/users/kamil/appdata/roaming/mathworks/matlab add-ons/toolboxes/nxp_mbdtoolbox_s32k1xx/tools/gcc-6.3-arm32-eabi/bin/../lib/gcc/arm-none-eabi/6.3.1/thumb/v7e-m/fpv4-sp/hard/crti.o
                0x0000608c                _init
 .init          0x00006090        0x8 c:/users/kamil/appdata/roaming/mathworks/matlab add-ons/toolboxes/nxp_mbdtoolbox_s32k1xx/tools/gcc-6.3-arm32-eabi/bin/../lib/gcc/arm-none-eabi/6.3.1/thumb/v7e-m/fpv4-sp/hard/crtn.o
 *(.fini)
 .fini          0x00006098        0x4 c:/users/kamil/appdata/roaming/mathworks/matlab add-ons/toolboxes/nxp_mbdtoolbox_s32k1xx/tools/gcc-6.3-arm32-eabi/bin/../lib/gcc/arm-none-eabi/6.3.1/thumb/v7e-m/fpv4-sp/hard/crti.o
                0x00006098                _fini
 .fini          0x0000609c        0x8 c:/users/kamil/appdata/roaming/mathworks/matlab add-ons/toolboxes/nxp_mbdtoolbox_s32k1xx/tools/gcc-6.3-arm32-eabi/bin/../lib/gcc/arm-none-eabi/6.3.1/thumb/v7e-m/fpv4-sp/hard/crtn.o
                0x000060a4                . = ALIGN (0x4)

.vfp11_veneer   0x000060a4        0x0
 .vfp11_veneer  0x000060a4        0x0 linker stubs

.v4_bx          0x000060a4        0x0
 .v4_bx         0x000060a4        0x0 linker stubs

.iplt           0x000060a4        0x0
 .iplt          0x000060a4        0x0 c:/users/kamil/appdata/roaming/mathworks/matlab add-ons/toolboxes/nxp_mbdtoolbox_s32k1xx/tools/gcc-6.3-arm32-eabi/bin/../lib/gcc/arm-none-eabi/6.3.1/thumb/v7e-m/fpv4-sp/hard/crtbegin.o

.ARM.extab
 *(.ARM.extab* .gnu.linkonce.armextab.*)

.ARM            0x000060a4        0x8
                0x000060a4                __exidx_start = .
 *(.ARM.exidx*)
 .ARM.exidx     0x000060a4        0x8 c:/users/kamil/appdata/roaming/mathworks/matlab add-ons/toolboxes/nxp_mbdtoolbox_s32k1xx/tools/gcc-6.3-arm32-eabi/bin/../lib/gcc/arm-none-eabi/6.3.1/thumb/v7e-m/fpv4-sp/hard\libgcc.a(_udivmoddi4.o)
                0x000060ac                __exidx_end = .

.rel.dyn        0x000060ac        0x0
 .rel.iplt      0x000060ac        0x0 c:/users/kamil/appdata/roaming/mathworks/matlab add-ons/toolboxes/nxp_mbdtoolbox_s32k1xx/tools/gcc-6.3-arm32-eabi/bin/../lib/gcc/arm-none-eabi/6.3.1/thumb/v7e-m/fpv4-sp/hard/crtbegin.o

.ctors          0x000060ac        0x0
                0x000060ac                __CTOR_LIST__ = .
 *crtbegin.o(.ctors)
 *crtbegin?.o(.ctors)
 *(EXCLUDE_FILE(*crtend.o *crtend?.o) .ctors)
 *(SORT(.ctors.*))
 *(.ctors)
                0x000060ac                __CTOR_END__ = .

.dtors          0x000060ac        0x0
                0x000060ac                __DTOR_LIST__ = .
 *crtbegin.o(.dtors)
 *crtbegin?.o(.dtors)
 *(EXCLUDE_FILE(*crtend.o *crtend?.o) .dtors)
 *(SORT(.dtors.*))
 *(.dtors)
                0x000060ac                __DTOR_END__ = .

.preinit_array  0x000060ac        0x0
                0x000060ac                PROVIDE (__preinit_array_start, .)
 *(.preinit_array*)
                0x000060ac                PROVIDE (__preinit_array_end, .)

.init_array     0x000060ac        0x8
                0x000060ac                PROVIDE (__init_array_start, .)
 *(SORT(.init_array.*))
 .init_array.00000
                0x000060ac        0x4 C:/Users/kamil/AppData/Roaming/MathWorks/MATLAB Add-Ons/Toolboxes/NXP_MBDToolbox_S32K1xx/tools/gcc-6.3-arm32-eabi/arm-none-eabi/newlib/lib/thumb/v7e-m/fpv4-sp/hard\libc.a(lib_a-__call_atexit.o)
 *(.init_array*)
 .init_array    0x000060b0        0x4 c:/users/kamil/appdata/roaming/mathworks/matlab add-ons/toolboxes/nxp_mbdtoolbox_s32k1xx/tools/gcc-6.3-arm32-eabi/bin/../lib/gcc/arm-none-eabi/6.3.1/thumb/v7e-m/fpv4-sp/hard/crtbegin.o
                0x000060b4                PROVIDE (__init_array_end, .)

.fini_array     0x000060b4        0x4
                0x000060b4                PROVIDE (__fini_array_start, .)
 *(SORT(.fini_array.*))
 *(.fini_array*)
 .fini_array    0x000060b4        0x4 c:/users/kamil/appdata/roaming/mathworks/matlab add-ons/toolboxes/nxp_mbdtoolbox_s32k1xx/tools/gcc-6.3-arm32-eabi/bin/../lib/gcc/arm-none-eabi/6.3.1/thumb/v7e-m/fpv4-sp/hard/crtbegin.o
                0x000060b8                PROVIDE (__fini_array_end, .)
                0x000060b8                __etext = .
                0x000060b8                __DATA_ROM = .

.interrupts_ram
                0x1fff8000      0x400
                0x1fff8000                . = ALIGN (0x4)
                0x1fff8000                __VECTOR_RAM__ = .
                0x1fff8000                __RAM_START = .
                0x1fff8000                __interrupts_ram_start__ = .
 *(.m_interrupts_ram)
                0x1fff8400                . = (. + M_VECTOR_RAM_SIZE)
 *fill*         0x1fff8000      0x400 
                0x1fff8400                . = ALIGN (0x4)
                0x1fff8400                __interrupts_ram_end__ = .
                0x1fff8000                __VECTOR_RAM = DEFINED (__flash_vector_table__)?ORIGIN (m_interrupts):__VECTOR_RAM__
                0x00000400                __RAM_VECTOR_TABLE_SIZE = DEFINED (__flash_vector_table__)?0x0:(__interrupts_ram_end__ - __interrupts_ram_start__)

.data           0x1fff8400      0x4d4 load address 0x000060b8
                0x1fff8400                . = ALIGN (0x4)
                0x1fff8400                __DATA_RAM = .
                0x1fff8400                __data_start__ = .
 *(.data)
 .data          0x1fff8400       0xa0 clock_S32K1xx.o
 .data          0x1fff84a0        0xf lpspi_shared_function.o
                0x1fff84a0                g_lpspiBase
                0x1fff84ac                g_lpspiIrqId
 .data          0x1fff84af        0x1 osif_baremetal.o
 .data          0x1fff84b0        0x4 system_S32K144.o
                0x1fff84b0                SystemCoreClock
 *(.data*)
 *fill*         0x1fff84b4        0x4 
 .data.impure_data
                0x1fff84b8      0x418 C:/Users/kamil/AppData/Roaming/MathWorks/MATLAB Add-Ons/Toolboxes/NXP_MBDToolbox_S32K1xx/tools/gcc-6.3-arm32-eabi/arm-none-eabi/newlib/lib/thumb/v7e-m/fpv4-sp/hard\libc.a(lib_a-impure.o)
 *(.jcr*)
 .jcr           0x1fff88d0        0x0 c:/users/kamil/appdata/roaming/mathworks/matlab add-ons/toolboxes/nxp_mbdtoolbox_s32k1xx/tools/gcc-6.3-arm32-eabi/bin/../lib/gcc/arm-none-eabi/6.3.1/thumb/v7e-m/fpv4-sp/hard/crtbegin.o
 .jcr           0x1fff88d0        0x4 c:/users/kamil/appdata/roaming/mathworks/matlab add-ons/toolboxes/nxp_mbdtoolbox_s32k1xx/tools/gcc-6.3-arm32-eabi/bin/../lib/gcc/arm-none-eabi/6.3.1/thumb/v7e-m/fpv4-sp/hard/crtend.o
                0x1fff88d4                . = ALIGN (0x4)
                0x1fff88d4                __data_end__ = .
                0x0000658c                __DATA_END = (__DATA_ROM + (__data_end__ - __data_start__))
                0x0000658c                __CODE_ROM = __DATA_END

.tm_clone_table
                0x1fff88d4        0x0 load address 0x0000658c
 .tm_clone_table
                0x1fff88d4        0x0 c:/users/kamil/appdata/roaming/mathworks/matlab add-ons/toolboxes/nxp_mbdtoolbox_s32k1xx/tools/gcc-6.3-arm32-eabi/bin/../lib/gcc/arm-none-eabi/6.3.1/thumb/v7e-m/fpv4-sp/hard/crtbegin.o
 .tm_clone_table
                0x1fff88d4        0x0 c:/users/kamil/appdata/roaming/mathworks/matlab add-ons/toolboxes/nxp_mbdtoolbox_s32k1xx/tools/gcc-6.3-arm32-eabi/bin/../lib/gcc/arm-none-eabi/6.3.1/thumb/v7e-m/fpv4-sp/hard/crtend.o

.igot.plt       0x1fff88d4        0x0 load address 0x0000658c
 .igot.plt      0x1fff88d4        0x0 c:/users/kamil/appdata/roaming/mathworks/matlab add-ons/toolboxes/nxp_mbdtoolbox_s32k1xx/tools/gcc-6.3-arm32-eabi/bin/../lib/gcc/arm-none-eabi/6.3.1/thumb/v7e-m/fpv4-sp/hard/crtbegin.o

.code           0x1fff88d4        0x0 load address 0x0000658c
                0x1fff88d4                . = ALIGN (0x4)
                0x1fff88d4                __CODE_RAM = .
                0x1fff88d4                __code_start__ = .
                0x1fff88d4                __code_ram_start__ = .
 *(.code_ram)
                0x1fff88d4                . = ALIGN (0x4)
                0x1fff88d4                __code_end__ = .
                0x1fff88d4                __code_ram_end__ = .
                0x0000658c                __CODE_END = (__CODE_ROM + (__code_end__ - __code_start__))
                0x0000658c                __CUSTOM_ROM = __CODE_END

.customSectionBlock
                0x20000000        0x0 load address 0x0000658c
                0x20000000                __customSection_start__ = .
 *(.customSection)
                0x20000000                __customSection_end__ = .
                0x0000658c                __CUSTOM_END = (__CUSTOM_ROM + (__customSection_end__ - __customSection_start__))

.bss            0x20000000       0xb8
                0x20000000                . = ALIGN (0x4)
                0x20000000                __BSS_START = .
                0x20000000                __bss_start__ = .
 *(.bss)
 .bss           0x20000000       0x1c c:/users/kamil/appdata/roaming/mathworks/matlab add-ons/toolboxes/nxp_mbdtoolbox_s32k1xx/tools/gcc-6.3-arm32-eabi/bin/../lib/gcc/arm-none-eabi/6.3.1/thumb/v7e-m/fpv4-sp/hard/crtbegin.o
 .bss           0x2000001c       0x10 clock_S32K1xx.o
 .bss           0x2000002c        0x4 edma_driver.o
 .bss           0x20000030        0x4 interrupt_manager.o
 .bss           0x20000034        0x4 lpit_driver.o
 .bss           0x20000038        0xc lpspi_shared_function.o
                0x20000038                g_lpspiStatePtr
 .bss           0x20000044        0x4 osif_baremetal.o
 .bss           0x20000048        0xc power_manager_S32K1xx.o
 *(.bss*)
 *(COMMON)
 COMMON         0x20000054       0x40 Pressure_SPI_BMP388.o
                0x20000054                Pressure_SPI_BMP388_B
                0x20000058                pressure_digital
                0x2000005c                pressure_digital1
                0x20000060                lpspiMasterState0
 COMMON         0x20000094       0x14 clock_S32K1xx.o
                0x20000094                g_xtal0ClkFreq
                0x20000098                g_RtcClkInFreq
                0x2000009c                g_TClkFreq
 COMMON         0x200000a8       0x10 power_manager_S32K1xx.o
                0x200000a8                gPowerManagerState
                0x200000b8                . = ALIGN (0x4)
                0x200000b8                __bss_end__ = .
                0x200000b8                __BSS_END = .

.heap           0x200000b8      0x400
                0x200000b8                . = ALIGN (0x8)
                0x200000b8                __end__ = .
                0x200000b8                __heap_start__ = .
                [!provide]                PROVIDE (end, .)
                [!provide]                PROVIDE (_end, .)
                [!provide]                PROVIDE (__end, .)
                0x200000b8                __HeapBase = .
                0x200004b8                . = (. + HEAP_SIZE)
 *fill*         0x200000b8      0x400 
                0x200004b8                __HeapLimit = .
                0x200004b8                __heap_limit = .
                0x200004b8                __heap_end__ = .
                0x20007000                __StackTop = (ORIGIN (m_data_2) + LENGTH (m_data_2))
                0x20006c00                __StackLimit = (__StackTop - STACK_SIZE)
                0x20007000                PROVIDE (__stack, __StackTop)
                0x20007000                __RAM_END = __StackTop

.stack          0x20006c00      0x400
                0x20006c00                . = ALIGN (0x8)
                0x20006c00                __stack_start__ = .
                0x20007000                . = (. + STACK_SIZE)
 *fill*         0x20006c00      0x400 
                0x20007000                __stack_end__ = .

.ARM.attributes
                0x00000000       0x30
 *(.ARM.attributes)
 .ARM.attributes
                0x00000000       0x22 c:/users/kamil/appdata/roaming/mathworks/matlab add-ons/toolboxes/nxp_mbdtoolbox_s32k1xx/tools/gcc-6.3-arm32-eabi/bin/../lib/gcc/arm-none-eabi/6.3.1/thumb/v7e-m/fpv4-sp/hard/crti.o
 .ARM.attributes
                0x00000022       0x34 c:/users/kamil/appdata/roaming/mathworks/matlab add-ons/toolboxes/nxp_mbdtoolbox_s32k1xx/tools/gcc-6.3-arm32-eabi/bin/../lib/gcc/arm-none-eabi/6.3.1/thumb/v7e-m/fpv4-sp/hard/crtbegin.o
 .ARM.attributes
                0x00000056       0x1f startup_S32K144.o
 .ARM.attributes
                0x00000075       0x39 Pressure_SPI_BMP388.o
 .ARM.attributes
                0x000000ae       0x39 Pressure_SPI_BMP388_data.o
 .ARM.attributes
                0x000000e7       0x39 clock_S32K1xx.o
 .ARM.attributes
                0x00000120       0x39 edma_driver.o
 .ARM.attributes
                0x00000159       0x39 edma_hw_access.o
 .ARM.attributes
                0x00000192       0x39 edma_irq.o
 .ARM.attributes
                0x000001cb       0x39 interrupt_manager.o
 .ARM.attributes
                0x00000204       0x39 lpit_driver.o
 .ARM.attributes
                0x0000023d       0x39 lpspi_hw_access.o
 .ARM.attributes
                0x00000276       0x39 lpspi_irq.o
 .ARM.attributes
                0x000002af       0x39 lpspi_master_driver.o
 .ARM.attributes
                0x000002e8       0x39 lpspi_shared_function.o
 .ARM.attributes
                0x00000321       0x39 lpspi_slave_driver.o
 .ARM.attributes
                0x0000035a       0x39 mbd_main.o
 .ARM.attributes
                0x00000393       0x39 osif_baremetal.o
 .ARM.attributes
                0x000003cc       0x39 pins_driver.o
 .ARM.attributes
                0x00000405       0x39 pins_port_hw_access.o
 .ARM.attributes
                0x0000043e       0x39 power_manager.o
 .ARM.attributes
                0x00000477       0x39 power_manager_S32K1xx.o
 .ARM.attributes
                0x000004b0       0x39 power_smc_hw_access.o
 .ARM.attributes
                0x000004e9       0x39 s32k_clock_init.o
 .ARM.attributes
                0x00000522       0x39 startup.o
 .ARM.attributes
                0x0000055b       0x39 system_S32K144.o
 .ARM.attributes
                0x00000594       0x22 c:/users/kamil/appdata/roaming/mathworks/matlab add-ons/toolboxes/nxp_mbdtoolbox_s32k1xx/tools/gcc-6.3-arm32-eabi/bin/../lib/gcc/arm-none-eabi/6.3.1/thumb/v7e-m/fpv4-sp/hard\libgcc.a(_aeabi_uldivmod.o)
 .ARM.attributes
                0x000005b6       0x34 c:/users/kamil/appdata/roaming/mathworks/matlab add-ons/toolboxes/nxp_mbdtoolbox_s32k1xx/tools/gcc-6.3-arm32-eabi/bin/../lib/gcc/arm-none-eabi/6.3.1/thumb/v7e-m/fpv4-sp/hard\libgcc.a(_udivmoddi4.o)
 .ARM.attributes
                0x000005ea       0x22 c:/users/kamil/appdata/roaming/mathworks/matlab add-ons/toolboxes/nxp_mbdtoolbox_s32k1xx/tools/gcc-6.3-arm32-eabi/bin/../lib/gcc/arm-none-eabi/6.3.1/thumb/v7e-m/fpv4-sp/hard\libgcc.a(_dvmd_tls.o)
 .ARM.attributes
                0x0000060c       0x34 C:/Users/kamil/AppData/Roaming/MathWorks/MATLAB Add-Ons/Toolboxes/NXP_MBDToolbox_S32K1xx/tools/gcc-6.3-arm32-eabi/arm-none-eabi/newlib/lib/thumb/v7e-m/fpv4-sp/hard\libc.a(lib_a-impure.o)
 .ARM.attributes
                0x00000640       0x34 C:/Users/kamil/AppData/Roaming/MathWorks/MATLAB Add-Ons/Toolboxes/NXP_MBDToolbox_S32K1xx/tools/gcc-6.3-arm32-eabi/arm-none-eabi/newlib/lib/thumb/v7e-m/fpv4-sp/hard\libc.a(lib_a-memset.o)
 .ARM.attributes
                0x00000674       0x34 C:/Users/kamil/AppData/Roaming/MathWorks/MATLAB Add-Ons/Toolboxes/NXP_MBDToolbox_S32K1xx/tools/gcc-6.3-arm32-eabi/arm-none-eabi/newlib/lib/thumb/v7e-m/fpv4-sp/hard\libc.a(lib_a-__call_atexit.o)
 .ARM.attributes
                0x000006a8       0x34 C:/Users/kamil/AppData/Roaming/MathWorks/MATLAB Add-Ons/Toolboxes/NXP_MBDToolbox_S32K1xx/tools/gcc-6.3-arm32-eabi/arm-none-eabi/newlib/lib/thumb/v7e-m/fpv4-sp/hard\libc.a(lib_a-fini.o)
 .ARM.attributes
                0x000006dc       0x34 C:/Users/kamil/AppData/Roaming/MathWorks/MATLAB Add-Ons/Toolboxes/NXP_MBDToolbox_S32K1xx/tools/gcc-6.3-arm32-eabi/arm-none-eabi/newlib/lib/thumb/v7e-m/fpv4-sp/hard\libc.a(lib_a-atexit.o)
 .ARM.attributes
                0x00000710       0x34 C:/Users/kamil/AppData/Roaming/MathWorks/MATLAB Add-Ons/Toolboxes/NXP_MBDToolbox_S32K1xx/tools/gcc-6.3-arm32-eabi/arm-none-eabi/newlib/lib/thumb/v7e-m/fpv4-sp/hard\libc.a(lib_a-__atexit.o)
 .ARM.attributes
                0x00000744       0x34 c:/users/kamil/appdata/roaming/mathworks/matlab add-ons/toolboxes/nxp_mbdtoolbox_s32k1xx/tools/gcc-6.3-arm32-eabi/bin/../lib/gcc/arm-none-eabi/6.3.1/thumb/v7e-m/fpv4-sp/hard/crtend.o
 .ARM.attributes
                0x00000778       0x22 c:/users/kamil/appdata/roaming/mathworks/matlab add-ons/toolboxes/nxp_mbdtoolbox_s32k1xx/tools/gcc-6.3-arm32-eabi/bin/../lib/gcc/arm-none-eabi/6.3.1/thumb/v7e-m/fpv4-sp/hard/crtn.o
                0x00000001                ASSERT ((__StackLimit >= __HeapLimit), region m_data_2 overflowed with stack and heap)
OUTPUT(Pressure_SPI_BMP388.elf elf32-littlearm)

.comment        0x00000000       0xa0
 .comment       0x00000000       0xa0 c:/users/kamil/appdata/roaming/mathworks/matlab add-ons/toolboxes/nxp_mbdtoolbox_s32k1xx/tools/gcc-6.3-arm32-eabi/bin/../lib/gcc/arm-none-eabi/6.3.1/thumb/v7e-m/fpv4-sp/hard/crtbegin.o
                                 0xa1 (size before relaxing)
 .comment       0x000000a0       0xa1 Pressure_SPI_BMP388.o
 .comment       0x000000a0       0xa1 Pressure_SPI_BMP388_data.o
 .comment       0x000000a0       0xa1 clock_S32K1xx.o
 .comment       0x000000a0       0xa1 edma_driver.o
 .comment       0x000000a0       0xa1 edma_hw_access.o
 .comment       0x000000a0       0xa1 edma_irq.o
 .comment       0x000000a0       0xa1 interrupt_manager.o
 .comment       0x000000a0       0xa1 lpit_driver.o
 .comment       0x000000a0       0xa1 lpspi_hw_access.o
 .comment       0x000000a0       0xa1 lpspi_irq.o
 .comment       0x000000a0       0xa1 lpspi_master_driver.o
 .comment       0x000000a0       0xa1 lpspi_shared_function.o
 .comment       0x000000a0       0xa1 lpspi_slave_driver.o
 .comment       0x000000a0       0xa1 mbd_main.o
 .comment       0x000000a0       0xa1 osif_baremetal.o
 .comment       0x000000a0       0xa1 pins_driver.o
 .comment       0x000000a0       0xa1 pins_port_hw_access.o
 .comment       0x000000a0       0xa1 power_manager.o
 .comment       0x000000a0       0xa1 power_manager_S32K1xx.o
 .comment       0x000000a0       0xa1 power_smc_hw_access.o
 .comment       0x000000a0       0xa1 s32k_clock_init.o
 .comment       0x000000a0       0xa1 startup.o
 .comment       0x000000a0       0xa1 system_S32K144.o
 .comment       0x000000a0       0xa1 c:/users/kamil/appdata/roaming/mathworks/matlab add-ons/toolboxes/nxp_mbdtoolbox_s32k1xx/tools/gcc-6.3-arm32-eabi/bin/../lib/gcc/arm-none-eabi/6.3.1/thumb/v7e-m/fpv4-sp/hard/crtend.o

.debug_line     0x00000000     0x542c
 .debug_line    0x00000000       0x6e startup_S32K144.o
 .debug_line    0x0000006e      0x2d0 Pressure_SPI_BMP388.o
 .debug_line    0x0000033e      0x27a Pressure_SPI_BMP388_data.o
 .debug_line    0x000005b8      0xede clock_S32K1xx.o
 .debug_line    0x00001496      0x669 edma_driver.o
 .debug_line    0x00001aff      0x278 edma_hw_access.o
 .debug_line    0x00001d77      0x1e1 edma_irq.o
 .debug_line    0x00001f58      0x254 interrupt_manager.o
 .debug_line    0x000021ac      0x45b lpit_driver.o
 .debug_line    0x00002607      0x302 lpspi_hw_access.o
 .debug_line    0x00002909      0x201 lpspi_irq.o
 .debug_line    0x00002b0a      0x5c8 lpspi_master_driver.o
 .debug_line    0x000030d2      0x2d0 lpspi_shared_function.o
 .debug_line    0x000033a2      0x50d lpspi_slave_driver.o
 .debug_line    0x000038af      0x2ee mbd_main.o
 .debug_line    0x00003b9d      0x2a0 osif_baremetal.o
 .debug_line    0x00003e3d      0x32e pins_driver.o
 .debug_line    0x0000416b      0x27b pins_port_hw_access.o
 .debug_line    0x000043e6      0x279 power_manager.o
 .debug_line    0x0000465f      0x51b power_manager_S32K1xx.o
 .debug_line    0x00004b7a      0x2cf power_smc_hw_access.o
 .debug_line    0x00004e49      0x252 s32k_clock_init.o
 .debug_line    0x0000509b      0x1bb startup.o
 .debug_line    0x00005256      0x1d6 system_S32K144.o

.debug_info     0x00000000    0x1bb5c
 .debug_info    0x00000000       0x26 startup_S32K144.o
 .debug_info    0x00000026     0x123f Pressure_SPI_BMP388.o
 .debug_info    0x00001265      0xa0a Pressure_SPI_BMP388_data.o
 .debug_info    0x00001c6f     0x530a clock_S32K1xx.o
 .debug_info    0x00006f79     0x320c edma_driver.o
 .debug_info    0x0000a185      0x94e edma_hw_access.o
 .debug_info    0x0000aad3      0x554 edma_irq.o
 .debug_info    0x0000b027      0x997 interrupt_manager.o
 .debug_info    0x0000b9be     0x1b2d lpit_driver.o
 .debug_info    0x0000d4eb     0x1392 lpspi_hw_access.o
 .debug_info    0x0000e87d      0x748 lpspi_irq.o
 .debug_info    0x0000efc5     0x240e lpspi_master_driver.o
 .debug_info    0x000113d3      0xb20 lpspi_shared_function.o
 .debug_info    0x00011ef3     0x1eed lpspi_slave_driver.o
 .debug_info    0x00013de0     0x1004 mbd_main.o
 .debug_info    0x00014de4      0xa36 osif_baremetal.o
 .debug_info    0x0001581a     0x1360 pins_driver.o
 .debug_info    0x00016b7a      0x89d pins_port_hw_access.o
 .debug_info    0x00017417      0x7dc power_manager.o
 .debug_info    0x00017bf3     0x1718 power_manager_S32K1xx.o
 .debug_info    0x0001930b      0xc0c power_smc_hw_access.o
 .debug_info    0x00019f17     0x1477 s32k_clock_init.o
 .debug_info    0x0001b38e      0x2ad startup.o
 .debug_info    0x0001b63b      0x521 system_S32K144.o

.debug_abbrev   0x00000000     0x33da
 .debug_abbrev  0x00000000       0x14 startup_S32K144.o
 .debug_abbrev  0x00000014      0x201 Pressure_SPI_BMP388.o
 .debug_abbrev  0x00000215      0x133 Pressure_SPI_BMP388_data.o
 .debug_abbrev  0x00000348      0x37b clock_S32K1xx.o
 .debug_abbrev  0x000006c3      0x3aa edma_driver.o
 .debug_abbrev  0x00000a6d      0x1e2 edma_hw_access.o
 .debug_abbrev  0x00000c4f      0x17b edma_irq.o
 .debug_abbrev  0x00000dca      0x1e5 interrupt_manager.o
 .debug_abbrev  0x00000faf      0x360 lpit_driver.o
 .debug_abbrev  0x0000130f      0x293 lpspi_hw_access.o
 .debug_abbrev  0x000015a2      0x130 lpspi_irq.o
 .debug_abbrev  0x000016d2      0x373 lpspi_master_driver.o
 .debug_abbrev  0x00001a45      0x221 lpspi_shared_function.o
 .debug_abbrev  0x00001c66      0x355 lpspi_slave_driver.o
 .debug_abbrev  0x00001fbb      0x233 mbd_main.o
 .debug_abbrev  0x000021ee      0x26a osif_baremetal.o
 .debug_abbrev  0x00002458      0x2a7 pins_driver.o
 .debug_abbrev  0x000026ff      0x1e1 pins_port_hw_access.o
 .debug_abbrev  0x000028e0      0x1e6 power_manager.o
 .debug_abbrev  0x00002ac6      0x363 power_manager_S32K1xx.o
 .debug_abbrev  0x00002e29      0x240 power_smc_hw_access.o
 .debug_abbrev  0x00003069      0x15a s32k_clock_init.o
 .debug_abbrev  0x000031c3       0xdd startup.o
 .debug_abbrev  0x000032a0      0x13a system_S32K144.o

.debug_aranges  0x00000000      0x2f8
 .debug_aranges
                0x00000000       0x20 startup_S32K144.o
 .debug_aranges
                0x00000020       0x20 Pressure_SPI_BMP388.o
 .debug_aranges
                0x00000040       0x18 Pressure_SPI_BMP388_data.o
 .debug_aranges
                0x00000058       0x20 clock_S32K1xx.o
 .debug_aranges
                0x00000078       0x20 edma_driver.o
 .debug_aranges
                0x00000098       0x20 edma_hw_access.o
 .debug_aranges
                0x000000b8       0x20 edma_irq.o
 .debug_aranges
                0x000000d8       0x20 interrupt_manager.o
 .debug_aranges
                0x000000f8       0x20 lpit_driver.o
 .debug_aranges
                0x00000118       0x20 lpspi_hw_access.o
 .debug_aranges
                0x00000138       0x20 lpspi_irq.o
 .debug_aranges
                0x00000158       0x20 lpspi_master_driver.o
 .debug_aranges
                0x00000178       0x20 lpspi_shared_function.o
 .debug_aranges
                0x00000198       0x20 lpspi_slave_driver.o
 .debug_aranges
                0x000001b8       0x20 mbd_main.o
 .debug_aranges
                0x000001d8       0x20 osif_baremetal.o
 .debug_aranges
                0x000001f8       0x20 pins_driver.o
 .debug_aranges
                0x00000218       0x20 pins_port_hw_access.o
 .debug_aranges
                0x00000238       0x20 power_manager.o
 .debug_aranges
                0x00000258       0x20 power_manager_S32K1xx.o
 .debug_aranges
                0x00000278       0x20 power_smc_hw_access.o
 .debug_aranges
                0x00000298       0x20 s32k_clock_init.o
 .debug_aranges
                0x000002b8       0x20 startup.o
 .debug_aranges
                0x000002d8       0x20 system_S32K144.o

.debug_str      0x00000000     0x91da
 .debug_str     0x00000000       0x74 startup_S32K144.o
 .debug_str     0x00000074     0x1536 Pressure_SPI_BMP388.o
                               0x163f (size before relaxing)
 .debug_str     0x000015aa       0x1b Pressure_SPI_BMP388_data.o
                                0xfad (size before relaxing)
 .debug_str     0x000015c5     0x312e clock_S32K1xx.o
                               0x3933 (size before relaxing)
 .debug_str     0x000046f3     0x1734 edma_driver.o
                               0x28b3 (size before relaxing)
 .debug_str     0x00005e27      0x155 edma_hw_access.o
                                0x7cc (size before relaxing)
 .debug_str     0x00005f7c      0x141 edma_irq.o
                                0x499 (size before relaxing)
 .debug_str     0x000060bd      0x30b interrupt_manager.o
                                0xb4f (size before relaxing)
 .debug_str     0x000063c8      0x822 lpit_driver.o
                               0x1cf5 (size before relaxing)
 .debug_str     0x00006bea      0x4c9 lpspi_hw_access.o
                               0x1ce8 (size before relaxing)
 .debug_str     0x000070b3       0x42 lpspi_irq.o
                                0xad2 (size before relaxing)
 .debug_str     0x000070f5      0x79f lpspi_master_driver.o
                               0x2053 (size before relaxing)
 .debug_str     0x00007894      0x10d lpspi_shared_function.o
                                0xce0 (size before relaxing)
 .debug_str     0x000079a1      0x161 lpspi_slave_driver.o
                               0x1ea5 (size before relaxing)
 .debug_str     0x00007b02       0x85 mbd_main.o
                               0x1342 (size before relaxing)
 .debug_str     0x00007b87      0x1b9 osif_baremetal.o
                               0x108f (size before relaxing)
 .debug_str     0x00007d40      0x570 pins_driver.o
                               0x13d7 (size before relaxing)
 .debug_str     0x000082b0      0x1cb pins_port_hw_access.o
                                0x90e (size before relaxing)
 .debug_str     0x0000847b      0x4d3 power_manager.o
                                0xff6 (size before relaxing)
 .debug_str     0x0000894e      0x501 power_manager_S32K1xx.o
                               0x192e (size before relaxing)
 .debug_str     0x00008e4f      0x141 power_smc_hw_access.o
                                0xece (size before relaxing)
 .debug_str     0x00008f90       0xa9 s32k_clock_init.o
                               0x2240 (size before relaxing)
 .debug_str     0x00009039      0x112 startup.o
                                0x407 (size before relaxing)
 .debug_str     0x0000914b       0x8f system_S32K144.o
                                0x408 (size before relaxing)

.debug_loc      0x00000000     0xb671
 .debug_loc     0x00000000      0x22c Pressure_SPI_BMP388.o
 .debug_loc     0x0000022c     0x4418 clock_S32K1xx.o
 .debug_loc     0x00004644     0x1f14 edma_driver.o
 .debug_loc     0x00006558      0x551 edma_hw_access.o
 .debug_loc     0x00006aa9       0x50 edma_irq.o
 .debug_loc     0x00006af9      0x1aa interrupt_manager.o
 .debug_loc     0x00006ca3      0xbe4 lpit_driver.o
 .debug_loc     0x00007887      0x696 lpspi_hw_access.o
 .debug_loc     0x00007f1d      0xd87 lpspi_master_driver.o
 .debug_loc     0x00008ca4      0x31f lpspi_shared_function.o
 .debug_loc     0x00008fc3      0x9c0 lpspi_slave_driver.o
 .debug_loc     0x00009983       0xac mbd_main.o
 .debug_loc     0x00009a2f      0x1cd osif_baremetal.o
 .debug_loc     0x00009bfc      0x53e pins_driver.o
 .debug_loc     0x0000a13a      0x48a pins_port_hw_access.o
 .debug_loc     0x0000a5c4      0x316 power_manager.o
 .debug_loc     0x0000a8da      0x701 power_manager_S32K1xx.o
 .debug_loc     0x0000afdb      0x49f power_smc_hw_access.o
 .debug_loc     0x0000b47a       0x20 s32k_clock_init.o
 .debug_loc     0x0000b49a       0xec startup.o
 .debug_loc     0x0000b586       0xeb system_S32K144.o

.debug_frame    0x00000000     0x19bc
 .debug_frame   0x00000000       0x54 Pressure_SPI_BMP388.o
 .debug_frame   0x00000054      0x39c clock_S32K1xx.o
 .debug_frame   0x000003f0      0x388 edma_driver.o
 .debug_frame   0x00000778      0x144 edma_hw_access.o
 .debug_frame   0x000008bc      0x1ac edma_irq.o
 .debug_frame   0x00000a68       0xd8 interrupt_manager.o
 .debug_frame   0x00000b40      0x1ac lpit_driver.o
 .debug_frame   0x00000cec       0xf4 lpspi_hw_access.o
 .debug_frame   0x00000de0       0x58 lpspi_irq.o
 .debug_frame   0x00000e38      0x1bc lpspi_master_driver.o
 .debug_frame   0x00000ff4       0x90 lpspi_shared_function.o
 .debug_frame   0x00001084      0x120 lpspi_slave_driver.o
 .debug_frame   0x000011a4       0xa4 mbd_main.o
 .debug_frame   0x00001248       0xf8 osif_baremetal.o
 .debug_frame   0x00001340      0x1e4 pins_driver.o
 .debug_frame   0x00001524       0x98 pins_port_hw_access.o
 .debug_frame   0x000015bc       0xe0 power_manager.o
 .debug_frame   0x0000169c       0xc4 power_manager_S32K1xx.o
 .debug_frame   0x00001760       0x58 power_smc_hw_access.o
 .debug_frame   0x000017b8       0x44 s32k_clock_init.o
 .debug_frame   0x000017fc       0x2c startup.o
 .debug_frame   0x00001828       0x40 system_S32K144.o
 .debug_frame   0x00001868       0x2c c:/users/kamil/appdata/roaming/mathworks/matlab add-ons/toolboxes/nxp_mbdtoolbox_s32k1xx/tools/gcc-6.3-arm32-eabi/bin/../lib/gcc/arm-none-eabi/6.3.1/thumb/v7e-m/fpv4-sp/hard\libgcc.a(_aeabi_uldivmod.o)
 .debug_frame   0x00001894       0x34 c:/users/kamil/appdata/roaming/mathworks/matlab add-ons/toolboxes/nxp_mbdtoolbox_s32k1xx/tools/gcc-6.3-arm32-eabi/bin/../lib/gcc/arm-none-eabi/6.3.1/thumb/v7e-m/fpv4-sp/hard\libgcc.a(_udivmoddi4.o)
 .debug_frame   0x000018c8       0x20 C:/Users/kamil/AppData/Roaming/MathWorks/MATLAB Add-Ons/Toolboxes/NXP_MBDToolbox_S32K1xx/tools/gcc-6.3-arm32-eabi/arm-none-eabi/newlib/lib/thumb/v7e-m/fpv4-sp/hard\libc.a(lib_a-memset.o)
 .debug_frame   0x000018e8       0x4c C:/Users/kamil/AppData/Roaming/MathWorks/MATLAB Add-Ons/Toolboxes/NXP_MBDToolbox_S32K1xx/tools/gcc-6.3-arm32-eabi/arm-none-eabi/newlib/lib/thumb/v7e-m/fpv4-sp/hard\libc.a(lib_a-__call_atexit.o)
 .debug_frame   0x00001934       0x38 C:/Users/kamil/AppData/Roaming/MathWorks/MATLAB Add-Ons/Toolboxes/NXP_MBDToolbox_S32K1xx/tools/gcc-6.3-arm32-eabi/arm-none-eabi/newlib/lib/thumb/v7e-m/fpv4-sp/hard\libc.a(lib_a-fini.o)
 .debug_frame   0x0000196c       0x20 C:/Users/kamil/AppData/Roaming/MathWorks/MATLAB Add-Ons/Toolboxes/NXP_MBDToolbox_S32K1xx/tools/gcc-6.3-arm32-eabi/arm-none-eabi/newlib/lib/thumb/v7e-m/fpv4-sp/hard\libc.a(lib_a-atexit.o)
 .debug_frame   0x0000198c       0x30 C:/Users/kamil/AppData/Roaming/MathWorks/MATLAB Add-Ons/Toolboxes/NXP_MBDToolbox_S32K1xx/tools/gcc-6.3-arm32-eabi/arm-none-eabi/newlib/lib/thumb/v7e-m/fpv4-sp/hard\libc.a(lib_a-__atexit.o)

.debug_ranges   0x00000000      0x580
 .debug_ranges  0x00000000      0x2e8 clock_S32K1xx.o
 .debug_ranges  0x000002e8       0x30 edma_driver.o
 .debug_ranges  0x00000318       0x18 edma_hw_access.o
 .debug_ranges  0x00000330       0x38 interrupt_manager.o
 .debug_ranges  0x00000368       0x48 lpit_driver.o
 .debug_ranges  0x000003b0       0x18 lpspi_hw_access.o
 .debug_ranges  0x000003c8       0x30 osif_baremetal.o
 .debug_ranges  0x000003f8       0x20 power_manager.o
 .debug_ranges  0x00000418      0x148 power_manager_S32K1xx.o
 .debug_ranges  0x00000560       0x20 power_smc_hw_access.o
