Archive member included to satisfy reference by file (symbol)

C:/Users/kamil/AppData/Roaming/MathWorks/MATLAB Add-Ons/Toolboxes/NXP_MBDToolbox_S32K1xx/tools/gcc-6.3-arm32-eabi/arm-none-eabi/newlib/lib/thumb/v7e-m/fpv4-sp/hard\libm.a(lib_a-s_ceil.o)
                              Pressure_SPI.o (ceil)
C:/Users/kamil/AppData/Roaming/MathWorks/MATLAB Add-Ons/Toolboxes/NXP_MBDToolbox_S32K1xx/tools/gcc-6.3-arm32-eabi/arm-none-eabi/newlib/lib/thumb/v7e-m/fpv4-sp/hard\libm.a(lib_a-s_floor.o)
                              Pressure_SPI.o (floor)
c:/users/kamil/appdata/roaming/mathworks/matlab add-ons/toolboxes/nxp_mbdtoolbox_s32k1xx/tools/gcc-6.3-arm32-eabi/bin/../lib/gcc/arm-none-eabi/6.3.1/thumb/v7e-m/fpv4-sp/hard\libgcc.a(_arm_addsubdf3.o)
                              Pressure_SPI.o (__aeabi_dsub)
c:/users/kamil/appdata/roaming/mathworks/matlab add-ons/toolboxes/nxp_mbdtoolbox_s32k1xx/tools/gcc-6.3-arm32-eabi/bin/../lib/gcc/arm-none-eabi/6.3.1/thumb/v7e-m/fpv4-sp/hard\libgcc.a(_arm_muldivdf3.o)
                              Pressure_SPI.o (__aeabi_dmul)
c:/users/kamil/appdata/roaming/mathworks/matlab add-ons/toolboxes/nxp_mbdtoolbox_s32k1xx/tools/gcc-6.3-arm32-eabi/bin/../lib/gcc/arm-none-eabi/6.3.1/thumb/v7e-m/fpv4-sp/hard\libgcc.a(_arm_cmpdf2.o)
                              Pressure_SPI.o (__aeabi_dcmplt)
c:/users/kamil/appdata/roaming/mathworks/matlab add-ons/toolboxes/nxp_mbdtoolbox_s32k1xx/tools/gcc-6.3-arm32-eabi/bin/../lib/gcc/arm-none-eabi/6.3.1/thumb/v7e-m/fpv4-sp/hard\libgcc.a(_arm_fixunsdfsi.o)
                              Pressure_SPI.o (__aeabi_d2uiz)
c:/users/kamil/appdata/roaming/mathworks/matlab add-ons/toolboxes/nxp_mbdtoolbox_s32k1xx/tools/gcc-6.3-arm32-eabi/bin/../lib/gcc/arm-none-eabi/6.3.1/thumb/v7e-m/fpv4-sp/hard\libgcc.a(_aeabi_uldivmod.o)
                              lpit_driver.o (__aeabi_uldivmod)
c:/users/kamil/appdata/roaming/mathworks/matlab add-ons/toolboxes/nxp_mbdtoolbox_s32k1xx/tools/gcc-6.3-arm32-eabi/bin/../lib/gcc/arm-none-eabi/6.3.1/thumb/v7e-m/fpv4-sp/hard\libgcc.a(_udivmoddi4.o)
                              c:/users/kamil/appdata/roaming/mathworks/matlab add-ons/toolboxes/nxp_mbdtoolbox_s32k1xx/tools/gcc-6.3-arm32-eabi/bin/../lib/gcc/arm-none-eabi/6.3.1/thumb/v7e-m/fpv4-sp/hard\libgcc.a(_aeabi_uldivmod.o) (__udivmoddi4)
c:/users/kamil/appdata/roaming/mathworks/matlab add-ons/toolboxes/nxp_mbdtoolbox_s32k1xx/tools/gcc-6.3-arm32-eabi/bin/../lib/gcc/arm-none-eabi/6.3.1/thumb/v7e-m/fpv4-sp/hard\libgcc.a(_dvmd_tls.o)
                              c:/users/kamil/appdata/roaming/mathworks/matlab add-ons/toolboxes/nxp_mbdtoolbox_s32k1xx/tools/gcc-6.3-arm32-eabi/bin/../lib/gcc/arm-none-eabi/6.3.1/thumb/v7e-m/fpv4-sp/hard\libgcc.a(_aeabi_uldivmod.o) (__aeabi_ldiv0)
C:/Users/kamil/AppData/Roaming/MathWorks/MATLAB Add-Ons/Toolboxes/NXP_MBDToolbox_S32K1xx/tools/gcc-6.3-arm32-eabi/arm-none-eabi/newlib/lib/thumb/v7e-m/fpv4-sp/hard\libc.a(lib_a-exit.o)
                              C:/Users/kamil/AppData/Roaming/MathWorks/MATLAB Add-Ons/Toolboxes/NXP_MBDToolbox_S32K1xx/tools/gcc-6.3-arm32-eabi/arm-none-eabi/newlib/lib/thumb/v7e-m/fpv4-sp/hard/crt0.o (exit)
C:/Users/kamil/AppData/Roaming/MathWorks/MATLAB Add-Ons/Toolboxes/NXP_MBDToolbox_S32K1xx/tools/gcc-6.3-arm32-eabi/arm-none-eabi/newlib/lib/thumb/v7e-m/fpv4-sp/hard\libc.a(lib_a-impure.o)
                              C:/Users/kamil/AppData/Roaming/MathWorks/MATLAB Add-Ons/Toolboxes/NXP_MBDToolbox_S32K1xx/tools/gcc-6.3-arm32-eabi/arm-none-eabi/newlib/lib/thumb/v7e-m/fpv4-sp/hard\libc.a(lib_a-exit.o) (_global_impure_ptr)
C:/Users/kamil/AppData/Roaming/MathWorks/MATLAB Add-Ons/Toolboxes/NXP_MBDToolbox_S32K1xx/tools/gcc-6.3-arm32-eabi/arm-none-eabi/newlib/lib/thumb/v7e-m/fpv4-sp/hard\libc.a(lib_a-init.o)
                              C:/Users/kamil/AppData/Roaming/MathWorks/MATLAB Add-Ons/Toolboxes/NXP_MBDToolbox_S32K1xx/tools/gcc-6.3-arm32-eabi/arm-none-eabi/newlib/lib/thumb/v7e-m/fpv4-sp/hard/crt0.o (__libc_init_array)
C:/Users/kamil/AppData/Roaming/MathWorks/MATLAB Add-Ons/Toolboxes/NXP_MBDToolbox_S32K1xx/tools/gcc-6.3-arm32-eabi/arm-none-eabi/newlib/lib/thumb/v7e-m/fpv4-sp/hard\libc.a(lib_a-memset.o)
                              C:/Users/kamil/AppData/Roaming/MathWorks/MATLAB Add-Ons/Toolboxes/NXP_MBDToolbox_S32K1xx/tools/gcc-6.3-arm32-eabi/arm-none-eabi/newlib/lib/thumb/v7e-m/fpv4-sp/hard/crt0.o (memset)
C:/Users/kamil/AppData/Roaming/MathWorks/MATLAB Add-Ons/Toolboxes/NXP_MBDToolbox_S32K1xx/tools/gcc-6.3-arm32-eabi/arm-none-eabi/newlib/lib/thumb/v7e-m/fpv4-sp/hard\libc.a(lib_a-__call_atexit.o)
                              C:/Users/kamil/AppData/Roaming/MathWorks/MATLAB Add-Ons/Toolboxes/NXP_MBDToolbox_S32K1xx/tools/gcc-6.3-arm32-eabi/arm-none-eabi/newlib/lib/thumb/v7e-m/fpv4-sp/hard\libc.a(lib_a-exit.o) (__call_exitprocs)
C:/Users/kamil/AppData/Roaming/MathWorks/MATLAB Add-Ons/Toolboxes/NXP_MBDToolbox_S32K1xx/tools/gcc-6.3-arm32-eabi/arm-none-eabi/newlib/lib/thumb/v7e-m/fpv4-sp/hard\libc.a(lib_a-fini.o)
[...]
Memory Configuration

Name             Origin             Length             Attributes
m_interrupts     0x00000000         0x00000400         xr
m_flash_config   0x00000400         0x00000010         xr
m_text           0x00000410         0x0007fbf0         xr
m_data           0x1fff8000         0x00008000         rw
m_data_2         0x20000000         0x00007000         rw
*default*        0x00000000         0xffffffff

Linker script and memory map

LOAD c:/users/kamil/appdata/roaming/mathworks/matlab add-ons/toolboxes/nxp_mbdtoolbox_s32k1xx/tools/gcc-6.3-arm32-eabi/bin/../lib/gcc/arm-none-eabi/6.3.1/thumb/v7e-m/fpv4-sp/hard/crti.o
LOAD c:/users/kamil/appdata/roaming/mathworks/matlab add-ons/toolboxes/nxp_mbdtoolbox_s32k1xx/tools/gcc-6.3-arm32-eabi/bin/../lib/gcc/arm-none-eabi/6.3.1/thumb/v7e-m/fpv4-sp/hard/crtbegin.o
LOAD C:/Users/kamil/AppData/Roaming/MathWorks/MATLAB Add-Ons/Toolboxes/NXP_MBDToolbox_S32K1xx/tools/gcc-6.3-arm32-eabi/arm-none-eabi/newlib/lib/thumb/v7e-m/fpv4-sp/hard/crt0.o
                0x00000001                __ram_vector_table__ = 0x1
LOAD startup_S32K144.o
LOAD Pressure_SPI.o
LOAD Pressure_SPI_data.o
LOAD adc_driver.o
LOAD clock_S32K1xx.o
LOAD edma_driver.o
LOAD edma_hw_access.o
LOAD edma_irq.o
LOAD freemaster_S32K1xx.o
LOAD freemaster_appcmd.o
LOAD freemaster_interface_init.o
LOAD freemaster_protocol.o
LOAD freemaster_rec.o
LOAD freemaster_scope.o
LOAD freemaster_serial.o
LOAD freemaster_sfio.o
LOAD freemaster_tsa.o
LOAD ftm0_pwm_params.o
LOAD ftm_chn_irq.o
LOAD ftm_common.o
LOAD ftm_fault_irq.o
LOAD ftm_hw_access.o
LOAD ftm_ic_driver.o
LOAD ftm_mc_driver.o
LOAD ftm_oc_driver.o
LOAD ftm_pwm_driver.o
LOAD ftm_qd_driver.o
LOAD interrupt_manager.o
LOAD lin_common.o
LOAD lin_driver.o
LOAD lin_irq.o
LOAD lin_lpuart_driver.o
LOAD lpit_driver.o
LOAD lpspi_hw_access.o
LOAD lpspi_irq.o
LOAD lpspi_master_driver.o
LOAD lpspi_shared_function.o
LOAD lpspi_slave_driver.o
LOAD lpuart_driver.o
LOAD lpuart_hw_access.o
LOAD lpuart_irq.o
LOAD mbd_adc_irq.o
LOAD mbd_main.o
LOAD osif_baremetal.o
LOAD pins_driver.o
LOAD pins_port_hw_access.o
LOAD power_manager.o
LOAD power_manager_S32K1xx.o
LOAD power_smc_hw_access.o
LOAD s32k_clock_init.o
LOAD startup.o
LOAD system_S32K144.o
LOAD C:/Users/kamil/AppData/Roaming/MathWorks/MATLAB Add-Ons/Toolboxes/NXP_MBDToolbox_S32K1xx/tools/gcc-6.3-arm32-eabi/arm-none-eabi/newlib/lib/thumb/v7e-m/fpv4-sp/hard\libm.a
LOAD S32K14x_AMMCLIB.a
START GROUP
LOAD c:/users/kamil/appdata/roaming/mathworks/matlab add-ons/toolboxes/nxp_mbdtoolbox_s32k1xx/tools/gcc-6.3-arm32-eabi/bin/../lib/gcc/arm-none-eabi/6.3.1/thumb/v7e-m/fpv4-sp/hard\libgcc.a
LOAD C:/Users/kamil/AppData/Roaming/MathWorks/MATLAB Add-Ons/Toolboxes/NXP_MBDToolbox_S32K1xx/tools/gcc-6.3-arm32-eabi/arm-none-eabi/newlib/lib/thumb/v7e-m/fpv4-sp/hard\libc.a
END GROUP
START GROUP
LOAD c:/users/kamil/appdata/roaming/mathworks/matlab add-ons/toolboxes/nxp_mbdtoolbox_s32k1xx/tools/gcc-6.3-arm32-eabi/bin/../lib/gcc/arm-none-eabi/6.3.1/thumb/v7e-m/fpv4-sp/hard\libgcc.a
LOAD C:/Users/kamil/AppData/Roaming/MathWorks/MATLAB Add-Ons/Toolboxes/NXP_MBDToolbox_S32K1xx/tools/gcc-6.3-arm32-eabi/arm-none-eabi/newlib/lib/thumb/v7e-m/fpv4-sp/hard\libc.a
LOAD C:/Users/kamil/AppData/Roaming/MathWorks/MATLAB Add-Ons/Toolboxes/NXP_MBDToolbox_S32K1xx/tools/gcc-6.3-arm32-eabi/arm-none-eabi/newlib/lib/thumb/v7e-m/fpv4-sp/hard\libnosys.a
END GROUP
LOAD c:/users/kamil/appdata/roaming/mathworks/matlab add-ons/toolboxes/nxp_mbdtoolbox_s32k1xx/tools/gcc-6.3-arm32-eabi/bin/../lib/gcc/arm-none-eabi/6.3.1/thumb/v7e-m/fpv4-sp/hard/crtend.o
LOAD c:/users/kamil/appdata/roaming/mathworks/matlab add-ons/toolboxes/nxp_mbdtoolbox_s32k1xx/tools/gcc-6.3-arm32-eabi/bin/../lib/gcc/arm-none-eabi/6.3.1/thumb/v7e-m/fpv4-sp/hard/crtn.o
                0x00000400                HEAP_SIZE = DEFINED (__heap_size__)?__heap_size__:0x400
                0x00000400                STACK_SIZE = DEFINED (__stack_size__)?__stack_size__:0x400
                0x00000400                M_VECTOR_RAM_SIZE = DEFINED (__flash_vector_table__)?0x0:0x400

.interrupts     0x00000000      0x400
                0x00000000                __VECTOR_TABLE = .
                0x00000000                __interrupts_start__ = .
                0x00000000                . = ALIGN (0x4)
 *(.isr_vector)
 .isr_vector    0x00000000      0x400 startup_S32K144.o
                0x00000000                __isr_vector
                0x00000400                __interrupts_end__ = .
                0x00000400                . = ALIGN (0x4)

.flash_config   0x00000400       0x10
                0x00000400                . = ALIGN (0x4)
 *(.FlashConfig)
 .FlashConfig   0x00000400       0x10 startup_S32K144.o
                0x00000410                . = ALIGN (0x4)

.text           0x00000410     0xab40
                0x00000410                . = ALIGN (0x4)
 *(.text)
 .text          0x00000410       0xa4 c:/users/kamil/appdata/roaming/mathworks/matlab add-ons/toolboxes/nxp_mbdtoolbox_s32k1xx/tools/gcc-6.3-arm32-eabi/bin/../lib/gcc/arm-none-eabi/6.3.1/thumb/v7e-m/fpv4-sp/hard/crtbegin.o
 .text          0x000004b4       0x6c startup_S32K144.o
                0x000004b4                Reset_Handler
                0x0000051c                DebugMon_Handler
                0x0000051c                Reserved88_IRQHandler
                0x0000051c                CAN0_ORed_IRQHandler
                0x0000051c                HardFault_Handler
                0x0000051c                Reserved86_IRQHandler
                0x0000051c                Reserved103_IRQHandler
                0x0000051c                FTM2_Ovf_Reload_IRQHandler
                0x0000051c                Reserved50_IRQHandler
                0x0000051c                FTFC_Fault_IRQHandler
                0x0000051c                Reserved114_IRQHandler
                0x0000051c                PendSV_Handler
                0x0000051c                NMI_Handler
                0x0000051c                Reserved89_IRQHandler
                0x0000051c                ERM_double_fault_IRQHandler
                0x0000051c                Reserved59_IRQHandler
                0x0000051c                Reserved99_IRQHandler
                0x0000051c                CAN2_ORed_0_15_MB_IRQHandler
                0x0000051c                LPIT0_Ch3_IRQHandler
                0x0000051c                Reserved92_IRQHandler
                0x0000051c                CAN1_Error_IRQHandler
                0x0000051c                SWI_IRQHandler
                0x0000051c                UsageFault_Handler
                0x0000051c                FTM0_Ovf_Reload_IRQHandler
                0x0000051c                DefaultISR
                0x0000051c                Reserved58_IRQHandler
                0x0000051c                CAN1_ORed_0_15_MB_IRQHandler
                0x0000051c                Reserved82_IRQHandler
                0x0000051c                CAN0_ORed_16_31_MB_IRQHandler
                0x0000051c                LPI2C0_Slave_IRQHandler
                0x0000051c                Reserved71_IRQHandler
                0x0000051c                PORTD_IRQHandler
                0x0000051c                Reserved69_IRQHandler
                0x0000051c                PORTB_IRQHandler
                0x0000051c                Reserved70_IRQHandler
                0x0000051c                Reserved53_IRQHandler
                0x0000051c                RTC_IRQHandler
                0x0000051c                PDB0_IRQHandler
                0x0000051c                Reserved54_IRQHandler
                0x0000051c                LPUART1_RxTx_IRQHandler
                0x0000051c                RTC_Seconds_IRQHandler
                0x0000051c                CAN2_ORed_IRQHandler
                0x0000051c                Reserved72_IRQHandler
                0x0000051c                Reserved110_IRQHandler
                0x0000051c                Reserved107_IRQHandler
                0x0000051c                Read_Collision_IRQHandler
                0x0000051c                CAN2_Error_IRQHandler
                0x0000051c                FTFC_IRQHandler
                0x0000051c                Reserved105_IRQHandler
                0x0000051c                LPIT0_Ch1_IRQHandler
                0x0000051c                FTM3_Ovf_Reload_IRQHandler
                0x0000051c                LPUART2_RxTx_IRQHandler
                0x0000051c                WDOG_EWM_IRQHandler
                0x0000051c                MemManage_Handler
                0x0000051c                Reserved90_IRQHandler
                0x0000051c                Reserved83_IRQHandler
                0x0000051c                Reserved48_IRQHandler
                0x0000051c                SVC_Handler
                0x0000051c                ERM_single_fault_IRQHandler
                0x0000051c                RCM_IRQHandler
                0x0000051c                Reserved100_IRQHandler
                0x0000051c                Reserved91_IRQHandler
                0x0000051c                CAN1_ORed_IRQHandler
                0x0000051c                SCG_IRQHandler
                0x0000051c                PDB1_IRQHandler
                0x0000051c                Reserved81_IRQHandler
                0x0000051c                Reserved46_IRQHandler
                0x0000051c                Reserved45_IRQHandler
                0x0000051c                CAN0_Error_IRQHandler
                0x0000051c                Reserved112_IRQHandler
                0x0000051c                LPI2C0_Master_IRQHandler
                0x0000051c                Reserved106_IRQHandler
                0x0000051c                LVD_LVW_IRQHandler
                0x0000051c                LPIT0_Ch2_IRQHandler
                0x0000051c                PORTA_IRQHandler
                0x0000051c                MCM_IRQHandler
                0x0000051c                CAN0_ORed_0_15_MB_IRQHandler
                0x0000051c                PORTE_IRQHandler
                0x0000051c                LPUART0_RxTx_IRQHandler
                0x0000051c                LPTMR0_IRQHandler
                0x0000051c                BusFault_Handler
                0x0000051c                Reserved87_IRQHandler
                0x0000051c                FTM1_Ovf_Reload_IRQHandler
                0x0000051c                Reserved93_IRQHandler
                0x0000051c                CAN0_Wake_Up_IRQHandler
                0x0000051c                CMP0_IRQHandler
                0x0000051c                Reserved52_IRQHandler
                0x0000051c                PORTC_IRQHandler
                0x0000051c                FLEXIO_IRQHandler
                0x0000051c                Reserved113_IRQHandler
 .text          0x00000520      0x3fc Pressure_SPI.o
                0x00000520                rt_roundd_snf
                0x000005a4                Pressure_SPI_step
                0x00000774                Pressure_SPI_initialize
                0x00000918                Pressure_SPI_terminate
 .text          0x0000091c      0x788 adc_driver.o
                0x0000091c                ADC_DRV_InitConverterStruct
                0x00000938                ADC_DRV_ConfigConverter
                0x00000ac0                ADC_DRV_GetConverterConfig
                0x00000bac                ADC_DRV_InitHwCompareStruct
                0x00000bba                ADC_DRV_ConfigHwCompare
                0x00000c1c                ADC_DRV_GetHwCompareConfig
                0x00000c54                ADC_DRV_InitHwAverageStruct
                0x00000c5c                ADC_DRV_ConfigHwAverage
                0x00000c94                ADC_DRV_GetHwAverageConfig
                0x00000cb4                ADC_DRV_InitChanStruct
                0x00000cbe                ADC_DRV_ConfigChan
                0x00000d14                ADC_DRV_GetChanConfig
                0x00000d54                ADC_DRV_SetSwPretrigger
                0x00000d98                ADC_DRV_Reset
                0x00000e30                ADC_DRV_WaitConvDone
                0x00000e48                ADC_DRV_GetConvCompleteFlag
                0x00000e5c                ADC_DRV_GetChanResult
                0x00000e74                ADC_DRV_AutoCalibration
                0x00000fcc                ADC_DRV_InitUserCalibrationStruct
                0x00000fd6                ADC_DRV_ConfigUserCalibration
                0x00001024                ADC_DRV_GetUserCalibration
                0x00001044                ADC_DRV_GetInterruptNumber
                0x00001054                ADC_DRV_ClearLatchedTriggers
                0x00001078                ADC_DRV_ClearTriggerErrors
                0x00001090                ADC_DRV_GetTriggerErrorFlags
 .text          0x000010a4     0x1c88 clock_S32K1xx.o
                0x00001e1a                CLOCK_DRV_Init
                0x00002448                CLOCK_DRV_GetFreq
                0x00002650                CLOCK_DRV_SetModuleClock
                0x000027bc                CLOCK_DRV_SetSystemClock
                0x000028e4                CLOCK_DRV_GetSystemClockSource
                0x00002940                CLOCK_DRV_SetClockSource
                0x00002bf0                CLOCK_SYS_Init
                0x00002c0c                CLOCK_SYS_UpdateConfiguration
                0x00002cf4                CLOCK_SYS_GetCurrentConfiguration
                0x00002d00                CLOCK_SYS_GetErrorCallback
                0x00002d1c                CLOCK_SYS_GetFreq
                0x00002d24                CLOCK_SYS_SetConfiguration
 .text          0x00002d2c      0xae4 edma_driver.o
                0x00002d3c                EDMA_DRV_InstallCallback
                0x00002d5c                EDMA_DRV_ReleaseChannel
                0x00002d90                EDMA_DRV_Deinit
                0x00002de0                EDMA_DRV_IRQHandler
                0x00002e0c                EDMA_DRV_ErrorIRQHandler
                0x00002e48                EDMA_DRV_ConfigSingleBlockTransfer
                0x00002f90                EDMA_DRV_ConfigMultiBlockTransfer
                0x00002ff4                EDMA_DRV_StartChannel
                0x0000300c                EDMA_DRV_StopChannel
                0x00003024                EDMA_DRV_SetChannelRequestAndTrigger
                0x00003068                EDMA_DRV_ChannelInit
                0x00003108                EDMA_DRV_Init
                0x000031b8                EDMA_DRV_ClearTCD
                0x000031cc                EDMA_DRV_SetSrcAddr
                0x000031e0                EDMA_DRV_SetSrcOffset
                0x000031f4                EDMA_DRV_SetSrcReadChunkSize
                0x0000321a                EDMA_DRV_SetSrcLastAddrAdjustment
                0x00003230                EDMA_DRV_SetDestLastAddrAdjustment
                0x00003246                EDMA_DRV_SetDestAddr
                0x0000325c                EDMA_DRV_SetDestOffset
                0x00003274                EDMA_DRV_SetDestWriteChunkSize
                0x00003298                EDMA_DRV_SetMinorLoopBlockSize
                0x000032ac                EDMA_DRV_SetMajorLoopIterationCount
                0x000032c0                EDMA_DRV_GetRemainingMajorIterationsCount
                0x000032d4                EDMA_DRV_SetScatterGatherLink
                0x000032e8                EDMA_DRV_DisableRequestsOnTransferComplete
                0x00003320                EDMA_DRV_ConfigureInterrupt
                0x000033a0                EDMA_DRV_CancelTransfer
                0x000033b8                EDMA_DRV_TriggerSwRequest
                0x000033c8                EDMA_DRV_PushConfigToSTCD
                0x00003456                EDMA_DRV_PushConfigToReg
                0x00003630                EDMA_DRV_ConfigLoopTransfer
                0x00003658                EDMA_DRV_ConfigScatterGatherTransfer
                0x000037f8                EDMA_DRV_GetChannelStatus
                0x00003808                EDMA_DRV_GetDmaRegBaseAddr
 .text          0x00003810      0x284 edma_hw_access.o
                0x00003810                EDMA_CancelTransfer
                0x00003822                EDMA_CancelTransferWithError
                0x00003834                EDMA_SetErrorIntCmd
                0x0000383e                EDMA_SetDmaRequestCmd
                0x00003848                EDMA_TCDClearReg
                0x00003892                EDMA_Init
                0x000038b4                EDMA_TCDSetAttribute
                0x000038e4                EDMA_TCDSetNbytes
                0x00003940                EDMA_TCDSetMinorLoopOffset
                0x00003984                EDMA_TCDSetScatterGatherLink
                0x00003990                EDMA_TCDSetChannelMinorLink
                0x000039fa                EDMA_TCDSetMajorCount
                0x00003a58                EDMA_TCDGetCurrentMajorCount
                0x00003a84                DMAMUX_Init
 .text          0x00003a94       0xc8 edma_irq.o
                0x00003a94                DMA0_IRQHandler
                0x00003a9e                DMA1_IRQHandler
                0x00003aa8                DMA2_IRQHandler
                0x00003ab2                DMA3_IRQHandler
                0x00003abc                DMA4_IRQHandler
                0x00003ac6                DMA5_IRQHandler
                0x00003ad0                DMA6_IRQHandler
                0x00003ada                DMA7_IRQHandler
                0x00003ae4                DMA8_IRQHandler
                0x00003aee                DMA9_IRQHandler
                0x00003af8                DMA10_IRQHandler
                0x00003b02                DMA11_IRQHandler
                0x00003b0c                DMA12_IRQHandler
                0x00003b16                DMA13_IRQHandler
                0x00003b20                DMA14_IRQHandler
                0x00003b2a                DMA15_IRQHandler
                0x00003b34                DMA_Error_IRQHandler
 .text          0x00003b5c      0x128 freemaster_S32K1xx.o
                0x00003b5c                FMSTR_Isr
                0x00003b5e                FMSTR_CopyMemory
                0x00003b7c                FMSTR_CopyToBuffer
                0x00003b9c                FMSTR_CopyFromBuffer
                0x00003bc2                FMSTR_ValueFromBuffer16
                0x00003bcc                FMSTR_ValueFromBuffer32
                0x00003bd6                FMSTR_ValueToBuffer16
                0x00003bee                FMSTR_ValueToBuffer32
                0x00003c06                FMSTR_CopyFromBufferWithMask
                0x00003c32                FMSTR_SetExAddr
                0x00003c3c                FMSTR_AddressToBuffer
                0x00003c68                FMSTR_AddressFromBuffer
 .text          0x00003c84       0xa0 freemaster_interface_init.o
                0x00003c84                freemaster_interface_init
 .text          0x00003d24      0x280 freemaster_protocol.o
                0x00003d24                FMSTR_Init
                0x00003d3a                FMSTR_GetBoardInfo
                0x00003d88                FMSTR_ReadMem
                0x00003dba                FMSTR_ReadVar
                0x00003dde                FMSTR_WriteMem
                0x00003e04                FMSTR_WriteVar
                0x00003e2a                FMSTR_WriteMemMask
                0x00003e50                FMSTR_ProtocolDecoder
                0x00003f62                FMSTR_WriteVarMask
                0x00003f88                FMSTR_StrLen
 .text          0x00003fa4      0x4f4 freemaster_rec.o
                0x0000403c                FMSTR_InitRec
                0x00004054                FMSTR_AbortRec
                0x00004060                FMSTR_SetUpRecBuff
                0x00004062                FMSTR_SetUpRec
                0x000041fc                FMSTR_TriggerRec
                0x00004228                FMSTR_StartRec
                0x00004294                FMSTR_StopRec
                0x000042c8                FMSTR_GetRecStatus
                0x000042f0                FMSTR_GetRecBuffSize
                0x000042f6                FMSTR_IsInRecBuffer
                0x00004318                FMSTR_GetRecBuff
                0x00004370                FMSTR_Recorder
 .text          0x00004498       0xb4 freemaster_scope.o
                0x00004498                FMSTR_InitScope
                0x0000449a                FMSTR_SetUpScope
                0x00004514                FMSTR_ReadScope
 .text          0x0000454c      0x29c freemaster_serial.o
                0x0000454c                FMSTR_SendResponse
                0x000045b4                FMSTR_Tx
                0x00004618                FMSTR_Rx
                0x00004754                FMSTR_ProcessSCI
                0x000047bc                FMSTR_InitSerial
                0x000047e0                FMSTR_Poll
 .text          0x000047e8      0x798 ftm_common.o
                0x000047e8                FTM_DRV_Deinit
                0x00004808                FTM_DRV_GetDefaultConfig
                0x00004834                FTM_DRV_MaskOutputChannels
                0x00004854                FTM_DRV_SetInitialCounterValue
                0x0000487c                FTM_DRV_SetHalfCycleReloadPoint
                0x0000489c                FTM_DRV_SetSoftOutChnValue
                0x000048d4                FTM_DRV_SetSoftwareOutputChannelControl
                0x00004900                FTM_DRV_SetAllChnSoftwareOutputControl
                0x00004930                FTM_DRV_SetInvertingControl
                0x00004950                FTM_DRV_SetModuloCounterValue
                0x00004978                FTM_DRV_SetOutputlevel
                0x000049ac                FTM_DRV_SetSync
                0x00004b68                FTM_DRV_GenerateHardwareTrigger
                0x00004b84                FTM_DRV_EnableInterrupts
                0x00004c24                FTM_DRV_DisableInterrupts
                0x00004cc0                FTM_DRV_GetEnabledInterrupts
                0x00004d1c                FTM_DRV_GetStatusFlags
                0x00004d78                FTM_DRV_ClearStatusFlags
                0x00004e04                FTM_DRV_GetFrequency
                0x00004e68                FTM_DRV_Init
                0x00004f48                FTM_DRV_ConvertFreqToPeriodTicks
                0x00004f5c                FTM_DRV_CounterReset
 .text          0x00004f80      0x110 ftm_fault_irq.o
                0x00004f80                FTM0_Fault_IRQHandler
                0x00004fc0                FTM1_Fault_IRQHandler
                0x00005000                FTM2_Fault_IRQHandler
                0x00005040                FTM3_Fault_IRQHandler
                0x00005080                FTM_FAULT_DRV_InstallCallback
 .text          0x00005090       0xfe ftm_hw_access.o
                0x00005090                FTM_DRV_InitModule
                0x000050a8                FTM_DRV_Reset
                0x0000510e                FTM_DRV_SetChnTriggerCmd
                0x00005140                FTM_DRV_SetChnInputCaptureFilter
 *fill*         0x0000518e        0x2 
 .text          0x00005190      0x6dc ftm_ic_driver.o
                0x00005248                FTM_DRV_InitInputCapture
                0x00005518                FTM_DRV_DeinitInputCapture
                0x000055e8                FTM_DRV_GetInputCaptureMeasurement
                0x00005600                FTM_DRV_StartNewSignalMeasurement
                0x00005668                FTM_IC_DRV_SetChannelMode
                0x000057ac                FTM0_Ch0_Ch1_IRQHandler
                0x000057b8                FTM0_Ch2_Ch3_IRQHandler
                0x000057c4                FTM0_Ch4_Ch5_IRQHandler
                0x000057d0                FTM0_Ch6_Ch7_IRQHandler
                0x000057dc                FTM1_Ch0_Ch1_IRQHandler
                0x000057e8                FTM1_Ch2_Ch3_IRQHandler
                0x000057f4                FTM1_Ch4_Ch5_IRQHandler
                0x00005800                FTM1_Ch6_Ch7_IRQHandler
                0x0000580c                FTM2_Ch0_Ch1_IRQHandler
                0x00005818                FTM2_Ch2_Ch3_IRQHandler
                0x00005824                FTM2_Ch4_Ch5_IRQHandler
                0x00005830                FTM2_Ch6_Ch7_IRQHandler
                0x0000583c                FTM3_Ch0_Ch1_IRQHandler
                0x00005848                FTM3_Ch2_Ch3_IRQHandler
                0x00005854                FTM3_Ch4_Ch5_IRQHandler
                0x00005860                FTM3_Ch6_Ch7_IRQHandler
 .text          0x0000586c      0x9b4 ftm_pwm_driver.o
                0x0000586c                FTM_DRV_DeinitPwm
                0x00005978                FTM_DRV_UpdatePwmChannel
                0x00005a7c                FTM_DRV_InitPwm
                0x000060b4                FTM_DRV_UpdatePwmPeriod
                0x00006110                FTM_DRV_FastUpdatePwmChannels
                0x00006150                FTM_DRV_ControlChannelOutput
                0x00006180                FTM_PWM_DRV_IrqHandler
 .text          0x00006220      0x1ac interrupt_manager.o
                0x00006220                INT_SYS_InstallHandler
                0x00006260                INT_SYS_EnableIRQ
                0x00006278                INT_SYS_DisableIRQ
                0x00006294                INT_SYS_EnableIRQGlobal
                0x000062b0                INT_SYS_DisableIRQGlobal
                0x000062c0                INT_SYS_SetPriority
                0x00006318                INT_SYS_GetPriority
                0x0000635c                INT_SYS_ClearPending
                0x00006378                INT_SYS_SetPending
                0x00006394                INT_SYS_GetPending
                0x000063b0                INT_SYS_GetActive
 .text          0x000063cc      0x62c lpit_driver.o
                0x000063cc                LPIT_DRV_GetDefaultConfig
                0x000063d4                LPIT_DRV_GetDefaultChanConfig
                0x000063f4                LPIT_DRV_Init
                0x000064a0                LPIT_DRV_Deinit
                0x000064b0                LPIT_DRV_StartTimerChannels
                0x000064c0                LPIT_DRV_StopTimerChannels
                0x000064d0                LPIT_DRV_SetTimerPeriodByUs
                0x0000657c                LPIT_DRV_InitChannel
                0x00006704                LPIT_DRV_SetTimerPeriodInDual16ModeByUs
                0x00006788                LPIT_DRV_GetTimerPeriodByUs
                0x0000689c                LPIT_DRV_GetCurrentTimerUs
                0x00006954                LPIT_DRV_SetTimerPeriodByCount
                0x00006964                LPIT_DRV_SetTimerPeriodInDual16ModeByCount
                0x00006978                LPIT_DRV_GetTimerPeriodByCount
                0x0000699c                LPIT_DRV_GetCurrentTimerCount
                0x000069c0                LPIT_DRV_EnableTimerChannelInterrupt
                0x000069d0                LPIT_DRV_DisableTimerChannelInterrupt
                0x000069e0                LPIT_DRV_GetInterruptFlagTimerChannels
                0x000069ec                LPIT_DRV_ClearInterruptFlagTimerChannels
 .text          0x000069f8      0x20c lpspi_hw_access.o
                0x000069f8                LPSPI_Init
                0x00006a02                LPSPI_Disable
                0x00006a1a                LPSPI_SetMasterSlaveMode
                0x00006a28                LPSPI_SetFlushFifoCmd
                0x00006a36                LPSPI_ClearStatusFlag
                0x00006a56                LPSPI_SetPcsPolarityMode
                0x00006a72                LPSPI_SetPinConfigMode
                0x00006a94                LPSPI_SetBaudRateDivisor
                0x00006aa4                LPSPI_SetBaudRate
                0x00006bac                LPSPI_SetTxCommandReg
                0x00006bf6                LPSPI_SetPcs
 .text          0x00006c04       0x1e lpspi_irq.o
                0x00006c04                LPSPI0_IRQHandler
                0x00006c0e                LPSPI1_IRQHandler
                0x00006c18                LPSPI2_IRQHandler
 *fill*         0x00006c22        0x2 
 .text          0x00006c24      0x744 lpspi_master_driver.o
                0x00006e9c                LPSPI_DRV_MasterGetDefaultConfig
                0x00006ecc                LPSPI_DRV_MasterDeinit
                0x00006f04                LPSPI_DRV_MasterSetDelay
                0x00006f54                LPSPI_DRV_MasterConfigureBus
                0x00007068                LPSPI_DRV_MasterInit
                0x000070e8                LPSPI_DRV_MasterTransferBlocking
                0x000071a8                LPSPI_DRV_MasterTransfer
                0x000071b6                LPSPI_DRV_MasterGetTransferStatus
                0x000071e4                LPSPI_DRV_MasterAbortTransfer
                0x00007270                LPSPI_DRV_SetPcs
                0x000072b4                LPSPI_DRV_MasterIRQHandler
 .text          0x00007368      0x198 lpspi_shared_function.o
                0x00007368                LPSPI_DRV_IRQHandler
                0x00007390                LPSPI_DRV_FillupTxBuffer
                0x00007444                LPSPI_DRV_ReadRXBuffer
                0x000074d0                LPSPI_DRV_DisableTEIEInterrupts
 .text          0x00007500      0x5d0 lpspi_slave_driver.o
                0x00007500                LPSPI_DRV_SlaveGetDefaultConfig
                0x0000751e                LPSPI_DRV_SlaveInit
                0x0000761c                LPSPI_DRV_SlaveDeinit
                0x00007658                LPSPI_DRV_SlaveTransfer
                0x00007890                LPSPI_DRV_SlaveAbortTransfer
                0x00007904                LPSPI_DRV_SlaveTransferBlocking
                0x000079d0                LPSPI_DRV_SlaveIRQHandler
                0x00007aa4                LPSPI_DRV_SlaveGetTransferStatus
 .text          0x00007ad0      0xdf4 lpuart_driver.o
                0x00007fd4                LPUART_DRV_GetDefaultConfig
                0x00007fec                LPUART_DRV_Deinit
                0x0000805c                LPUART_DRV_InstallRxCallback
                0x00008070                LPUART_DRV_InstallTxCallback
                0x00008084                LPUART_DRV_SendDataBlocking
                0x000080e0                LPUART_DRV_SendDataPolling
                0x00008164                LPUART_DRV_SendData
                0x00008188                LPUART_DRV_GetTransmitStatus
                0x000081c0                LPUART_DRV_AbortSendingData
                0x000081ec                LPUART_DRV_ReceiveDataBlocking
                0x00008248                LPUART_DRV_ReceiveDataPolling
                0x00008390                LPUART_DRV_ReceiveData
                0x000083b4                LPUART_DRV_GetReceiveStatus
                0x000083ec                LPUART_DRV_AbortReceivingData
                0x00008418                LPUART_DRV_SetBaudRate
                0x00008504                LPUART_DRV_Init
                0x000085e0                LPUART_DRV_GetBaudRate
                0x00008618                LPUART_DRV_SetTxBuffer
                0x0000862c                LPUART_DRV_SetRxBuffer
                0x00008640                LPUART_DRV_IRQHandler
 .text          0x000088c4      0x34c lpuart_hw_access.o
                0x000088c4                LPUART_Init
                0x000088e8                LPUART_SetBitCountPerChar
                0x00008918                LPUART_SetParityMode
                0x00008936                LPUART_Putchar9
                0x0000894c                LPUART_Putchar10
                0x0000896e                LPUART_Getchar9
                0x00008980                LPUART_Getchar10
                0x0000899e                LPUART_SetIntMode
                0x00008a0e                LPUART_GetIntMode
                0x00008a58                LPUART_GetStatusFlag
                0x00008aa0                LPUART_ClearStatusFlag
                0x00008bd0                LPUART_SetErrorInterrupts
 .text          0x00008c10       0x1e lpuart_irq.o
                0x00008c10                LPUART0_IrqHandler
                0x00008c1a                LPUART1_IrqHandler
                0x00008c24                LPUART2_IrqHandler
 *fill*         0x00008c2e        0x2 
 .text          0x00008c30       0x74 mbd_adc_irq.o
                0x00008c30                ADC_CommonIRQHandler
                0x00008c80                ADC_InstallCallback
                0x00008c90                ADC0_IRQHandler
                0x00008c9a                ADC1_IRQHandler
 .text          0x00008ca4       0xd0 mbd_main.o
                0x00008ca4                LPIT0_Ch0_IRQHandler
                0x00008cb4                SYSTEM_INIT_TASK
                0x00008cbc                SYSTEM_TASK
                0x00008cc4                lpit0_init
                0x00008d08                lpit0_init_step_timer
                0x00008d44                main
 .text          0x00008d74      0x150 osif_baremetal.o
                0x00008d74                SysTick_Handler
                0x00008d84                OSIF_TimeDelay
                0x00008de4                OSIF_GetMilliseconds
                0x00008df0                OSIF_MutexLock
                0x00008df4                OSIF_MutexUnlock
                0x00008df8                OSIF_MutexCreate
                0x00008dfc                OSIF_MutexDestroy
                0x00008e00                OSIF_SemaWait
                0x00008e84                OSIF_SemaPost
                0x00008eaa                OSIF_SemaCreate
                0x00008ebe                OSIF_SemaDestroy
 .text          0x00008ec4      0x144 pins_driver.o
                0x00008ec4                PINS_DRV_Init
                0x00008ee4                PINS_DRV_SetPullSel
                0x00008f1e                PINS_DRV_SetMuxModeSel
                0x00008f26                PINS_DRV_SetPinIntSel
                0x00008f3c                PINS_DRV_GetPinIntSel
                0x00008f46                PINS_DRV_ClearPinIntFlagCmd
                0x00008f54                PINS_DRV_EnableDigitalFilter
                0x00008f66                PINS_DRV_DisableDigitalFilter
                0x00008f7a                PINS_DRV_ConfigDigitalFilter
                0x00008f90                PINS_DRV_GetPortIntFlag
                0x00008f96                PINS_DRV_ClearPortIntFlagCmd
                0x00008fa0                PINS_DRV_GetPinsDirection
                0x00008fa4                PINS_DRV_SetPinDirection
                0x00008fbc                PINS_DRV_SetPinsDirection
                0x00008fc0                PINS_DRV_SetPortInputDisable
                0x00008fc4                PINS_DRV_GetPortInputDisable
                0x00008fc8                PINS_DRV_SetGlobalPinControl
                0x00008fd0                PINS_DRV_SetGlobalIntControl
                0x00008fd8                PINS_DRV_WritePin
                0x00008ff0                PINS_DRV_WritePins
                0x00008ff4                PINS_DRV_GetPinsOutput
                0x00008ff8                PINS_DRV_SetPins
                0x00008ffc                PINS_DRV_ClearPins
                0x00009000                PINS_DRV_TogglePins
                0x00009004                PINS_DRV_ReadPins
 .text          0x00009008      0x224 pins_port_hw_access.o
                0x00009078                PINS_Init
                0x0000918c                PINS_SetMuxModeSel
                0x000091dc                PINS_SetGlobalPinControl
                0x00009208                PINS_SetGlobalIntControl
 .text          0x0000922c      0x1d0 power_manager.o
                0x000092d0                POWER_SYS_Init
                0x000092fc                POWER_SYS_Deinit
                0x00009314                POWER_SYS_GetLastMode
                0x0000932c                POWER_SYS_GetLastModeConfig
                0x00009348                POWER_SYS_GetErrorCallbackIndex
                0x00009354                POWER_SYS_GetErrorCallback
                0x00009370                POWER_SYS_SetMode
                0x000093f0                POWER_SYS_GetDefaultConfig
 .text          0x000093fc      0x504 power_manager_S32K1xx.o
                0x000094c8                POWER_SYS_DoInit
                0x00009560                POWER_SYS_DoDeinit
                0x00009574                POWER_SYS_GetCurrentMode
                0x00009598                POWER_SYS_DoSetMode
                0x0000989e                POWER_SYS_GetResetSrcStatusCmd
 .text          0x00009900      0x184 power_smc_hw_access.o
                0x00009970                SMC_SetPowerMode
                0x00009a6c                SMC_SetProtectionMode
 .text          0x00009a84      0x118 s32k_clock_init.o
                0x00009a84                Clock_Setup
                0x00009b84                UpdateSystickConfig
 .text          0x00009b9c       0xd8 startup.o
                0x00009b9c                init_data_bss
 .text          0x00009c74       0xd4 system_S32K144.o
                0x00009c74                SystemInit
                0x00009cb0                SystemCoreClockUpdate
                0x00009d30                SystemSoftwareReset
 .text          0x00009d48      0x378 c:/users/kamil/appdata/roaming/mathworks/matlab add-ons/toolboxes/nxp_mbdtoolbox_s32k1xx/tools/gcc-6.3-arm32-eabi/bin/../lib/gcc/arm-none-eabi/6.3.1/thumb/v7e-m/fpv4-sp/hard\libgcc.a(_arm_addsubdf3.o)
                0x00009d48                __aeabi_drsub
                0x00009d50                __aeabi_dsub
                0x00009d50                __subdf3
                0x00009d54                __aeabi_dadd
                0x00009d54                __adddf3
                0x00009fcc                __floatunsidf
                0x00009fcc                __aeabi_ui2d
                0x00009fec                __floatsidf
                0x00009fec                __aeabi_i2d
                0x0000a010                __aeabi_f2d
                0x0000a010                __extendsfdf2
                0x0000a054                __floatundidf
                0x0000a054                __aeabi_ul2d
                0x0000a064                __floatdidf
                0x0000a064                __aeabi_l2d
 .text          0x0000a0c0      0x424 c:/users/kamil/appdata/roaming/mathworks/matlab add-ons/toolboxes/nxp_mbdtoolbox_s32k1xx/tools/gcc-6.3-arm32-eabi/bin/../lib/gcc/arm-none-eabi/6.3.1/thumb/v7e-m/fpv4-sp/hard\libgcc.a(_arm_muldivdf3.o)
                0x0000a0c0                __aeabi_dmul
                0x0000a0c0                __muldf3
                0x0000a314                __divdf3
                0x0000a314                __aeabi_ddiv
 .text          0x0000a4e4      0x110 c:/users/kamil/appdata/roaming/mathworks/matlab add-ons/toolboxes/nxp_mbdtoolbox_s32k1xx/tools/gcc-6.3-arm32-eabi/bin/../lib/gcc/arm-none-eabi/6.3.1/thumb/v7e-m/fpv4-sp/hard\libgcc.a(_arm_cmpdf2.o)
                0x0000a4e4                __gtdf2
                0x0000a4e4                __gedf2
                0x0000a4ec                __ltdf2
                0x0000a4ec                __ledf2
                0x0000a4f4                __nedf2
                0x0000a4f4                __eqdf2
                0x0000a4f4                __cmpdf2
                0x0000a570                __aeabi_cdrcmple
                0x0000a580                __aeabi_cdcmpeq
                0x0000a580                __aeabi_cdcmple
                0x0000a590                __aeabi_dcmpeq
                0x0000a5a4                __aeabi_dcmplt
                0x0000a5b8                __aeabi_dcmple
                0x0000a5cc                __aeabi_dcmpge
                0x0000a5e0                __aeabi_dcmpgt
 .text          0x0000a5f4       0x40 c:/users/kamil/appdata/roaming/mathworks/matlab add-ons/toolboxes/nxp_mbdtoolbox_s32k1xx/tools/gcc-6.3-arm32-eabi/bin/../lib/gcc/arm-none-eabi/6.3.1/thumb/v7e-m/fpv4-sp/hard\libgcc.a(_arm_fixunsdfsi.o)
                0x0000a5f4                __aeabi_d2uiz
                0x0000a5f4                __fixunsdfsi
 .text          0x0000a634       0x30 c:/users/kamil/appdata/roaming/mathworks/matlab add-ons/toolboxes/nxp_mbdtoolbox_s32k1xx/tools/gcc-6.3-arm32-eabi/bin/../lib/gcc/arm-none-eabi/6.3.1/thumb/v7e-m/fpv4-sp/hard\libgcc.a(_aeabi_uldivmod.o)
                0x0000a634                __aeabi_uldivmod
 .text          0x0000a664      0x2e4 c:/users/kamil/appdata/roaming/mathworks/matlab add-ons/toolboxes/nxp_mbdtoolbox_s32k1xx/tools/gcc-6.3-arm32-eabi/bin/../lib/gcc/arm-none-eabi/6.3.1/thumb/v7e-m/fpv4-sp/hard\libgcc.a(_udivmoddi4.o)
                0x0000a664                __udivmoddi4
 .text          0x0000a948        0x4 c:/users/kamil/appdata/roaming/mathworks/matlab add-ons/toolboxes/nxp_mbdtoolbox_s32k1xx/tools/gcc-6.3-arm32-eabi/bin/../lib/gcc/arm-none-eabi/6.3.1/thumb/v7e-m/fpv4-sp/hard\libgcc.a(_dvmd_tls.o)
                0x0000a948                __aeabi_idiv0
                0x0000a948                __aeabi_ldiv0
 *(.text*)
 *fill*         0x0000a94c        0x4 
 .text.ceil     0x0000a950      0x108 C:/Users/kamil/AppData/Roaming/MathWorks/MATLAB Add-Ons/Toolboxes/NXP_MBDToolbox_S32K1xx/tools/gcc-6.3-arm32-eabi/arm-none-eabi/newlib/lib/thumb/v7e-m/fpv4-sp/hard\libm.a(lib_a-s_ceil.o)
                0x0000a950                ceil
 .text.floor    0x0000aa58      0x108 C:/Users/kamil/AppData/Roaming/MathWorks/MATLAB Add-Ons/Toolboxes/NXP_MBDToolbox_S32K1xx/tools/gcc-6.3-arm32-eabi/arm-none-eabi/newlib/lib/thumb/v7e-m/fpv4-sp/hard\libm.a(lib_a-s_floor.o)
                0x0000aa58                floor
 .text.memset   0x0000ab60       0x10 C:/Users/kamil/AppData/Roaming/MathWorks/MATLAB Add-Ons/Toolboxes/NXP_MBDToolbox_S32K1xx/tools/gcc-6.3-arm32-eabi/arm-none-eabi/newlib/lib/thumb/v7e-m/fpv4-sp/hard\libc.a(lib_a-memset.o)
                0x0000ab60                memset
 .text.startup.register_fini
                0x0000ab70       0x14 C:/Users/kamil/AppData/Roaming/MathWorks/MATLAB Add-Ons/Toolboxes/NXP_MBDToolbox_S32K1xx/tools/gcc-6.3-arm32-eabi/arm-none-eabi/newlib/lib/thumb/v7e-m/fpv4-sp/hard\libc.a(lib_a-__call_atexit.o)
 .text.__libc_fini_array
                0x0000ab84       0x28 C:/Users/kamil/AppData/Roaming/MathWorks/MATLAB Add-Ons/Toolboxes/NXP_MBDToolbox_S32K1xx/tools/gcc-6.3-arm32-eabi/arm-none-eabi/newlib/lib/thumb/v7e-m/fpv4-sp/hard\libc.a(lib_a-fini.o)
                0x0000ab84                __libc_fini_array
 .text.atexit   0x0000abac        0xc C:/Users/kamil/AppData/Roaming/MathWorks/MATLAB Add-Ons/Toolboxes/NXP_MBDToolbox_S32K1xx/tools/gcc-6.3-arm32-eabi/arm-none-eabi/newlib/lib/thumb/v7e-m/fpv4-sp/hard\libc.a(lib_a-atexit.o)
                0x0000abac                atexit
 .text.__register_exitproc
                0x0000abb8       0x98 C:/Users/kamil/AppData/Roaming/MathWorks/MATLAB Add-Ons/Toolboxes/NXP_MBDToolbox_S32K1xx/tools/gcc-6.3-arm32-eabi/arm-none-eabi/newlib/lib/thumb/v7e-m/fpv4-sp/hard\libc.a(lib_a-__atexit.o)
                0x0000abb8                __register_exitproc
 *(.rodata)
 .rodata        0x0000ac50       0x10 Pressure_SPI.o
                0x0000ac5c                Pressure_SPI_M
 .rodata        0x0000ac60        0x2 Pressure_SPI_data.o
                0x0000ac60                Pressure_SPI_ConstP
 *fill*         0x0000ac62        0x2 
 .rodata        0x0000ac64        0xa adc_driver.o
 *fill*         0x0000ac6e        0x2 
 .rodata        0x0000ac70      0x20d clock_S32K1xx.o
                0x0000ad6c                clockNameMappings
                0x0000ae1c                peripheralFeaturesList
 *fill*         0x0000ae7d        0x3 
 .rodata        0x0000ae80       0x10 edma_driver.o
 .rodata        0x0000ae90       0x40 ftm_common.o
                0x0000ae90                g_ftmBase
                0x0000aea0                g_ftmOverflowIrqId
                0x0000aea4                g_ftmFaultIrqId
                0x0000aea8                g_ftmReloadIrqId
                0x0000aeac                g_ftmIrqId
 .rodata        0x0000aed0       0x20 lpspi_hw_access.o
 .rodata        0x0000aef0       0x13 lpuart_driver.o
 *fill*         0x0000af03        0x1 
 .rodata        0x0000af04       0x1c mbd_main.o
 *(.rodata*)
 .rodata.str1.4
                0x0000af20       0x14 freemaster_protocol.o
                                 0x13 (size before relaxing)
 .rodata._global_impure_ptr
                0x0000af34        0x4 C:/Users/kamil/AppData/Roaming/MathWorks/MATLAB Add-Ons/Toolboxes/NXP_MBDToolbox_S32K1xx/tools/gcc-6.3-arm32-eabi/arm-none-eabi/newlib/lib/thumb/v7e-m/fpv4-sp/hard\libc.a(lib_a-impure.o)
                0x0000af34                _global_impure_ptr
 *(.glue_7)
 .glue_7        0x0000af38        0x0 linker stubs
 *(.glue_7t)
 .glue_7t       0x0000af38        0x0 linker stubs
 *(.eh_frame)
 .eh_frame      0x0000af38        0x0 c:/users/kamil/appdata/roaming/mathworks/matlab add-ons/toolboxes/nxp_mbdtoolbox_s32k1xx/tools/gcc-6.3-arm32-eabi/bin/../lib/gcc/arm-none-eabi/6.3.1/thumb/v7e-m/fpv4-sp/hard/crtbegin.o
 *(.init)
 .init          0x0000af38        0x4 c:/users/kamil/appdata/roaming/mathworks/matlab add-ons/toolboxes/nxp_mbdtoolbox_s32k1xx/tools/gcc-6.3-arm32-eabi/bin/../lib/gcc/arm-none-eabi/6.3.1/thumb/v7e-m/fpv4-sp/hard/crti.o
                0x0000af38                _init
 .init          0x0000af3c        0x8 c:/users/kamil/appdata/roaming/mathworks/matlab add-ons/toolboxes/nxp_mbdtoolbox_s32k1xx/tools/gcc-6.3-arm32-eabi/bin/../lib/gcc/arm-none-eabi/6.3.1/thumb/v7e-m/fpv4-sp/hard/crtn.o
 *(.fini)
 .fini          0x0000af44        0x4 c:/users/kamil/appdata/roaming/mathworks/matlab add-ons/toolboxes/nxp_mbdtoolbox_s32k1xx/tools/gcc-6.3-arm32-eabi/bin/../lib/gcc/arm-none-eabi/6.3.1/thumb/v7e-m/fpv4-sp/hard/crti.o
                0x0000af44                _fini
 .fini          0x0000af48        0x8 c:/users/kamil/appdata/roaming/mathworks/matlab add-ons/toolboxes/nxp_mbdtoolbox_s32k1xx/tools/gcc-6.3-arm32-eabi/bin/../lib/gcc/arm-none-eabi/6.3.1/thumb/v7e-m/fpv4-sp/hard/crtn.o
                0x0000af50                . = ALIGN (0x4)

.vfp11_veneer   0x0000af50        0x0
 .vfp11_veneer  0x0000af50        0x0 linker stubs

.v4_bx          0x0000af50        0x0
 .v4_bx         0x0000af50        0x0 linker stubs

.iplt           0x0000af50        0x0
 .iplt          0x0000af50        0x0 c:/users/kamil/appdata/roaming/mathworks/matlab add-ons/toolboxes/nxp_mbdtoolbox_s32k1xx/tools/gcc-6.3-arm32-eabi/bin/../lib/gcc/arm-none-eabi/6.3.1/thumb/v7e-m/fpv4-sp/hard/crtbegin.o

.ARM.extab
 *(.ARM.extab* .gnu.linkonce.armextab.*)

.ARM            0x0000af50        0x8
                0x0000af50                __exidx_start = .
 *(.ARM.exidx*)
 .ARM.exidx     0x0000af50        0x8 c:/users/kamil/appdata/roaming/mathworks/matlab add-ons/toolboxes/nxp_mbdtoolbox_s32k1xx/tools/gcc-6.3-arm32-eabi/bin/../lib/gcc/arm-none-eabi/6.3.1/thumb/v7e-m/fpv4-sp/hard\libgcc.a(_udivmoddi4.o)
                0x0000af58                __exidx_end = .

.rel.dyn        0x0000af58        0x0
 .rel.iplt      0x0000af58        0x0 c:/users/kamil/appdata/roaming/mathworks/matlab add-ons/toolboxes/nxp_mbdtoolbox_s32k1xx/tools/gcc-6.3-arm32-eabi/bin/../lib/gcc/arm-none-eabi/6.3.1/thumb/v7e-m/fpv4-sp/hard/crtbegin.o

.ctors          0x0000af58        0x0
                0x0000af58                __CTOR_LIST__ = .
 *crtbegin.o(.ctors)
 *crtbegin?.o(.ctors)
 *(EXCLUDE_FILE(*crtend.o *crtend?.o) .ctors)
 *(SORT(.ctors.*))
 *(.ctors)
                0x0000af58                __CTOR_END__ = .

.dtors          0x0000af58        0x0
                0x0000af58                __DTOR_LIST__ = .
 *crtbegin.o(.dtors)
 *crtbegin?.o(.dtors)
 *(EXCLUDE_FILE(*crtend.o *crtend?.o) .dtors)
 *(SORT(.dtors.*))
 *(.dtors)
                0x0000af58                __DTOR_END__ = .

.preinit_array  0x0000af58        0x0
                0x0000af58                PROVIDE (__preinit_array_start, .)
 *(.preinit_array*)
                0x0000af58                PROVIDE (__preinit_array_end, .)

.init_array     0x0000af58        0x8
                0x0000af58                PROVIDE (__init_array_start, .)
 *(SORT(.init_array.*))
 .init_array.00000
                0x0000af58        0x4 C:/Users/kamil/AppData/Roaming/MathWorks/MATLAB Add-Ons/Toolboxes/NXP_MBDToolbox_S32K1xx/tools/gcc-6.3-arm32-eabi/arm-none-eabi/newlib/lib/thumb/v7e-m/fpv4-sp/hard\libc.a(lib_a-__call_atexit.o)
 *(.init_array*)
 .init_array    0x0000af5c        0x4 c:/users/kamil/appdata/roaming/mathworks/matlab add-ons/toolboxes/nxp_mbdtoolbox_s32k1xx/tools/gcc-6.3-arm32-eabi/bin/../lib/gcc/arm-none-eabi/6.3.1/thumb/v7e-m/fpv4-sp/hard/crtbegin.o
                0x0000af60                PROVIDE (__init_array_end, .)

.fini_array     0x0000af60        0x4
                0x0000af60                PROVIDE (__fini_array_start, .)
 *(SORT(.fini_array.*))
 *(.fini_array*)
 .fini_array    0x0000af60        0x4 c:/users/kamil/appdata/roaming/mathworks/matlab add-ons/toolboxes/nxp_mbdtoolbox_s32k1xx/tools/gcc-6.3-arm32-eabi/bin/../lib/gcc/arm-none-eabi/6.3.1/thumb/v7e-m/fpv4-sp/hard/crtbegin.o
                0x0000af64                PROVIDE (__fini_array_end, .)
                0x0000af64                __etext = .
                0x0000af64                __DATA_ROM = .

.interrupts_ram
                0x1fff8000      0x400
                0x1fff8000                . = ALIGN (0x4)
                0x1fff8000                __VECTOR_RAM__ = .
                0x1fff8000                __RAM_START = .
                0x1fff8000                __interrupts_ram_start__ = .
 *(.m_interrupts_ram)
                0x1fff8400                . = (. + M_VECTOR_RAM_SIZE)
 *fill*         0x1fff8000      0x400 
                0x1fff8400                . = ALIGN (0x4)
                0x1fff8400                __interrupts_ram_end__ = .
                0x1fff8000                __VECTOR_RAM = DEFINED (__flash_vector_table__)?ORIGIN (m_interrupts):__VECTOR_RAM__
                0x00000400                __RAM_VECTOR_TABLE_SIZE = DEFINED (__flash_vector_table__)?0x0:(__interrupts_ram_end__ - __interrupts_ram_start__)

.data           0x1fff8400      0x52c load address 0x0000af64
                0x1fff8400                . = ALIGN (0x4)
                0x1fff8400                __DATA_RAM = .
                0x1fff8400                __data_start__ = .
 *(.data)
 .data          0x1fff8400       0xa0 clock_S32K1xx.o
 .data          0x1fff84a0       0x48 ftm0_pwm_params.o
                0x1fff84a0                flexTimer_pwm0_InitConfig
                0x1fff84b4                flexTimer_pwm0_PwmConfig
                0x1fff84cc                flexTimer_pwm0_IndependentChannelsConfig
                0x1fff84d8                flexTimer_pwm0_FaultConfig
 .data          0x1fff84e8        0xf lpspi_shared_function.o
                0x1fff84e8                g_lpspiBase
                0x1fff84f4                g_lpspiIrqId
 *fill*         0x1fff84f7        0x1 
 .data          0x1fff84f8        0xc lpuart_irq.o
                0x1fff84f8                g_lpuartIsr
 .data          0x1fff8504        0x1 osif_baremetal.o
 *fill*         0x1fff8505        0x3 
 .data          0x1fff8508        0x4 system_S32K144.o
                0x1fff8508                SystemCoreClock
 *(.data*)
 *fill*         0x1fff850c        0x4 
 .data.impure_data
                0x1fff8510      0x418 C:/Users/kamil/AppData/Roaming/MathWorks/MATLAB Add-Ons/Toolboxes/NXP_MBDToolbox_S32K1xx/tools/gcc-6.3-arm32-eabi/arm-none-eabi/newlib/lib/thumb/v7e-m/fpv4-sp/hard\libc.a(lib_a-impure.o)
 *(.jcr*)
 .jcr           0x1fff8928        0x0 c:/users/kamil/appdata/roaming/mathworks/matlab add-ons/toolboxes/nxp_mbdtoolbox_s32k1xx/tools/gcc-6.3-arm32-eabi/bin/../lib/gcc/arm-none-eabi/6.3.1/thumb/v7e-m/fpv4-sp/hard/crtbegin.o
 .jcr           0x1fff8928        0x4 c:/users/kamil/appdata/roaming/mathworks/matlab add-ons/toolboxes/nxp_mbdtoolbox_s32k1xx/tools/gcc-6.3-arm32-eabi/bin/../lib/gcc/arm-none-eabi/6.3.1/thumb/v7e-m/fpv4-sp/hard/crtend.o
                0x1fff892c                . = ALIGN (0x4)
                0x1fff892c                __data_end__ = .
                0x0000b490                __DATA_END = (__DATA_ROM + (__data_end__ - __data_start__))
                0x0000b490                __CODE_ROM = __DATA_END

.tm_clone_table
                0x1fff892c        0x0 load address 0x0000b490
 .tm_clone_table
                0x1fff892c        0x0 c:/users/kamil/appdata/roaming/mathworks/matlab add-ons/toolboxes/nxp_mbdtoolbox_s32k1xx/tools/gcc-6.3-arm32-eabi/bin/../lib/gcc/arm-none-eabi/6.3.1/thumb/v7e-m/fpv4-sp/hard/crtbegin.o
 .tm_clone_table
                0x1fff892c        0x0 c:/users/kamil/appdata/roaming/mathworks/matlab add-ons/toolboxes/nxp_mbdtoolbox_s32k1xx/tools/gcc-6.3-arm32-eabi/bin/../lib/gcc/arm-none-eabi/6.3.1/thumb/v7e-m/fpv4-sp/hard/crtend.o

.igot.plt       0x1fff892c        0x0 load address 0x0000b490
 .igot.plt      0x1fff892c        0x0 c:/users/kamil/appdata/roaming/mathworks/matlab add-ons/toolboxes/nxp_mbdtoolbox_s32k1xx/tools/gcc-6.3-arm32-eabi/bin/../lib/gcc/arm-none-eabi/6.3.1/thumb/v7e-m/fpv4-sp/hard/crtbegin.o

.code           0x1fff892c        0x0 load address 0x0000b490
                0x1fff892c                . = ALIGN (0x4)
                0x1fff892c                __CODE_RAM = .
                0x1fff892c                __code_start__ = .
                0x1fff892c                __code_ram_start__ = .
 *(.code_ram)
                0x1fff892c                . = ALIGN (0x4)
                0x1fff892c                __code_end__ = .
                0x1fff892c                __code_ram_end__ = .
                0x0000b490                __CODE_END = (__CODE_ROM + (__code_end__ - __code_start__))
                0x0000b490                __CUSTOM_ROM = __CODE_END

.customSectionBlock
                0x20000000        0x0 load address 0x0000b490
                0x20000000                __customSection_start__ = .
 *(.customSection)
                0x20000000                __customSection_end__ = .
                0x0000b490                __CUSTOM_END = (__CUSTOM_ROM + (__customSection_end__ - __customSection_start__))

.bss            0x20000000      0x744
                0x20000000                . = ALIGN (0x4)
                0x20000000                __BSS_START = .
                0x20000000                __bss_start__ = .
 *(.bss)
 .bss           0x20000000       0x1c c:/users/kamil/appdata/roaming/mathworks/matlab add-ons/toolboxes/nxp_mbdtoolbox_s32k1xx/tools/gcc-6.3-arm32-eabi/bin/../lib/gcc/arm-none-eabi/6.3.1/thumb/v7e-m/fpv4-sp/hard/crtbegin.o
 .bss           0x2000001c        0x4 Pressure_SPI.o
 .bss           0x20000020       0x10 clock_S32K1xx.o
 .bss           0x20000030        0x4 edma_driver.o
 .bss           0x20000034        0x1 freemaster_S32K1xx.o
 *fill*         0x20000035        0x3 
 .bss           0x20000038      0x414 freemaster_rec.o
 .bss           0x2000044c       0x2c freemaster_scope.o
 .bss           0x20000478       0x52 freemaster_serial.o
 *fill*         0x200004ca        0x2 
 .bss           0x200004cc       0x11 ftm_common.o
                0x200004cc                ftmStatePtr
                0x200004dc                faultDetection
 *fill*         0x200004dd        0x3 
 .bss           0x200004e0       0x80 ftm_fault_irq.o
 .bss           0x20000560        0x4 interrupt_manager.o
 .bss           0x20000564        0x4 lpit_driver.o
 .bss           0x20000568        0xc lpspi_shared_function.o
                0x20000568                g_lpspiStatePtr
 .bss           0x20000574        0xc lpuart_driver.o
 .bss           0x20000580       0x80 mbd_adc_irq.o
 .bss           0x20000600        0x4 osif_baremetal.o
 .bss           0x20000604        0xc power_manager_S32K1xx.o
 *(.bss*)
 *(COMMON)
 COMMON         0x20000610       0x68 Pressure_SPI.o
                0x20000610                Pressure_SPI_B
                0x2000063c                pressure_digital
                0x20000640                lpspiMasterState0
                0x20000674                pressure_analog
 COMMON         0x20000678       0x14 clock_S32K1xx.o
                0x20000678                g_xtal0ClkFreq
                0x2000067c                g_RtcClkInFreq
                0x20000680                g_TClkFreq
 COMMON         0x2000068c       0x48 freemaster_rec.o
                0x2000068c                pcm_pRecVarAddr
                0x200006ac                pcm_wRecBuffStartIx
                0x200006b0                pcm_dwRecEndBuffPtr
                0x200006b4                pcm_pRecVarSize
                0x200006bc                pcm_wRecTotalSmps
                0x200006be                pcm_nRecVarCount
                0x200006c0                pcm_wRecTimeDivCtr
                0x200006c2                pcm_wStoprecCountDown
                0x200006c4                pcm_nRecTriggerMode
                0x200006c8                pcm_wRecFlags
                0x200006cc                pcm_wRecTimeDiv
                0x200006ce                pcm_wRecPostTrigger
                0x200006d0                pcm_dwRecWritePtr
 COMMON         0x200006d4       0x60 ftm0_pwm_params.o
                0x200006d4                ftmStateStruct0
 COMMON         0x20000734       0x10 power_manager_S32K1xx.o
                0x20000734                gPowerManagerState
                0x20000744                . = ALIGN (0x4)
                0x20000744                __bss_end__ = .
                0x20000744                __BSS_END = .

.heap           0x20000744      0x404
                0x20000748                . = ALIGN (0x8)
 *fill*         0x20000744        0x4 
                0x20000748                __end__ = .
                0x20000748                __heap_start__ = .
                [!provide]                PROVIDE (end, .)
                [!provide]                PROVIDE (_end, .)
                [!provide]                PROVIDE (__end, .)
                0x20000748                __HeapBase = .
                0x20000b48                . = (. + HEAP_SIZE)
 *fill*         0x20000748      0x400 
                0x20000b48                __HeapLimit = .
                0x20000b48                __heap_limit = .
                0x20000b48                __heap_end__ = .
                0x20007000                __StackTop = (ORIGIN (m_data_2) + LENGTH (m_data_2))
                0x20006c00                __StackLimit = (__StackTop - STACK_SIZE)
                0x20007000                PROVIDE (__stack, __StackTop)
                0x20007000                __RAM_END = __StackTop

.stack          0x20006c00      0x400
                0x20006c00                . = ALIGN (0x8)
                0x20006c00                __stack_start__ = .
                0x20007000                . = (. + STACK_SIZE)
 *fill*         0x20006c00      0x400 
                0x20007000                __stack_end__ = .

.ARM.attributes
                0x00000000       0x30
 *(.ARM.attributes)
 .ARM.attributes
                0x00000000       0x22 c:/users/kamil/appdata/roaming/mathworks/matlab add-ons/toolboxes/nxp_mbdtoolbox_s32k1xx/tools/gcc-6.3-arm32-eabi/bin/../lib/gcc/arm-none-eabi/6.3.1/thumb/v7e-m/fpv4-sp/hard/crti.o
 .ARM.attributes
                0x00000022       0x34 c:/users/kamil/appdata/roaming/mathworks/matlab add-ons/toolboxes/nxp_mbdtoolbox_s32k1xx/tools/gcc-6.3-arm32-eabi/bin/../lib/gcc/arm-none-eabi/6.3.1/thumb/v7e-m/fpv4-sp/hard/crtbegin.o
 .ARM.attributes
                0x00000056       0x1f startup_S32K144.o
 .ARM.attributes
                0x00000075       0x39 Pressure_SPI.o
 .ARM.attributes
                0x000000ae       0x39 Pressure_SPI_data.o
 .ARM.attributes
                0x000000e7       0x39 adc_driver.o
 .ARM.attributes
                0x00000120       0x39 clock_S32K1xx.o
 .ARM.attributes
                0x00000159       0x39 edma_driver.o
 .ARM.attributes
                0x00000192       0x39 edma_hw_access.o
 .ARM.attributes
                0x000001cb       0x39 edma_irq.o
 .ARM.attributes
                0x00000204       0x39 freemaster_S32K1xx.o
 .ARM.attributes
                0x0000023d       0x39 freemaster_interface_init.o
 .ARM.attributes
                0x00000276       0x39 freemaster_protocol.o
 .ARM.attributes
                0x000002af       0x39 freemaster_rec.o
 .ARM.attributes
                0x000002e8       0x39 freemaster_scope.o
 .ARM.attributes
                0x00000321       0x39 freemaster_serial.o
 .ARM.attributes
                0x0000035a       0x39 ftm0_pwm_params.o
 .ARM.attributes
                0x00000393       0x39 ftm_common.o
 .ARM.attributes
                0x000003cc       0x39 ftm_fault_irq.o
 .ARM.attributes
                0x00000405       0x39 ftm_hw_access.o
 .ARM.attributes
                0x0000043e       0x39 ftm_ic_driver.o
 .ARM.attributes
                0x00000477       0x39 ftm_pwm_driver.o
 .ARM.attributes
                0x000004b0       0x39 interrupt_manager.o
 .ARM.attributes
                0x000004e9       0x39 lpit_driver.o
 .ARM.attributes
                0x00000522       0x39 lpspi_hw_access.o
 .ARM.attributes
                0x0000055b       0x39 lpspi_irq.o
 .ARM.attributes
                0x00000594       0x39 lpspi_master_driver.o
 .ARM.attributes
                0x000005cd       0x39 lpspi_shared_function.o
 .ARM.attributes
                0x00000606       0x39 lpspi_slave_driver.o
 .ARM.attributes
                0x0000063f       0x39 lpuart_driver.o
 .ARM.attributes
                0x00000678       0x39 lpuart_hw_access.o
 .ARM.attributes
                0x000006b1       0x39 lpuart_irq.o
 .ARM.attributes
                0x000006ea       0x39 mbd_adc_irq.o
 .ARM.attributes
                0x00000723       0x39 mbd_main.o
 .ARM.attributes
                0x0000075c       0x39 osif_baremetal.o
 .ARM.attributes
                0x00000795       0x39 pins_driver.o
 .ARM.attributes
                0x000007ce       0x39 pins_port_hw_access.o
 .ARM.attributes
                0x00000807       0x39 power_manager.o
 .ARM.attributes
                0x00000840       0x39 power_manager_S32K1xx.o
 .ARM.attributes
                0x00000879       0x39 power_smc_hw_access.o
 .ARM.attributes
                0x000008b2       0x39 s32k_clock_init.o
 .ARM.attributes
                0x000008eb       0x39 startup.o
 .ARM.attributes
                0x00000924       0x39 system_S32K144.o
 .ARM.attributes
                0x0000095d       0x34 C:/Users/kamil/AppData/Roaming/MathWorks/MATLAB Add-Ons/Toolboxes/NXP_MBDToolbox_S32K1xx/tools/gcc-6.3-arm32-eabi/arm-none-eabi/newlib/lib/thumb/v7e-m/fpv4-sp/hard\libm.a(lib_a-s_ceil.o)
 .ARM.attributes
                0x00000991       0x34 C:/Users/kamil/AppData/Roaming/MathWorks/MATLAB Add-Ons/Toolboxes/NXP_MBDToolbox_S32K1xx/tools/gcc-6.3-arm32-eabi/arm-none-eabi/newlib/lib/thumb/v7e-m/fpv4-sp/hard\libm.a(lib_a-s_floor.o)
 .ARM.attributes
                0x000009c5       0x22 c:/users/kamil/appdata/roaming/mathworks/matlab add-ons/toolboxes/nxp_mbdtoolbox_s32k1xx/tools/gcc-6.3-arm32-eabi/bin/../lib/gcc/arm-none-eabi/6.3.1/thumb/v7e-m/fpv4-sp/hard\libgcc.a(_arm_addsubdf3.o)
 .ARM.attributes
                0x000009e7       0x22 c:/users/kamil/appdata/roaming/mathworks/matlab add-ons/toolboxes/nxp_mbdtoolbox_s32k1xx/tools/gcc-6.3-arm32-eabi/bin/../lib/gcc/arm-none-eabi/6.3.1/thumb/v7e-m/fpv4-sp/hard\libgcc.a(_arm_muldivdf3.o)
 .ARM.attributes
                0x00000a09       0x22 c:/users/kamil/appdata/roaming/mathworks/matlab add-ons/toolboxes/nxp_mbdtoolbox_s32k1xx/tools/gcc-6.3-arm32-eabi/bin/../lib/gcc/arm-none-eabi/6.3.1/thumb/v7e-m/fpv4-sp/hard\libgcc.a(_arm_cmpdf2.o)
 .ARM.attributes
                0x00000a2b       0x22 c:/users/kamil/appdata/roaming/mathworks/matlab add-ons/toolboxes/nxp_mbdtoolbox_s32k1xx/tools/gcc-6.3-arm32-eabi/bin/../lib/gcc/arm-none-eabi/6.3.1/thumb/v7e-m/fpv4-sp/hard\libgcc.a(_arm_fixunsdfsi.o)
 .ARM.attributes
                0x00000a4d       0x22 c:/users/kamil/appdata/roaming/mathworks/matlab add-ons/toolboxes/nxp_mbdtoolbox_s32k1xx/tools/gcc-6.3-arm32-eabi/bin/../lib/gcc/arm-none-eabi/6.3.1/thumb/v7e-m/fpv4-sp/hard\libgcc.a(_aeabi_uldivmod.o)
 .ARM.attributes
                0x00000a6f       0x34 c:/users/kamil/appdata/roaming/mathworks/matlab add-ons/toolboxes/nxp_mbdtoolbox_s32k1xx/tools/gcc-6.3-arm32-eabi/bin/../lib/gcc/arm-none-eabi/6.3.1/thumb/v7e-m/fpv4-sp/hard\libgcc.a(_udivmoddi4.o)
 .ARM.attributes
                0x00000aa3       0x22 c:/users/kamil/appdata/roaming/mathworks/matlab add-ons/toolboxes/nxp_mbdtoolbox_s32k1xx/tools/gcc-6.3-arm32-eabi/bin/../lib/gcc/arm-none-eabi/6.3.1/thumb/v7e-m/fpv4-sp/hard\libgcc.a(_dvmd_tls.o)
 .ARM.attributes
                0x00000ac5       0x34 C:/Users/kamil/AppData/Roaming/MathWorks/MATLAB Add-Ons/Toolboxes/NXP_MBDToolbox_S32K1xx/tools/gcc-6.3-arm32-eabi/arm-none-eabi/newlib/lib/thumb/v7e-m/fpv4-sp/hard\libc.a(lib_a-impure.o)
 .ARM.attributes
                0x00000af9       0x34 C:/Users/kamil/AppData/Roaming/MathWorks/MATLAB Add-Ons/Toolboxes/NXP_MBDToolbox_S32K1xx/tools/gcc-6.3-arm32-eabi/arm-none-eabi/newlib/lib/thumb/v7e-m/fpv4-sp/hard\libc.a(lib_a-memset.o)
 .ARM.attributes
                0x00000b2d       0x34 C:/Users/kamil/AppData/Roaming/MathWorks/MATLAB Add-Ons/Toolboxes/NXP_MBDToolbox_S32K1xx/tools/gcc-6.3-arm32-eabi/arm-none-eabi/newlib/lib/thumb/v7e-m/fpv4-sp/hard\libc.a(lib_a-__call_atexit.o)
 .ARM.attributes
                0x00000b61       0x34 C:/Users/kamil/AppData/Roaming/MathWorks/MATLAB Add-Ons/Toolboxes/NXP_MBDToolbox_S32K1xx/tools/gcc-6.3-arm32-eabi/arm-none-eabi/newlib/lib/thumb/v7e-m/fpv4-sp/hard\libc.a(lib_a-fini.o)
 .ARM.attributes
                0x00000b95       0x34 C:/Users/kamil/AppData/Roaming/MathWorks/MATLAB Add-Ons/Toolboxes/NXP_MBDToolbox_S32K1xx/tools/gcc-6.3-arm32-eabi/arm-none-eabi/newlib/lib/thumb/v7e-m/fpv4-sp/hard\libc.a(lib_a-atexit.o)
 .ARM.attributes
                0x00000bc9       0x34 C:/Users/kamil/AppData/Roaming/MathWorks/MATLAB Add-Ons/Toolboxes/NXP_MBDToolbox_S32K1xx/tools/gcc-6.3-arm32-eabi/arm-none-eabi/newlib/lib/thumb/v7e-m/fpv4-sp/hard\libc.a(lib_a-__atexit.o)
 .ARM.attributes
                0x00000bfd       0x34 c:/users/kamil/appdata/roaming/mathworks/matlab add-ons/toolboxes/nxp_mbdtoolbox_s32k1xx/tools/gcc-6.3-arm32-eabi/bin/../lib/gcc/arm-none-eabi/6.3.1/thumb/v7e-m/fpv4-sp/hard/crtend.o
 .ARM.attributes
                0x00000c31       0x22 c:/users/kamil/appdata/roaming/mathworks/matlab add-ons/toolboxes/nxp_mbdtoolbox_s32k1xx/tools/gcc-6.3-arm32-eabi/bin/../lib/gcc/arm-none-eabi/6.3.1/thumb/v7e-m/fpv4-sp/hard/crtn.o
                0x00000001                ASSERT ((__StackLimit >= __HeapLimit), region m_data_2 overflowed with stack and heap)
OUTPUT(Pressure_SPI.elf elf32-littlearm)

.comment        0x00000000       0xa0
 .comment       0x00000000       0xa0 c:/users/kamil/appdata/roaming/mathworks/matlab add-ons/toolboxes/nxp_mbdtoolbox_s32k1xx/tools/gcc-6.3-arm32-eabi/bin/../lib/gcc/arm-none-eabi/6.3.1/thumb/v7e-m/fpv4-sp/hard/crtbegin.o
                                 0xa1 (size before relaxing)
 .comment       0x000000a0       0xa1 Pressure_SPI.o
 .comment       0x000000a0       0xa1 Pressure_SPI_data.o
 .comment       0x000000a0       0xa1 adc_driver.o
 .comment       0x000000a0       0xa1 clock_S32K1xx.o
 .comment       0x000000a0       0xa1 edma_driver.o
 .comment       0x000000a0       0xa1 edma_hw_access.o
 .comment       0x000000a0       0xa1 edma_irq.o
 .comment       0x000000a0       0xa1 freemaster_S32K1xx.o
 .comment       0x000000a0       0xa1 freemaster_interface_init.o
 .comment       0x000000a0       0xa1 freemaster_protocol.o
 .comment       0x000000a0       0xa1 freemaster_rec.o
 .comment       0x000000a0       0xa1 freemaster_scope.o
 .comment       0x000000a0       0xa1 freemaster_serial.o
 .comment       0x000000a0       0xa1 ftm0_pwm_params.o
 .comment       0x000000a0       0xa1 ftm_common.o
 .comment       0x000000a0       0xa1 ftm_fault_irq.o
 .comment       0x000000a0       0xa1 ftm_hw_access.o
 .comment       0x000000a0       0xa1 ftm_ic_driver.o
 .comment       0x000000a0       0xa1 ftm_pwm_driver.o
 .comment       0x000000a0       0xa1 interrupt_manager.o
 .comment       0x000000a0       0xa1 lpit_driver.o
 .comment       0x000000a0       0xa1 lpspi_hw_access.o
 .comment       0x000000a0       0xa1 lpspi_irq.o
 .comment       0x000000a0       0xa1 lpspi_master_driver.o
 .comment       0x000000a0       0xa1 lpspi_shared_function.o
 .comment       0x000000a0       0xa1 lpspi_slave_driver.o
 .comment       0x000000a0       0xa1 lpuart_driver.o
 .comment       0x000000a0       0xa1 lpuart_hw_access.o
 .comment       0x000000a0       0xa1 lpuart_irq.o
 .comment       0x000000a0       0xa1 mbd_adc_irq.o
 .comment       0x000000a0       0xa1 mbd_main.o
 .comment       0x000000a0       0xa1 osif_baremetal.o
 .comment       0x000000a0       0xa1 pins_driver.o
 .comment       0x000000a0       0xa1 pins_port_hw_access.o
 .comment       0x000000a0       0xa1 power_manager.o
 .comment       0x000000a0       0xa1 power_manager_S32K1xx.o
 .comment       0x000000a0       0xa1 power_smc_hw_access.o
 .comment       0x000000a0       0xa1 s32k_clock_init.o
 .comment       0x000000a0       0xa1 startup.o
 .comment       0x000000a0       0xa1 system_S32K144.o
 .comment       0x000000a0       0xa1 c:/users/kamil/appdata/roaming/mathworks/matlab add-ons/toolboxes/nxp_mbdtoolbox_s32k1xx/tools/gcc-6.3-arm32-eabi/bin/../lib/gcc/arm-none-eabi/6.3.1/thumb/v7e-m/fpv4-sp/hard/crtend.o

.debug_line     0x00000000     0x8aed
 .debug_line    0x00000000       0x6e startup_S32K144.o
 .debug_line    0x0000006e      0x4ed Pressure_SPI.o
 .debug_line    0x0000055b      0x361 Pressure_SPI_data.o
 .debug_line    0x000008bc      0x5ad adc_driver.o
 .debug_line    0x00000e69      0xede clock_S32K1xx.o
 .debug_line    0x00001d47      0x669 edma_driver.o
 .debug_line    0x000023b0      0x278 edma_hw_access.o
 .debug_line    0x00002628      0x1e1 edma_irq.o
 .debug_line    0x00002809       0xbd freemaster_S32K1xx.o
 .debug_line    0x000028c6      0x2a8 freemaster_interface_init.o
 .debug_line    0x00002b6e      0x134 freemaster_protocol.o
 .debug_line    0x00002ca2      0x18c freemaster_rec.o
 .debug_line    0x00002e2e       0xa7 freemaster_scope.o
 .debug_line    0x00002ed5      0x142 freemaster_serial.o
 .debug_line    0x00003017      0x1d4 ftm0_pwm_params.o
 .debug_line    0x000031eb      0x57c ftm_common.o
 .debug_line    0x00003767      0x282 ftm_fault_irq.o
 .debug_line    0x000039e9      0x252 ftm_hw_access.o
 .debug_line    0x00003c3b      0x50f ftm_ic_driver.o
 .debug_line    0x0000414a      0x693 ftm_pwm_driver.o
 .debug_line    0x000047dd      0x254 interrupt_manager.o
 .debug_line    0x00004a31      0x45b lpit_driver.o
 .debug_line    0x00004e8c      0x302 lpspi_hw_access.o
 .debug_line    0x0000518e      0x201 lpspi_irq.o
 .debug_line    0x0000538f      0x5c8 lpspi_master_driver.o
 .debug_line    0x00005957      0x2d0 lpspi_shared_function.o
 .debug_line    0x00005c27      0x50d lpspi_slave_driver.o
 .debug_line    0x00006134      0x71e lpuart_driver.o
 .debug_line    0x00006852      0x2aa lpuart_hw_access.o
 .debug_line    0x00006afc       0x6e lpuart_irq.o
 .debug_line    0x00006b6a      0x313 mbd_adc_irq.o
 .debug_line    0x00006e7d      0x3e1 mbd_main.o
 .debug_line    0x0000725e      0x2a0 osif_baremetal.o
 .debug_line    0x000074fe      0x32e pins_driver.o
 .debug_line    0x0000782c      0x27b pins_port_hw_access.o
 .debug_line    0x00007aa7      0x279 power_manager.o
 .debug_line    0x00007d20      0x51b power_manager_S32K1xx.o
 .debug_line    0x0000823b      0x2cf power_smc_hw_access.o
 .debug_line    0x0000850a      0x252 s32k_clock_init.o
 .debug_line    0x0000875c      0x1bb startup.o
 .debug_line    0x00008917      0x1d6 system_S32K144.o

.debug_info     0x00000000    0x31162
 .debug_info    0x00000000       0x26 startup_S32K144.o
 .debug_info    0x00000026     0x2af8 Pressure_SPI.o
 .debug_info    0x00002b1e     0x1bbf Pressure_SPI_data.o
 .debug_info    0x000046dd     0x2e60 adc_driver.o
 .debug_info    0x0000753d     0x530a clock_S32K1xx.o
 .debug_info    0x0000c847     0x320c edma_driver.o
 .debug_info    0x0000fa53      0x94e edma_hw_access.o
 .debug_info    0x000103a1      0x554 edma_irq.o
 .debug_info    0x000108f5      0x412 freemaster_S32K1xx.o
 .debug_info    0x00010d07      0xc32 freemaster_interface_init.o
 .debug_info    0x00011939      0x41c freemaster_protocol.o
 .debug_info    0x00011d55      0x71d freemaster_rec.o
 .debug_info    0x00012472      0x18c freemaster_scope.o
 .debug_info    0x000125fe      0x42a freemaster_serial.o
 .debug_info    0x00012a28      0xcd2 ftm0_pwm_params.o
 .debug_info    0x000136fa     0x29dc ftm_common.o
 .debug_info    0x000160d6      0x9dd ftm_fault_irq.o
 .debug_info    0x00016ab3      0x97a ftm_hw_access.o
 .debug_info    0x0001742d     0x1d4c ftm_ic_driver.o
 .debug_info    0x00019179     0x2a4b ftm_pwm_driver.o
 .debug_info    0x0001bbc4      0x997 interrupt_manager.o
 .debug_info    0x0001c55b     0x1b2d lpit_driver.o
 .debug_info    0x0001e088     0x1392 lpspi_hw_access.o
 .debug_info    0x0001f41a      0x748 lpspi_irq.o
 .debug_info    0x0001fb62     0x240e lpspi_master_driver.o
 .debug_info    0x00021f70      0xb20 lpspi_shared_function.o
 .debug_info    0x00022a90     0x1eed lpspi_slave_driver.o
 .debug_info    0x0002497d     0x2372 lpuart_driver.o
 .debug_info    0x00026cef      0x8eb lpuart_hw_access.o
 .debug_info    0x000275da       0xe0 lpuart_irq.o
 .debug_info    0x000276ba      0xb8e mbd_adc_irq.o
 .debug_info    0x00028248     0x21a2 mbd_main.o
 .debug_info    0x0002a3ea      0xa36 osif_baremetal.o
 .debug_info    0x0002ae20     0x1360 pins_driver.o
 .debug_info    0x0002c180      0x89d pins_port_hw_access.o
 .debug_info    0x0002ca1d      0x7dc power_manager.o
 .debug_info    0x0002d1f9     0x1718 power_manager_S32K1xx.o
 .debug_info    0x0002e911      0xc0c power_smc_hw_access.o
 .debug_info    0x0002f51d     0x1477 s32k_clock_init.o
 .debug_info    0x00030994      0x2ad startup.o
 .debug_info    0x00030c41      0x521 system_S32K144.o

.debug_abbrev   0x00000000     0x5721
 .debug_abbrev  0x00000000       0x14 startup_S32K144.o
 .debug_abbrev  0x00000014      0x312 Pressure_SPI.o
 .debug_abbrev  0x00000326      0x1a6 Pressure_SPI_data.o
 .debug_abbrev  0x000004cc      0x37e adc_driver.o
 .debug_abbrev  0x0000084a      0x37b clock_S32K1xx.o
 .debug_abbrev  0x00000bc5      0x3aa edma_driver.o
 .debug_abbrev  0x00000f6f      0x1e2 edma_hw_access.o
 .debug_abbrev  0x00001151      0x17b edma_irq.o
 .debug_abbrev  0x000012cc       0xe3 freemaster_S32K1xx.o
 .debug_abbrev  0x000013af      0x1c6 freemaster_interface_init.o
 .debug_abbrev  0x00001575       0xe8 freemaster_protocol.o
 .debug_abbrev  0x0000165d      0x26a freemaster_rec.o
 .debug_abbrev  0x000018c7       0xb1 freemaster_scope.o
 .debug_abbrev  0x00001978      0x20b freemaster_serial.o
 .debug_abbrev  0x00001b83      0x126 ftm0_pwm_params.o
 .debug_abbrev  0x00001ca9      0x333 ftm_common.o
 .debug_abbrev  0x00001fdc      0x1b5 ftm_fault_irq.o
 .debug_abbrev  0x00002191      0x1b5 ftm_hw_access.o
 .debug_abbrev  0x00002346      0x321 ftm_ic_driver.o
 .debug_abbrev  0x00002667      0x2d4 ftm_pwm_driver.o
 .debug_abbrev  0x0000293b      0x1e5 interrupt_manager.o
 .debug_abbrev  0x00002b20      0x360 lpit_driver.o
 .debug_abbrev  0x00002e80      0x293 lpspi_hw_access.o
 .debug_abbrev  0x00003113      0x130 lpspi_irq.o
 .debug_abbrev  0x00003243      0x373 lpspi_master_driver.o
 .debug_abbrev  0x000035b6      0x221 lpspi_shared_function.o
 .debug_abbrev  0x000037d7      0x355 lpspi_slave_driver.o
 .debug_abbrev  0x00003b2c      0x35f lpuart_driver.o
 .debug_abbrev  0x00003e8b      0x19d lpuart_hw_access.o
 .debug_abbrev  0x00004028       0x8c lpuart_irq.o
 .debug_abbrev  0x000040b4      0x1e2 mbd_adc_irq.o
 .debug_abbrev  0x00004296      0x29f mbd_main.o
 .debug_abbrev  0x00004535      0x26a osif_baremetal.o
 .debug_abbrev  0x0000479f      0x2a7 pins_driver.o
 .debug_abbrev  0x00004a46      0x1e1 pins_port_hw_access.o
 .debug_abbrev  0x00004c27      0x1e6 power_manager.o
 .debug_abbrev  0x00004e0d      0x363 power_manager_S32K1xx.o
 .debug_abbrev  0x00005170      0x240 power_smc_hw_access.o
 .debug_abbrev  0x000053b0      0x15a s32k_clock_init.o
 .debug_abbrev  0x0000550a       0xdd startup.o
 .debug_abbrev  0x000055e7      0x13a system_S32K144.o

.debug_aranges  0x00000000      0x510
 .debug_aranges
                0x00000000       0x20 startup_S32K144.o
 .debug_aranges
                0x00000020       0x20 Pressure_SPI.o
 .debug_aranges
                0x00000040       0x18 Pressure_SPI_data.o
 .debug_aranges
                0x00000058       0x20 adc_driver.o
 .debug_aranges
                0x00000078       0x20 clock_S32K1xx.o
 .debug_aranges
                0x00000098       0x20 edma_driver.o
 .debug_aranges
                0x000000b8       0x20 edma_hw_access.o
 .debug_aranges
                0x000000d8       0x20 edma_irq.o
 .debug_aranges
                0x000000f8       0x20 freemaster_S32K1xx.o
 .debug_aranges
                0x00000118       0x20 freemaster_interface_init.o
 .debug_aranges
                0x00000138       0x20 freemaster_protocol.o
 .debug_aranges
                0x00000158       0x20 freemaster_rec.o
 .debug_aranges
                0x00000178       0x20 freemaster_scope.o
 .debug_aranges
                0x00000198       0x20 freemaster_serial.o
 .debug_aranges
                0x000001b8       0x18 ftm0_pwm_params.o
 .debug_aranges
                0x000001d0       0x20 ftm_common.o
 .debug_aranges
                0x000001f0       0x20 ftm_fault_irq.o
 .debug_aranges
                0x00000210       0x20 ftm_hw_access.o
 .debug_aranges
                0x00000230       0x20 ftm_ic_driver.o
 .debug_aranges
                0x00000250       0x20 ftm_pwm_driver.o
 .debug_aranges
                0x00000270       0x20 interrupt_manager.o
 .debug_aranges
                0x00000290       0x20 lpit_driver.o
 .debug_aranges
                0x000002b0       0x20 lpspi_hw_access.o
 .debug_aranges
                0x000002d0       0x20 lpspi_irq.o
 .debug_aranges
                0x000002f0       0x20 lpspi_master_driver.o
 .debug_aranges
                0x00000310       0x20 lpspi_shared_function.o
 .debug_aranges
                0x00000330       0x20 lpspi_slave_driver.o
 .debug_aranges
                0x00000350       0x20 lpuart_driver.o
 .debug_aranges
                0x00000370       0x20 lpuart_hw_access.o
 .debug_aranges
                0x00000390       0x20 lpuart_irq.o
 .debug_aranges
                0x000003b0       0x20 mbd_adc_irq.o
 .debug_aranges
                0x000003d0       0x20 mbd_main.o
 .debug_aranges
                0x000003f0       0x20 osif_baremetal.o
 .debug_aranges
                0x00000410       0x20 pins_driver.o
 .debug_aranges
                0x00000430       0x20 pins_port_hw_access.o
 .debug_aranges
                0x00000450       0x20 power_manager.o
 .debug_aranges
                0x00000470       0x20 power_manager_S32K1xx.o
 .debug_aranges
                0x00000490       0x20 power_smc_hw_access.o
 .debug_aranges
                0x000004b0       0x20 s32k_clock_init.o
 .debug_aranges
                0x000004d0       0x20 startup.o
 .debug_aranges
                0x000004f0       0x20 system_S32K144.o

.debug_str      0x00000000     0xdc7a
 .debug_str     0x00000000       0x72 startup_S32K144.o
 .debug_str     0x00000072     0x2b1f Pressure_SPI.o
                               0x2cbb (size before relaxing)
 .debug_str     0x00002b91       0x14 Pressure_SPI_data.o
                               0x1e4a (size before relaxing)
 .debug_str     0x00002ba5     0x1248 adc_driver.o
                               0x2577 (size before relaxing)
 .debug_str     0x00003ded     0x27fc clock_S32K1xx.o
                               0x3931 (size before relaxing)
 .debug_str     0x000065e9     0x171c edma_driver.o
                               0x28b1 (size before relaxing)
 .debug_str     0x00007d05      0x155 edma_hw_access.o
                                0x7ca (size before relaxing)
 .debug_str     0x00007e5a      0x141 edma_irq.o
                                0x497 (size before relaxing)
 .debug_str     0x00007f9b      0x1b8 freemaster_S32K1xx.o
                                0x380 (size before relaxing)
 .debug_str     0x00008153      0x34b freemaster_interface_init.o
                               0x13df (size before relaxing)
 .debug_str     0x0000849e       0xf6 freemaster_protocol.o
                                0x2fc (size before relaxing)
 .debug_str     0x00008594      0x3ba freemaster_rec.o
                                0x5f8 (size before relaxing)
 .debug_str     0x0000894e       0x83 freemaster_scope.o
                                0x281 (size before relaxing)
 .debug_str     0x000089d1      0x198 freemaster_serial.o
                                0x3b8 (size before relaxing)
 .debug_str     0x00008b69       0x12 ftm0_pwm_params.o
                               0x12ca (size before relaxing)
 .debug_str     0x00008b7b      0xb47 ftm_common.o
                               0x26d7 (size before relaxing)
 .debug_str     0x000096c2      0x113 ftm_fault_irq.o
                                0xc93 (size before relaxing)
 .debug_str     0x000097d5       0xa8 ftm_hw_access.o
                                0xd31 (size before relaxing)
 .debug_str     0x0000987d      0x6ed ftm_ic_driver.o
                               0x1bf7 (size before relaxing)
 .debug_str     0x00009f6a      0x490 ftm_pwm_driver.o
                               0x1fd7 (size before relaxing)
 .debug_str     0x0000a3fa      0x305 interrupt_manager.o
                                0xb4d (size before relaxing)
 .debug_str     0x0000a6ff      0x809 lpit_driver.o
                               0x1cf3 (size before relaxing)
 .debug_str     0x0000af08      0x4c2 lpspi_hw_access.o
                               0x1ce6 (size before relaxing)
 .debug_str     0x0000b3ca       0x42 lpspi_irq.o
                                0xad0 (size before relaxing)
 .debug_str     0x0000b40c      0x3a9 lpspi_master_driver.o
                               0x2051 (size before relaxing)
 .debug_str     0x0000b7b5      0x10d lpspi_shared_function.o
                                0xcde (size before relaxing)
 .debug_str     0x0000b8c2      0x161 lpspi_slave_driver.o
                               0x1ea3 (size before relaxing)
 .debug_str     0x0000ba23      0x935 lpuart_driver.o
                               0x228f (size before relaxing)
 .debug_str     0x0000c358      0x17d lpuart_hw_access.o
                               0x105b (size before relaxing)
 .debug_str     0x0000c4d5       0x46 lpuart_irq.o
                                0x243 (size before relaxing)
 .debug_str     0x0000c51b       0xa3 mbd_adc_irq.o
                                0x773 (size before relaxing)
 .debug_str     0x0000c5be       0x85 mbd_main.o
                               0x21e6 (size before relaxing)
 .debug_str     0x0000c643      0x1ae osif_baremetal.o
                               0x108d (size before relaxing)
 .debug_str     0x0000c7f1      0x56a pins_driver.o
                               0x13d5 (size before relaxing)
 .debug_str     0x0000cd5b      0x1c0 pins_port_hw_access.o
                                0x90c (size before relaxing)
 .debug_str     0x0000cf1b      0x4d3 power_manager.o
                                0xff4 (size before relaxing)
 .debug_str     0x0000d3ee      0x501 power_manager_S32K1xx.o
                               0x192c (size before relaxing)
 .debug_str     0x0000d8ef      0x141 power_smc_hw_access.o
                                0xecc (size before relaxing)
 .debug_str     0x0000da30       0xa9 s32k_clock_init.o
                               0x223e (size before relaxing)
 .debug_str     0x0000dad9      0x112 startup.o
                                0x405 (size before relaxing)
 .debug_str     0x0000dbeb       0x8f system_S32K144.o
                                0x406 (size before relaxing)

.debug_loc      0x00000000    0x140f8
 .debug_loc     0x00000000      0x688 Pressure_SPI.o
 .debug_loc     0x00000688     0x12b6 adc_driver.o
 .debug_loc     0x0000193e     0x4418 clock_S32K1xx.o
 .debug_loc     0x00005d56     0x1f14 edma_driver.o
 .debug_loc     0x00007c6a      0x551 edma_hw_access.o
 .debug_loc     0x000081bb       0x50 edma_irq.o
 .debug_loc     0x0000820b      0x3e2 freemaster_S32K1xx.o
 .debug_loc     0x000085ed      0x12e freemaster_interface_init.o
 .debug_loc     0x0000871b      0x5f5 freemaster_protocol.o
 .debug_loc     0x00008d10      0x3df freemaster_rec.o
 .debug_loc     0x000090ef      0x199 freemaster_scope.o
 .debug_loc     0x00009288      0x1bb freemaster_serial.o
 .debug_loc     0x00009443     0x13f9 ftm_common.o
 .debug_loc     0x0000a83c      0x21b ftm_fault_irq.o
 .debug_loc     0x0000aa57      0x114 ftm_hw_access.o
 .debug_loc     0x0000ab6b     0x108e ftm_ic_driver.o
 .debug_loc     0x0000bbf9     0x1c7a ftm_pwm_driver.o
 .debug_loc     0x0000d873      0x1aa interrupt_manager.o
 .debug_loc     0x0000da1d      0xbe4 lpit_driver.o
 .debug_loc     0x0000e601      0x696 lpspi_hw_access.o
 .debug_loc     0x0000ec97      0xd87 lpspi_master_driver.o
 .debug_loc     0x0000fa1e      0x31f lpspi_shared_function.o
 .debug_loc     0x0000fd3d      0x9c0 lpspi_slave_driver.o
 .debug_loc     0x000106fd     0x1815 lpuart_driver.o
 .debug_loc     0x00011f12      0x4a8 lpuart_hw_access.o
 .debug_loc     0x000123ba       0x50 mbd_adc_irq.o
 .debug_loc     0x0001240a       0xac mbd_main.o
 .debug_loc     0x000124b6      0x1cd osif_baremetal.o
 .debug_loc     0x00012683      0x53e pins_driver.o
 .debug_loc     0x00012bc1      0x48a pins_port_hw_access.o
 .debug_loc     0x0001304b      0x316 power_manager.o
 .debug_loc     0x00013361      0x701 power_manager_S32K1xx.o
 .debug_loc     0x00013a62      0x49f power_smc_hw_access.o
 .debug_loc     0x00013f01       0x20 s32k_clock_init.o
 .debug_loc     0x00013f21       0xec startup.o
 .debug_loc     0x0001400d       0xeb system_S32K144.o

.debug_frame    0x00000000     0x2f38
 .debug_frame   0x00000000       0x8c Pressure_SPI.o
 .debug_frame   0x0000008c      0x22c adc_driver.o
 .debug_frame   0x000002b8      0x39c clock_S32K1xx.o
 .debug_frame   0x00000654      0x388 edma_driver.o
 .debug_frame   0x000009dc      0x144 edma_hw_access.o
 .debug_frame   0x00000b20      0x1ac edma_irq.o
 .debug_frame   0x00000ccc      0x148 freemaster_S32K1xx.o
 .debug_frame   0x00000e14       0x34 freemaster_interface_init.o
 .debug_frame   0x00000e48      0x13c freemaster_protocol.o
 .debug_frame   0x00000f84      0x180 freemaster_rec.o
 .debug_frame   0x00001104       0x60 freemaster_scope.o
 .debug_frame   0x00001164       0xb4 freemaster_serial.o
 .debug_frame   0x00001218      0x1f8 ftm_common.o
 .debug_frame   0x00001410       0xa0 ftm_fault_irq.o
 .debug_frame   0x000014b0       0x5c ftm_hw_access.o
 .debug_frame   0x0000150c      0x25c ftm_ic_driver.o
 .debug_frame   0x00001768       0xe0 ftm_pwm_driver.o
 .debug_frame   0x00001848       0xd8 interrupt_manager.o
 .debug_frame   0x00001920      0x1ac lpit_driver.o
 .debug_frame   0x00001acc       0xf4 lpspi_hw_access.o
 .debug_frame   0x00001bc0       0x58 lpspi_irq.o
 .debug_frame   0x00001c18      0x1bc lpspi_master_driver.o
 .debug_frame   0x00001dd4       0x90 lpspi_shared_function.o
 .debug_frame   0x00001e64      0x120 lpspi_slave_driver.o
 .debug_frame   0x00001f84      0x398 lpuart_driver.o
 .debug_frame   0x0000231c       0xf4 lpuart_hw_access.o
 .debug_frame   0x00002410       0x58 lpuart_irq.o
 .debug_frame   0x00002468       0x74 mbd_adc_irq.o
 .debug_frame   0x000024dc       0xa4 mbd_main.o
 .debug_frame   0x00002580       0xf8 osif_baremetal.o
 .debug_frame   0x00002678      0x1e4 pins_driver.o
 .debug_frame   0x0000285c       0x98 pins_port_hw_access.o
 .debug_frame   0x000028f4       0xe0 power_manager.o
 .debug_frame   0x000029d4       0xc4 power_manager_S32K1xx.o
 .debug_frame   0x00002a98       0x58 power_smc_hw_access.o
 .debug_frame   0x00002af0       0x44 s32k_clock_init.o
 .debug_frame   0x00002b34       0x2c startup.o
 .debug_frame   0x00002b60       0x40 system_S32K144.o
 .debug_frame   0x00002ba0       0x30 C:/Users/kamil/AppData/Roaming/MathWorks/MATLAB Add-Ons/Toolboxes/NXP_MBDToolbox_S32K1xx/tools/gcc-6.3-arm32-eabi/arm-none-eabi/newlib/lib/thumb/v7e-m/fpv4-sp/hard\libm.a(lib_a-s_ceil.o)
 .debug_frame   0x00002bd0       0x30 C:/Users/kamil/AppData/Roaming/MathWorks/MATLAB Add-Ons/Toolboxes/NXP_MBDToolbox_S32K1xx/tools/gcc-6.3-arm32-eabi/arm-none-eabi/newlib/lib/thumb/v7e-m/fpv4-sp/hard\libm.a(lib_a-s_floor.o)
 .debug_frame   0x00002c00       0xac c:/users/kamil/appdata/roaming/mathworks/matlab add-ons/toolboxes/nxp_mbdtoolbox_s32k1xx/tools/gcc-6.3-arm32-eabi/bin/../lib/gcc/arm-none-eabi/6.3.1/thumb/v7e-m/fpv4-sp/hard\libgcc.a(_arm_addsubdf3.o)
 .debug_frame   0x00002cac       0x50 c:/users/kamil/appdata/roaming/mathworks/matlab add-ons/toolboxes/nxp_mbdtoolbox_s32k1xx/tools/gcc-6.3-arm32-eabi/bin/../lib/gcc/arm-none-eabi/6.3.1/thumb/v7e-m/fpv4-sp/hard\libgcc.a(_arm_muldivdf3.o)
 .debug_frame   0x00002cfc       0xc4 c:/users/kamil/appdata/roaming/mathworks/matlab add-ons/toolboxes/nxp_mbdtoolbox_s32k1xx/tools/gcc-6.3-arm32-eabi/bin/../lib/gcc/arm-none-eabi/6.3.1/thumb/v7e-m/fpv4-sp/hard\libgcc.a(_arm_cmpdf2.o)
 .debug_frame   0x00002dc0       0x24 c:/users/kamil/appdata/roaming/mathworks/matlab add-ons/toolboxes/nxp_mbdtoolbox_s32k1xx/tools/gcc-6.3-arm32-eabi/bin/../lib/gcc/arm-none-eabi/6.3.1/thumb/v7e-m/fpv4-sp/hard\libgcc.a(_arm_fixunsdfsi.o)
 .debug_frame   0x00002de4       0x2c c:/users/kamil/appdata/roaming/mathworks/matlab add-ons/toolboxes/nxp_mbdtoolbox_s32k1xx/tools/gcc-6.3-arm32-eabi/bin/../lib/gcc/arm-none-eabi/6.3.1/thumb/v7e-m/fpv4-sp/hard\libgcc.a(_aeabi_uldivmod.o)
 .debug_frame   0x00002e10       0x34 c:/users/kamil/appdata/roaming/mathworks/matlab add-ons/toolboxes/nxp_mbdtoolbox_s32k1xx/tools/gcc-6.3-arm32-eabi/bin/../lib/gcc/arm-none-eabi/6.3.1/thumb/v7e-m/fpv4-sp/hard\libgcc.a(_udivmoddi4.o)
 .debug_frame   0x00002e44       0x20 C:/Users/kamil/AppData/Roaming/MathWorks/MATLAB Add-Ons/Toolboxes/NXP_MBDToolbox_S32K1xx/tools/gcc-6.3-arm32-eabi/arm-none-eabi/newlib/lib/thumb/v7e-m/fpv4-sp/hard\libc.a(lib_a-memset.o)
 .debug_frame   0x00002e64       0x4c C:/Users/kamil/AppData/Roaming/MathWorks/MATLAB Add-Ons/Toolboxes/NXP_MBDToolbox_S32K1xx/tools/gcc-6.3-arm32-eabi/arm-none-eabi/newlib/lib/thumb/v7e-m/fpv4-sp/hard\libc.a(lib_a-__call_atexit.o)
 .debug_frame   0x00002eb0       0x38 C:/Users/kamil/AppData/Roaming/MathWorks/MATLAB Add-Ons/Toolboxes/NXP_MBDToolbox_S32K1xx/tools/gcc-6.3-arm32-eabi/arm-none-eabi/newlib/lib/thumb/v7e-m/fpv4-sp/hard\libc.a(lib_a-fini.o)
 .debug_frame   0x00002ee8       0x20 C:/Users/kamil/AppData/Roaming/MathWorks/MATLAB Add-Ons/Toolboxes/NXP_MBDToolbox_S32K1xx/tools/gcc-6.3-arm32-eabi/arm-none-eabi/newlib/lib/thumb/v7e-m/fpv4-sp/hard\libc.a(lib_a-atexit.o)
 .debug_frame   0x00002f08       0x30 C:/Users/kamil/AppData/Roaming/MathWorks/MATLAB Add-Ons/Toolboxes/NXP_MBDToolbox_S32K1xx/tools/gcc-6.3-arm32-eabi/arm-none-eabi/newlib/lib/thumb/v7e-m/fpv4-sp/hard\libc.a(lib_a-__atexit.o)

.debug_ranges   0x00000000      0xb10
 .debug_ranges  0x00000000       0xa0 adc_driver.o
 .debug_ranges  0x000000a0      0x2e8 clock_S32K1xx.o
 .debug_ranges  0x00000388       0x30 edma_driver.o
 .debug_ranges  0x000003b8       0x18 edma_hw_access.o
 .debug_ranges  0x000003d0       0x18 freemaster_rec.o
 .debug_ranges  0x000003e8       0x90 ftm_common.o
 .debug_ranges  0x00000478       0x60 ftm_fault_irq.o
 .debug_ranges  0x000004d8       0xe8 ftm_ic_driver.o
 .debug_ranges  0x000005c0      0x2b8 ftm_pwm_driver.o
 .debug_ranges  0x00000878       0x38 interrupt_manager.o
 .debug_ranges  0x000008b0       0x48 lpit_driver.o
 .debug_ranges  0x000008f8       0x18 lpspi_hw_access.o
 .debug_ranges  0x00000910       0x48 lpuart_driver.o
 .debug_ranges  0x00000958       0x30 osif_baremetal.o
 .debug_ranges  0x00000988       0x20 power_manager.o
 .debug_ranges  0x000009a8      0x148 power_manager_S32K1xx.o
 .debug_ranges  0x00000af0       0x20 power_smc_hw_access.o