Archive member included to satisfy reference by file (symbol)

c:/users/kamil/appdata/roaming/mathworks/matlab add-ons/toolboxes/nxp_mbdtoolbox_s32k1xx/tools/gcc-6.3-arm32-eabi/bin/../lib/gcc/arm-none-eabi/6.3.1/thumb/v7e-m/fpv4-sp/hard\libgcc.a(_aeabi_uldivmod.o)
                              lpit_driver.o (__aeabi_uldivmod)
c:/users/kamil/appdata/roaming/mathworks/matlab add-ons/toolboxes/nxp_mbdtoolbox_s32k1xx/tools/gcc-6.3-arm32-eabi/bin/../lib/gcc/arm-none-eabi/6.3.1/thumb/v7e-m/fpv4-sp/hard\libgcc.a(_udivmoddi4.o)
                              c:/users/kamil/appdata/roaming/mathworks/matlab add-ons/toolboxes/nxp_mbdtoolbox_s32k1xx/tools/gcc-6.3-arm32-eabi/bin/../lib/gcc/arm-none-eabi/6.3.1/thumb/v7e-m/fpv4-sp/hard\libgcc.a(_aeabi_uldivmod.o) (__udivmoddi4)
c:/users/kamil/appdata/roaming/mathworks/matlab add-ons/toolboxes/nxp_mbdtoolbox_s32k1xx/tools/gcc-6.3-arm32-eabi/bin/../lib/gcc/arm-none-eabi/6.3.1/thumb/v7e-m/fpv4-sp/hard\libgcc.a(_dvmd_tls.o)
                              c:/users/kamil/appdata/roaming/mathworks/matlab add-ons/toolboxes/nxp_mbdtoolbox_s32k1xx/tools/gcc-6.3-arm32-eabi/bin/../lib/gcc/arm-none-eabi/6.3.1/thumb/v7e-m/fpv4-sp/hard\libgcc.a(_aeabi_uldivmod.o) (__aeabi_ldiv0)
C:/Users/kamil/AppData/Roaming/MathWorks/MATLAB Add-Ons/Toolboxes/NXP_MBDToolbox_S32K1xx/tools/gcc-6.3-arm32-eabi/arm-none-eabi/newlib/lib/thumb/v7e-m/fpv4-sp/hard\libc.a(lib_a-exit.o)
                              C:/Users/kamil/AppData/Roaming/MathWorks/MATLAB Add-Ons/Toolboxes/NXP_MBDToolbox_S32K1xx/tools/gcc-6.3-arm32-eabi/arm-none-eabi/newlib/lib/thumb/v7e-m/fpv4-sp/hard/crt0.o (exit)
C:/Users/kamil/AppData/Roaming/MathWorks/MATLAB Add-Ons/Toolboxes/NXP_MBDToolbox_S32K1xx/tools/gcc-6.3-arm32-eabi/arm-none-eabi/newlib/lib/thumb/v7e-m/fpv4-sp/hard\libc.a(lib_a-impure.o)
                              C:/Users/kamil/AppData/Roaming/MathWorks/MATLAB Add-Ons/Toolboxes/NXP_MBDToolbox_S32K1xx/tools/gcc-6.3-arm32-eabi/arm-none-eabi/newlib/lib/thumb/v7e-m/fpv4-sp/hard\libc.a(lib_a-exit.o) (_global_impure_ptr)
C:/Users/kamil/AppData/Roaming/MathWorks/MATLAB Add-Ons/Toolboxes/NXP_MBDToolbox_S32K1xx/tools/gcc-6.3-arm32-eabi/arm-none-eabi/newlib/lib/thumb/v7e-m/fpv4-sp/hard\libc.a(lib_a-init.o)
                              C:/Users/kamil/AppData/Roaming/MathWorks/MATLAB Add-Ons/Toolboxes/NXP_MBDToolbox_S32K1xx/tools/gcc-6.3-arm32-eabi/arm-none-eabi/newlib/lib/thumb/v7e-m/fpv4-sp/hard/crt0.o (__libc_init_array)
C:/Users/kamil/AppData/Roaming/MathWorks/MATLAB Add-Ons/Toolboxes/NXP_MBDToolbox_S32K1xx/tools/gcc-6.3-arm32-eabi/arm-none-eabi/newlib/lib/thumb/v7e-m/fpv4-sp/hard\libc.a(lib_a-memset.o)
                              C:/Users/kamil/AppData/Roaming/MathWorks/MATLAB Add-Ons/Toolboxes/NXP_MBDToolbox_S32K1xx/tools/gcc-6.3-arm32-eabi/arm-none-eabi/newlib/lib/thumb/v7e-m/fpv4-sp/hard/crt0.o (memset)
C:/Users/kamil/AppData/Roaming/MathWorks/MATLAB Add-Ons/Toolboxes/NXP_MBDToolbox_S32K1xx/tools/gcc-6.3-arm32-eabi/arm-none-eabi/newlib/lib/thumb/v7e-m/fpv4-sp/hard\libc.a(lib_a-__call_atexit.o)
                              C:/Users/kamil/AppData/Roaming/MathWorks/MATLAB Add-Ons/Toolboxes/NXP_MBDToolbox_S32K1xx/tools/gcc-6.3-arm32-eabi/arm-none-eabi/newlib/lib/thumb/v7e-m/fpv4-sp/hard\libc.a(lib_a-exit.o) (__call_exitprocs)
C:/Users/kamil/AppData/Roaming/MathWorks/MATLAB Add-Ons/Toolboxes/NXP_MBDToolbox_S32K1xx/tools/gcc-6.3-arm32-eabi/arm-none-eabi/newlib/lib/thumb/v7e-m/fpv4-sp/hard\libc.a(lib_a-fini.o)
                              C:/Users/kamil/AppData/Roaming/MathWorks/MATLAB Add-Ons/Toolboxes/NXP_MBDToolbox_S32K1xx/tools/gcc-6.3-arm32-eabi/arm-none-eabi/newlib/lib/thumb/v7e-m/fpv4-sp/hard\libc.a(lib_a-__call_atexit.o) (__libc_fini_array)
C:/Users/kamil/AppData/Roaming/MathWorks/MATLAB Add-Ons/Toolboxes/NXP_MBDToolbox_S32K1xx/tools/gcc-6.3-arm32-eabi/arm-none-eabi/newlib/lib/thumb/v7e-m/fpv4-sp/hard\libc.a(lib_a-atexit.o)
                              C:/Users/kamil/AppData/Roaming/MathWorks/MATLAB Add-Ons/Toolboxes/NXP_MBDToolbox_S32K1xx/tools/gcc-6.3-arm32-eabi/arm-none-eabi/newlib/lib/thumb/v7e-m/fpv4-sp/hard\libc.a(lib_a-__call_atexit.o) (atexit)
C:/Users/kamil/AppData/Roaming/MathWorks/MATLAB Add-Ons/Toolboxes/NXP_MBDToolbox_S32K1xx/tools/gcc-6.3-arm32-eabi/arm-none-eabi/newlib/lib/thumb/v7e-m/fpv4-sp/hard\libc.a(lib_a-__atexit.o)
                              C:/Users/kamil/AppData/Roaming/MathWorks/MATLAB Add-Ons/Toolboxes/NXP_MBDToolbox_S32K1xx/tools/gcc-6.3-arm32-eabi/arm-none-eabi/newlib/lib/thumb/v7e-m/fpv4-sp/hard\libc.a(lib_a-atexit.o) (__register_exitproc)
C:/Users/kamil/AppData/Roaming/MathWorks/MATLAB Add-Ons/Toolboxes/NXP_MBDToolbox_S32K1xx/tools/gcc-6.3-arm32-eabi/arm-none-eabi/newlib/lib/thumb/v7e-m/fpv4-sp/hard\libnosys.a(_exit.o)
                              C:/Users/kamil/AppData/Roaming/MathWorks/MATLAB Add-Ons/Toolboxes/NXP_MBDToolbox_S32K1xx/tools/gcc-6.3-arm32-eabi/arm-none-eabi/newlib/lib/thumb/v7e-m/fpv4-sp/hard\libc.a(lib_a-exit.o) (_exit)

Allocating common symbols
[...]
Memory Configuration

Name             Origin             Length             Attributes
m_interrupts     0x00000000         0x00000400         xr
m_flash_config   0x00000400         0x00000010         xr
m_text           0x00000410         0x0007fbf0         xr
m_data           0x1fff8000         0x00008000         rw
m_data_2         0x20000000         0x00007000         rw
*default*        0x00000000         0xffffffff

Linker script and memory map

LOAD c:/users/kamil/appdata/roaming/mathworks/matlab add-ons/toolboxes/nxp_mbdtoolbox_s32k1xx/tools/gcc-6.3-arm32-eabi/bin/../lib/gcc/arm-none-eabi/6.3.1/thumb/v7e-m/fpv4-sp/hard/crti.o
LOAD c:/users/kamil/appdata/roaming/mathworks/matlab add-ons/toolboxes/nxp_mbdtoolbox_s32k1xx/tools/gcc-6.3-arm32-eabi/bin/../lib/gcc/arm-none-eabi/6.3.1/thumb/v7e-m/fpv4-sp/hard/crtbegin.o
LOAD C:/Users/kamil/AppData/Roaming/MathWorks/MATLAB Add-Ons/Toolboxes/NXP_MBDToolbox_S32K1xx/tools/gcc-6.3-arm32-eabi/arm-none-eabi/newlib/lib/thumb/v7e-m/fpv4-sp/hard/crt0.o
                0x00000001                __ram_vector_table__ = 0x1
LOAD startup_S32K144.o
LOAD Pressure_Analog_PWM.o
LOAD adc_driver.o
LOAD clock_S32K1xx.o
LOAD edma_driver.o
LOAD edma_hw_access.o
LOAD edma_irq.o
LOAD freemaster_S32K1xx.o
LOAD freemaster_appcmd.o
LOAD freemaster_interface_init.o
LOAD freemaster_protocol.o
LOAD freemaster_rec.o
LOAD freemaster_scope.o
LOAD freemaster_serial.o
LOAD freemaster_sfio.o
LOAD freemaster_tsa.o
LOAD ftm0_pwm_params.o
LOAD ftm_chn_irq.o
LOAD ftm_common.o
LOAD ftm_fault_irq.o
LOAD ftm_hw_access.o
LOAD ftm_ic_driver.o
LOAD ftm_mc_driver.o
LOAD ftm_oc_driver.o
LOAD ftm_pwm_driver.o
LOAD ftm_qd_driver.o
LOAD interrupt_manager.o
LOAD lin_common.o
LOAD lin_driver.o
LOAD lin_irq.o
LOAD lin_lpuart_driver.o
LOAD lpit_driver.o
LOAD lpuart_driver.o
LOAD lpuart_hw_access.o
LOAD lpuart_irq.o
LOAD mbd_adc_irq.o
LOAD mbd_main.o
LOAD osif_baremetal.o
LOAD pins_driver.o
LOAD pins_port_hw_access.o
LOAD power_manager.o
LOAD power_manager_S32K1xx.o
LOAD power_smc_hw_access.o
LOAD s32k_clock_init.o
LOAD startup.o
LOAD system_S32K144.o
LOAD C:/Users/kamil/AppData/Roaming/MathWorks/MATLAB Add-Ons/Toolboxes/NXP_MBDToolbox_S32K1xx/tools/gcc-6.3-arm32-eabi/arm-none-eabi/newlib/lib/thumb/v7e-m/fpv4-sp/hard\libm.a
LOAD S32K14x_AMMCLIB.a
START GROUP
LOAD c:/users/kamil/appdata/roaming/mathworks/matlab add-ons/toolboxes/nxp_mbdtoolbox_s32k1xx/tools/gcc-6.3-arm32-eabi/bin/../lib/gcc/arm-none-eabi/6.3.1/thumb/v7e-m/fpv4-sp/hard\libgcc.a
LOAD C:/Users/kamil/AppData/Roaming/MathWorks/MATLAB Add-Ons/Toolboxes/NXP_MBDToolbox_S32K1xx/tools/gcc-6.3-arm32-eabi/arm-none-eabi/newlib/lib/thumb/v7e-m/fpv4-sp/hard\libc.a
END GROUP
START GROUP
LOAD c:/users/kamil/appdata/roaming/mathworks/matlab add-ons/toolboxes/nxp_mbdtoolbox_s32k1xx/tools/gcc-6.3-arm32-eabi/bin/../lib/gcc/arm-none-eabi/6.3.1/thumb/v7e-m/fpv4-sp/hard\libgcc.a
LOAD C:/Users/kamil/AppData/Roaming/MathWorks/MATLAB Add-Ons/Toolboxes/NXP_MBDToolbox_S32K1xx/tools/gcc-6.3-arm32-eabi/arm-none-eabi/newlib/lib/thumb/v7e-m/fpv4-sp/hard\libc.a
LOAD C:/Users/kamil/AppData/Roaming/MathWorks/MATLAB Add-Ons/Toolboxes/NXP_MBDToolbox_S32K1xx/tools/gcc-6.3-arm32-eabi/arm-none-eabi/newlib/lib/thumb/v7e-m/fpv4-sp/hard\libnosys.a
END GROUP
LOAD c:/users/kamil/appdata/roaming/mathworks/matlab add-ons/toolboxes/nxp_mbdtoolbox_s32k1xx/tools/gcc-6.3-arm32-eabi/bin/../lib/gcc/arm-none-eabi/6.3.1/thumb/v7e-m/fpv4-sp/hard/crtend.o
LOAD c:/users/kamil/appdata/roaming/mathworks/matlab add-ons/toolboxes/nxp_mbdtoolbox_s32k1xx/tools/gcc-6.3-arm32-eabi/bin/../lib/gcc/arm-none-eabi/6.3.1/thumb/v7e-m/fpv4-sp/hard/crtn.o
                0x00000400                HEAP_SIZE = DEFINED (__heap_size__)?__heap_size__:0x400
                0x00000400                STACK_SIZE = DEFINED (__stack_size__)?__stack_size__:0x400
                0x00000400                M_VECTOR_RAM_SIZE = DEFINED (__flash_vector_table__)?0x0:0x400

.interrupts     0x00000000      0x400
                0x00000000                __VECTOR_TABLE = .
                0x00000000                __interrupts_start__ = .
                0x00000000                . = ALIGN (0x4)
 *(.isr_vector)
 .isr_vector    0x00000000      0x400 startup_S32K144.o
                0x00000000                __isr_vector
                0x00000400                __interrupts_end__ = .
                0x00000400                . = ALIGN (0x4)

.flash_config   0x00000400       0x10
                0x00000400                . = ALIGN (0x4)
 *(.FlashConfig)
 .FlashConfig   0x00000400       0x10 startup_S32K144.o
                0x00000410                . = ALIGN (0x4)

.text           0x00000410     0x8b7c
                0x00000410                . = ALIGN (0x4)
 *(.text)
 .text          0x00000410       0xa4 c:/users/kamil/appdata/roaming/mathworks/matlab add-ons/toolboxes/nxp_mbdtoolbox_s32k1xx/tools/gcc-6.3-arm32-eabi/bin/../lib/gcc/arm-none-eabi/6.3.1/thumb/v7e-m/fpv4-sp/hard/crtbegin.o
 .text          0x000004b4       0x6c startup_S32K144.o
                0x000004b4                Reset_Handler
                0x0000051c                DebugMon_Handler
                0x0000051c                Reserved88_IRQHandler
                0x0000051c                CAN0_ORed_IRQHandler
                0x0000051c                HardFault_Handler
                0x0000051c                Reserved86_IRQHandler
                0x0000051c                Reserved103_IRQHandler
                0x0000051c                FTM2_Ovf_Reload_IRQHandler
                0x0000051c                Reserved50_IRQHandler
                0x0000051c                FTFC_Fault_IRQHandler
                0x0000051c                Reserved114_IRQHandler
                0x0000051c                PendSV_Handler
                0x0000051c                NMI_Handler
                0x0000051c                Reserved89_IRQHandler
                0x0000051c                ERM_double_fault_IRQHandler
                0x0000051c                Reserved59_IRQHandler
                0x0000051c                Reserved99_IRQHandler
                0x0000051c                CAN2_ORed_0_15_MB_IRQHandler
                0x0000051c                LPIT0_Ch3_IRQHandler
                0x0000051c                Reserved92_IRQHandler
                0x0000051c                CAN1_Error_IRQHandler
                0x0000051c                SWI_IRQHandler
                0x0000051c                UsageFault_Handler
                0x0000051c                FTM0_Ovf_Reload_IRQHandler
                0x0000051c                DefaultISR
                0x0000051c                Reserved58_IRQHandler
                0x0000051c                CAN1_ORed_0_15_MB_IRQHandler
                0x0000051c                Reserved82_IRQHandler
                0x0000051c                CAN0_ORed_16_31_MB_IRQHandler
                0x0000051c                LPI2C0_Slave_IRQHandler
                0x0000051c                Reserved71_IRQHandler
                0x0000051c                PORTD_IRQHandler
                0x0000051c                Reserved69_IRQHandler
                0x0000051c                PORTB_IRQHandler
                0x0000051c                Reserved70_IRQHandler
                0x0000051c                Reserved53_IRQHandler
                0x0000051c                RTC_IRQHandler
                0x0000051c                PDB0_IRQHandler
                0x0000051c                Reserved54_IRQHandler
                0x0000051c                LPSPI1_IRQHandler
                0x0000051c                LPUART1_RxTx_IRQHandler
                0x0000051c                RTC_Seconds_IRQHandler
                0x0000051c                CAN2_ORed_IRQHandler
                0x0000051c                Reserved72_IRQHandler
                0x0000051c                Reserved110_IRQHandler
                0x0000051c                Reserved107_IRQHandler
                0x0000051c                Read_Collision_IRQHandler
                0x0000051c                CAN2_Error_IRQHandler
                0x0000051c                FTFC_IRQHandler
                0x0000051c                Reserved105_IRQHandler
                0x0000051c                LPIT0_Ch1_IRQHandler
                0x0000051c                FTM3_Ovf_Reload_IRQHandler
                0x0000051c                LPUART2_RxTx_IRQHandler
                0x0000051c                LPSPI0_IRQHandler
                0x0000051c                WDOG_EWM_IRQHandler
                0x0000051c                MemManage_Handler
                0x0000051c                Reserved90_IRQHandler
                0x0000051c                Reserved83_IRQHandler
                0x0000051c                Reserved48_IRQHandler
                0x0000051c                SVC_Handler
                0x0000051c                ERM_single_fault_IRQHandler
                0x0000051c                RCM_IRQHandler
                0x0000051c                Reserved100_IRQHandler
                0x0000051c                Reserved91_IRQHandler
                0x0000051c                CAN1_ORed_IRQHandler
                0x0000051c                SCG_IRQHandler
                0x0000051c                PDB1_IRQHandler
                0x0000051c                Reserved81_IRQHandler
                0x0000051c                Reserved46_IRQHandler
                0x0000051c                Reserved45_IRQHandler
                0x0000051c                CAN0_Error_IRQHandler
                0x0000051c                Reserved112_IRQHandler
                0x0000051c                LPI2C0_Master_IRQHandler
                0x0000051c                Reserved106_IRQHandler
                0x0000051c                LVD_LVW_IRQHandler
                0x0000051c                LPIT0_Ch2_IRQHandler
                0x0000051c                PORTA_IRQHandler
                0x0000051c                MCM_IRQHandler
                0x0000051c                LPSPI2_IRQHandler
                0x0000051c                CAN0_ORed_0_15_MB_IRQHandler
                0x0000051c                PORTE_IRQHandler
                0x0000051c                LPUART0_RxTx_IRQHandler
                0x0000051c                LPTMR0_IRQHandler
                0x0000051c                BusFault_Handler
                0x0000051c                Reserved87_IRQHandler
                0x0000051c                FTM1_Ovf_Reload_IRQHandler
                0x0000051c                Reserved93_IRQHandler
                0x0000051c                CAN0_Wake_Up_IRQHandler
                0x0000051c                CMP0_IRQHandler
                0x0000051c                Reserved52_IRQHandler
                0x0000051c                PORTC_IRQHandler
                0x0000051c                FLEXIO_IRQHandler
                0x0000051c                Reserved113_IRQHandler
 .text          0x00000520      0x178 Pressure_Analog_PWM.o
                0x00000520                Pressure_Analog_PWM_step
                0x00000598                Pressure_Analog_PWM_initialize
                0x00000694                Pressure_Analog_PWM_terminate
 .text          0x00000698      0x788 adc_driver.o
                0x00000698                ADC_DRV_InitConverterStruct
                0x000006b4                ADC_DRV_ConfigConverter
                0x0000083c                ADC_DRV_GetConverterConfig
                0x00000928                ADC_DRV_InitHwCompareStruct
                0x00000936                ADC_DRV_ConfigHwCompare
                0x00000998                ADC_DRV_GetHwCompareConfig
                0x000009d0                ADC_DRV_InitHwAverageStruct
                0x000009d8                ADC_DRV_ConfigHwAverage
                0x00000a10                ADC_DRV_GetHwAverageConfig
                0x00000a30                ADC_DRV_InitChanStruct
                0x00000a3a                ADC_DRV_ConfigChan
                0x00000a90                ADC_DRV_GetChanConfig
                0x00000ad0                ADC_DRV_SetSwPretrigger
                0x00000b14                ADC_DRV_Reset
                0x00000bac                ADC_DRV_WaitConvDone
                0x00000bc4                ADC_DRV_GetConvCompleteFlag
                0x00000bd8                ADC_DRV_GetChanResult
                0x00000bf0                ADC_DRV_AutoCalibration
                0x00000d48                ADC_DRV_InitUserCalibrationStruct
                0x00000d52                ADC_DRV_ConfigUserCalibration
                0x00000da0                ADC_DRV_GetUserCalibration
                0x00000dc0                ADC_DRV_GetInterruptNumber
                0x00000dd0                ADC_DRV_ClearLatchedTriggers
                0x00000df4                ADC_DRV_ClearTriggerErrors
                0x00000e0c                ADC_DRV_GetTriggerErrorFlags
 .text          0x00000e20     0x1c88 clock_S32K1xx.o
                0x00001b96                CLOCK_DRV_Init
                0x000021c4                CLOCK_DRV_GetFreq
                0x000023cc                CLOCK_DRV_SetModuleClock
                0x00002538                CLOCK_DRV_SetSystemClock
                0x00002660                CLOCK_DRV_GetSystemClockSource
                0x000026bc                CLOCK_DRV_SetClockSource
                0x0000296c                CLOCK_SYS_Init
                0x00002988                CLOCK_SYS_UpdateConfiguration
                0x00002a70                CLOCK_SYS_GetCurrentConfiguration
                0x00002a7c                CLOCK_SYS_GetErrorCallback
                0x00002a98                CLOCK_SYS_GetFreq
                0x00002aa0                CLOCK_SYS_SetConfiguration
 .text          0x00002aa8      0xae4 edma_driver.o
                0x00002ab8                EDMA_DRV_InstallCallback
                0x00002ad8                EDMA_DRV_ReleaseChannel
                0x00002b0c                EDMA_DRV_Deinit
                0x00002b5c                EDMA_DRV_IRQHandler
                0x00002b88                EDMA_DRV_ErrorIRQHandler
                0x00002bc4                EDMA_DRV_ConfigSingleBlockTransfer
                0x00002d0c                EDMA_DRV_ConfigMultiBlockTransfer
                0x00002d70                EDMA_DRV_StartChannel
                0x00002d88                EDMA_DRV_StopChannel
                0x00002da0                EDMA_DRV_SetChannelRequestAndTrigger
                0x00002de4                EDMA_DRV_ChannelInit
                0x00002e84                EDMA_DRV_Init
                0x00002f34                EDMA_DRV_ClearTCD
                0x00002f48                EDMA_DRV_SetSrcAddr
                0x00002f5c                EDMA_DRV_SetSrcOffset
                0x00002f70                EDMA_DRV_SetSrcReadChunkSize
                0x00002f96                EDMA_DRV_SetSrcLastAddrAdjustment
                0x00002fac                EDMA_DRV_SetDestLastAddrAdjustment
                0x00002fc2                EDMA_DRV_SetDestAddr
                0x00002fd8                EDMA_DRV_SetDestOffset
                0x00002ff0                EDMA_DRV_SetDestWriteChunkSize
                0x00003014                EDMA_DRV_SetMinorLoopBlockSize
                0x00003028                EDMA_DRV_SetMajorLoopIterationCount
                0x0000303c                EDMA_DRV_GetRemainingMajorIterationsCount
                0x00003050                EDMA_DRV_SetScatterGatherLink
                0x00003064                EDMA_DRV_DisableRequestsOnTransferComplete
                0x0000309c                EDMA_DRV_ConfigureInterrupt
                0x0000311c                EDMA_DRV_CancelTransfer
                0x00003134                EDMA_DRV_TriggerSwRequest
                0x00003144                EDMA_DRV_PushConfigToSTCD
                0x000031d2                EDMA_DRV_PushConfigToReg
                0x000033ac                EDMA_DRV_ConfigLoopTransfer
                0x000033d4                EDMA_DRV_ConfigScatterGatherTransfer
                0x00003574                EDMA_DRV_GetChannelStatus
                0x00003584                EDMA_DRV_GetDmaRegBaseAddr
 .text          0x0000358c      0x284 edma_hw_access.o
                0x0000358c                EDMA_CancelTransfer
                0x0000359e                EDMA_CancelTransferWithError
                0x000035b0                EDMA_SetErrorIntCmd
                0x000035ba                EDMA_SetDmaRequestCmd
                0x000035c4                EDMA_TCDClearReg
                0x0000360e                EDMA_Init
                0x00003630                EDMA_TCDSetAttribute
                0x00003660                EDMA_TCDSetNbytes
                0x000036bc                EDMA_TCDSetMinorLoopOffset
                0x00003700                EDMA_TCDSetScatterGatherLink
                0x0000370c                EDMA_TCDSetChannelMinorLink
                0x00003776                EDMA_TCDSetMajorCount
                0x000037d4                EDMA_TCDGetCurrentMajorCount
                0x00003800                DMAMUX_Init
 .text          0x00003810       0xc8 edma_irq.o
                0x00003810                DMA0_IRQHandler
                0x0000381a                DMA1_IRQHandler
                0x00003824                DMA2_IRQHandler
                0x0000382e                DMA3_IRQHandler
                0x00003838                DMA4_IRQHandler
                0x00003842                DMA5_IRQHandler
                0x0000384c                DMA6_IRQHandler
                0x00003856                DMA7_IRQHandler
                0x00003860                DMA8_IRQHandler
                0x0000386a                DMA9_IRQHandler
                0x00003874                DMA10_IRQHandler
                0x0000387e                DMA11_IRQHandler
                0x00003888                DMA12_IRQHandler
                0x00003892                DMA13_IRQHandler
                0x0000389c                DMA14_IRQHandler
                0x000038a6                DMA15_IRQHandler
                0x000038b0                DMA_Error_IRQHandler
 .text          0x000038d8      0x128 freemaster_S32K1xx.o
                0x000038d8                FMSTR_Isr
                0x000038da                FMSTR_CopyMemory
                0x000038f8                FMSTR_CopyToBuffer
                0x00003918                FMSTR_CopyFromBuffer
                0x0000393e                FMSTR_ValueFromBuffer16
                0x00003948                FMSTR_ValueFromBuffer32
                0x00003952                FMSTR_ValueToBuffer16
                0x0000396a                FMSTR_ValueToBuffer32
                0x00003982                FMSTR_CopyFromBufferWithMask
                0x000039ae                FMSTR_SetExAddr
                0x000039b8                FMSTR_AddressToBuffer
                0x000039e4                FMSTR_AddressFromBuffer
 .text          0x00003a00       0xa0 freemaster_interface_init.o
                0x00003a00                freemaster_interface_init
 .text          0x00003aa0      0x280 freemaster_protocol.o
                0x00003aa0                FMSTR_Init
                0x00003ab6                FMSTR_GetBoardInfo
                0x00003b04                FMSTR_ReadMem
                0x00003b36                FMSTR_ReadVar
                0x00003b5a                FMSTR_WriteMem
                0x00003b80                FMSTR_WriteVar
                0x00003ba6                FMSTR_WriteMemMask
                0x00003bcc                FMSTR_ProtocolDecoder
                0x00003cde                FMSTR_WriteVarMask
                0x00003d04                FMSTR_StrLen
 .text          0x00003d20      0x4f4 freemaster_rec.o
                0x00003db8                FMSTR_InitRec
                0x00003dd0                FMSTR_AbortRec
                0x00003ddc                FMSTR_SetUpRecBuff
                0x00003dde                FMSTR_SetUpRec
                0x00003f78                FMSTR_TriggerRec
                0x00003fa4                FMSTR_StartRec
                0x00004010                FMSTR_StopRec
                0x00004044                FMSTR_GetRecStatus
                0x0000406c                FMSTR_GetRecBuffSize
                0x00004072                FMSTR_IsInRecBuffer
                0x00004094                FMSTR_GetRecBuff
                0x000040ec                FMSTR_Recorder
 .text          0x00004214       0xb4 freemaster_scope.o
                0x00004214                FMSTR_InitScope
                0x00004216                FMSTR_SetUpScope
                0x00004290                FMSTR_ReadScope
 .text          0x000042c8      0x29c freemaster_serial.o
                0x000042c8                FMSTR_SendResponse
                0x00004330                FMSTR_Tx
                0x00004394                FMSTR_Rx
                0x000044d0                FMSTR_ProcessSCI
                0x00004538                FMSTR_InitSerial
                0x0000455c                FMSTR_Poll
 .text          0x00004564      0x798 ftm_common.o
                0x00004564                FTM_DRV_Deinit
                0x00004584                FTM_DRV_GetDefaultConfig
                0x000045b0                FTM_DRV_MaskOutputChannels
                0x000045d0                FTM_DRV_SetInitialCounterValue
                0x000045f8                FTM_DRV_SetHalfCycleReloadPoint
                0x00004618                FTM_DRV_SetSoftOutChnValue
                0x00004650                FTM_DRV_SetSoftwareOutputChannelControl
                0x0000467c                FTM_DRV_SetAllChnSoftwareOutputControl
                0x000046ac                FTM_DRV_SetInvertingControl
                0x000046cc                FTM_DRV_SetModuloCounterValue
                0x000046f4                FTM_DRV_SetOutputlevel
                0x00004728                FTM_DRV_SetSync
                0x000048e4                FTM_DRV_GenerateHardwareTrigger
                0x00004900                FTM_DRV_EnableInterrupts
                0x000049a0                FTM_DRV_DisableInterrupts
                0x00004a3c                FTM_DRV_GetEnabledInterrupts
                0x00004a98                FTM_DRV_GetStatusFlags
                0x00004af4                FTM_DRV_ClearStatusFlags
                0x00004b80                FTM_DRV_GetFrequency
                0x00004be4                FTM_DRV_Init
                0x00004cc4                FTM_DRV_ConvertFreqToPeriodTicks
                0x00004cd8                FTM_DRV_CounterReset
 .text          0x00004cfc      0x110 ftm_fault_irq.o
                0x00004cfc                FTM0_Fault_IRQHandler
                0x00004d3c                FTM1_Fault_IRQHandler
                0x00004d7c                FTM2_Fault_IRQHandler
                0x00004dbc                FTM3_Fault_IRQHandler
                0x00004dfc                FTM_FAULT_DRV_InstallCallback
 .text          0x00004e0c       0xfe ftm_hw_access.o
                0x00004e0c                FTM_DRV_InitModule
                0x00004e24                FTM_DRV_Reset
                0x00004e8a                FTM_DRV_SetChnTriggerCmd
                0x00004ebc                FTM_DRV_SetChnInputCaptureFilter
 *fill*         0x00004f0a        0x2 
 .text          0x00004f0c      0x6dc ftm_ic_driver.o
                0x00004fc4                FTM_DRV_InitInputCapture
                0x00005294                FTM_DRV_DeinitInputCapture
                0x00005364                FTM_DRV_GetInputCaptureMeasurement
                0x0000537c                FTM_DRV_StartNewSignalMeasurement
                0x000053e4                FTM_IC_DRV_SetChannelMode
                0x00005528                FTM0_Ch0_Ch1_IRQHandler
                0x00005534                FTM0_Ch2_Ch3_IRQHandler
                0x00005540                FTM0_Ch4_Ch5_IRQHandler
                0x0000554c                FTM0_Ch6_Ch7_IRQHandler
                0x00005558                FTM1_Ch0_Ch1_IRQHandler
                0x00005564                FTM1_Ch2_Ch3_IRQHandler
                0x00005570                FTM1_Ch4_Ch5_IRQHandler
                0x0000557c                FTM1_Ch6_Ch7_IRQHandler
                0x00005588                FTM2_Ch0_Ch1_IRQHandler
                0x00005594                FTM2_Ch2_Ch3_IRQHandler
                0x000055a0                FTM2_Ch4_Ch5_IRQHandler
                0x000055ac                FTM2_Ch6_Ch7_IRQHandler
                0x000055b8                FTM3_Ch0_Ch1_IRQHandler
                0x000055c4                FTM3_Ch2_Ch3_IRQHandler
                0x000055d0                FTM3_Ch4_Ch5_IRQHandler
                0x000055dc                FTM3_Ch6_Ch7_IRQHandler
 .text          0x000055e8      0x9b4 ftm_pwm_driver.o
                0x000055e8                FTM_DRV_DeinitPwm
                0x000056f4                FTM_DRV_UpdatePwmChannel
                0x000057f8                FTM_DRV_InitPwm
                0x00005e30                FTM_DRV_UpdatePwmPeriod
                0x00005e8c                FTM_DRV_FastUpdatePwmChannels
                0x00005ecc                FTM_DRV_ControlChannelOutput
                0x00005efc                FTM_PWM_DRV_IrqHandler
 .text          0x00005f9c      0x1ac interrupt_manager.o
                0x00005f9c                INT_SYS_InstallHandler
                0x00005fdc                INT_SYS_EnableIRQ
                0x00005ff4                INT_SYS_DisableIRQ
                0x00006010                INT_SYS_EnableIRQGlobal
                0x0000602c                INT_SYS_DisableIRQGlobal
                0x0000603c                INT_SYS_SetPriority
                0x00006094                INT_SYS_GetPriority
                0x000060d8                INT_SYS_ClearPending
                0x000060f4                INT_SYS_SetPending
                0x00006110                INT_SYS_GetPending
                0x0000612c                INT_SYS_GetActive
 .text          0x00006148      0x62c lpit_driver.o
                0x00006148                LPIT_DRV_GetDefaultConfig
                0x00006150                LPIT_DRV_GetDefaultChanConfig
                0x00006170                LPIT_DRV_Init
                0x0000621c                LPIT_DRV_Deinit
                0x0000622c                LPIT_DRV_StartTimerChannels
                0x0000623c                LPIT_DRV_StopTimerChannels
                0x0000624c                LPIT_DRV_SetTimerPeriodByUs
                0x000062f8                LPIT_DRV_InitChannel
                0x00006480                LPIT_DRV_SetTimerPeriodInDual16ModeByUs
                0x00006504                LPIT_DRV_GetTimerPeriodByUs
                0x00006618                LPIT_DRV_GetCurrentTimerUs
                0x000066d0                LPIT_DRV_SetTimerPeriodByCount
                0x000066e0                LPIT_DRV_SetTimerPeriodInDual16ModeByCount
                0x000066f4                LPIT_DRV_GetTimerPeriodByCount
                0x00006718                LPIT_DRV_GetCurrentTimerCount
                0x0000673c                LPIT_DRV_EnableTimerChannelInterrupt
                0x0000674c                LPIT_DRV_DisableTimerChannelInterrupt
                0x0000675c                LPIT_DRV_GetInterruptFlagTimerChannels
                0x00006768                LPIT_DRV_ClearInterruptFlagTimerChannels
 .text          0x00006774      0xdf4 lpuart_driver.o
                0x00006c78                LPUART_DRV_GetDefaultConfig
                0x00006c90                LPUART_DRV_Deinit
                0x00006d00                LPUART_DRV_InstallRxCallback
                0x00006d14                LPUART_DRV_InstallTxCallback
                0x00006d28                LPUART_DRV_SendDataBlocking
                0x00006d84                LPUART_DRV_SendDataPolling
                0x00006e08                LPUART_DRV_SendData
                0x00006e2c                LPUART_DRV_GetTransmitStatus
                0x00006e64                LPUART_DRV_AbortSendingData
                0x00006e90                LPUART_DRV_ReceiveDataBlocking
                0x00006eec                LPUART_DRV_ReceiveDataPolling
                0x00007034                LPUART_DRV_ReceiveData
                0x00007058                LPUART_DRV_GetReceiveStatus
                0x00007090                LPUART_DRV_AbortReceivingData
                0x000070bc                LPUART_DRV_SetBaudRate
                0x000071a8                LPUART_DRV_Init
                0x00007284                LPUART_DRV_GetBaudRate
                0x000072bc                LPUART_DRV_SetTxBuffer
                0x000072d0                LPUART_DRV_SetRxBuffer
                0x000072e4                LPUART_DRV_IRQHandler
 .text          0x00007568      0x34c lpuart_hw_access.o
                0x00007568                LPUART_Init
                0x0000758c                LPUART_SetBitCountPerChar
                0x000075bc                LPUART_SetParityMode
                0x000075da                LPUART_Putchar9
                0x000075f0                LPUART_Putchar10
                0x00007612                LPUART_Getchar9
                0x00007624                LPUART_Getchar10
                0x00007642                LPUART_SetIntMode
                0x000076b2                LPUART_GetIntMode
                0x000076fc                LPUART_GetStatusFlag
                0x00007744                LPUART_ClearStatusFlag
                0x00007874                LPUART_SetErrorInterrupts
 .text          0x000078b4       0x1e lpuart_irq.o
                0x000078b4                LPUART0_IrqHandler
                0x000078be                LPUART1_IrqHandler
                0x000078c8                LPUART2_IrqHandler
 *fill*         0x000078d2        0x2 
 .text          0x000078d4       0x74 mbd_adc_irq.o
                0x000078d4                ADC_CommonIRQHandler
                0x00007924                ADC_InstallCallback
                0x00007934                ADC0_IRQHandler
                0x0000793e                ADC1_IRQHandler
 .text          0x00007948       0xd0 mbd_main.o
                0x00007948                LPIT0_Ch0_IRQHandler
                0x00007958                SYSTEM_INIT_TASK
                0x00007960                SYSTEM_TASK
                0x00007968                lpit0_init
                0x000079ac                lpit0_init_step_timer
                0x000079e8                main
 .text          0x00007a18      0x150 osif_baremetal.o
                0x00007a18                SysTick_Handler
                0x00007a28                OSIF_TimeDelay
                0x00007a88                OSIF_GetMilliseconds
                0x00007a94                OSIF_MutexLock
                0x00007a98                OSIF_MutexUnlock
                0x00007a9c                OSIF_MutexCreate
                0x00007aa0                OSIF_MutexDestroy
                0x00007aa4                OSIF_SemaWait
                0x00007b28                OSIF_SemaPost
                0x00007b4e                OSIF_SemaCreate
                0x00007b62                OSIF_SemaDestroy
 .text          0x00007b68      0x224 pins_port_hw_access.o
                0x00007bd8                PINS_Init
                0x00007cec                PINS_SetMuxModeSel
                0x00007d3c                PINS_SetGlobalPinControl
                0x00007d68                PINS_SetGlobalIntControl
 .text          0x00007d8c      0x1d0 power_manager.o
                0x00007e30                POWER_SYS_Init
                0x00007e5c                POWER_SYS_Deinit
                0x00007e74                POWER_SYS_GetLastMode
                0x00007e8c                POWER_SYS_GetLastModeConfig
                0x00007ea8                POWER_SYS_GetErrorCallbackIndex
                0x00007eb4                POWER_SYS_GetErrorCallback
                0x00007ed0                POWER_SYS_SetMode
                0x00007f50                POWER_SYS_GetDefaultConfig
 .text          0x00007f5c      0x504 power_manager_S32K1xx.o
                0x00008028                POWER_SYS_DoInit
                0x000080c0                POWER_SYS_DoDeinit
                0x000080d4                POWER_SYS_GetCurrentMode
                0x000080f8                POWER_SYS_DoSetMode
                0x000083fe                POWER_SYS_GetResetSrcStatusCmd
 .text          0x00008460      0x184 power_smc_hw_access.o
                0x000084d0                SMC_SetPowerMode
                0x000085cc                SMC_SetProtectionMode
 .text          0x000085e4      0x118 s32k_clock_init.o
                0x000085e4                Clock_Setup
                0x000086e4                UpdateSystickConfig
 .text          0x000086fc       0xd8 startup.o
                0x000086fc                init_data_bss
 .text          0x000087d4       0xd4 system_S32K144.o
                0x000087d4                SystemInit
                0x00008810                SystemCoreClockUpdate
                0x00008890                SystemSoftwareReset
 .text          0x000088a8       0x30 c:/users/kamil/appdata/roaming/mathworks/matlab add-ons/toolboxes/nxp_mbdtoolbox_s32k1xx/tools/gcc-6.3-arm32-eabi/bin/../lib/gcc/arm-none-eabi/6.3.1/thumb/v7e-m/fpv4-sp/hard\libgcc.a(_aeabi_uldivmod.o)
                0x000088a8                __aeabi_uldivmod
 .text          0x000088d8      0x2e4 c:/users/kamil/appdata/roaming/mathworks/matlab add-ons/toolboxes/nxp_mbdtoolbox_s32k1xx/tools/gcc-6.3-arm32-eabi/bin/../lib/gcc/arm-none-eabi/6.3.1/thumb/v7e-m/fpv4-sp/hard\libgcc.a(_udivmoddi4.o)
                0x000088d8                __udivmoddi4
 .text          0x00008bbc        0x4 c:/users/kamil/appdata/roaming/mathworks/matlab add-ons/toolboxes/nxp_mbdtoolbox_s32k1xx/tools/gcc-6.3-arm32-eabi/bin/../lib/gcc/arm-none-eabi/6.3.1/thumb/v7e-m/fpv4-sp/hard\libgcc.a(_dvmd_tls.o)
                0x00008bbc                __aeabi_idiv0
                0x00008bbc                __aeabi_ldiv0
 *(.text*)
 .text.memset   0x00008bc0       0x10 C:/Users/kamil/AppData/Roaming/MathWorks/MATLAB Add-Ons/Toolboxes/NXP_MBDToolbox_S32K1xx/tools/gcc-6.3-arm32-eabi/arm-none-eabi/newlib/lib/thumb/v7e-m/fpv4-sp/hard\libc.a(lib_a-memset.o)
                0x00008bc0                memset
 .text.startup.register_fini
                0x00008bd0       0x14 C:/Users/kamil/AppData/Roaming/MathWorks/MATLAB Add-Ons/Toolboxes/NXP_MBDToolbox_S32K1xx/tools/gcc-6.3-arm32-eabi/arm-none-eabi/newlib/lib/thumb/v7e-m/fpv4-sp/hard\libc.a(lib_a-__call_atexit.o)
 .text.__libc_fini_array
                0x00008be4       0x28 C:/Users/kamil/AppData/Roaming/MathWorks/MATLAB Add-Ons/Toolboxes/NXP_MBDToolbox_S32K1xx/tools/gcc-6.3-arm32-eabi/arm-none-eabi/newlib/lib/thumb/v7e-m/fpv4-sp/hard\libc.a(lib_a-fini.o)
                0x00008be4                __libc_fini_array
 .text.atexit   0x00008c0c        0xc C:/Users/kamil/AppData/Roaming/MathWorks/MATLAB Add-Ons/Toolboxes/NXP_MBDToolbox_S32K1xx/tools/gcc-6.3-arm32-eabi/arm-none-eabi/newlib/lib/thumb/v7e-m/fpv4-sp/hard\libc.a(lib_a-atexit.o)
                0x00008c0c                atexit
 .text.__register_exitproc
                0x00008c18       0x98 C:/Users/kamil/AppData/Roaming/MathWorks/MATLAB Add-Ons/Toolboxes/NXP_MBDToolbox_S32K1xx/tools/gcc-6.3-arm32-eabi/arm-none-eabi/newlib/lib/thumb/v7e-m/fpv4-sp/hard\libc.a(lib_a-__atexit.o)
                0x00008c18                __register_exitproc
 *(.rodata)
 .rodata        0x00008cb0       0x10 Pressure_Analog_PWM.o
                0x00008cbc                Pressure_Analog_PWM_M
 .rodata        0x00008cc0        0xa adc_driver.o
 *fill*         0x00008cca        0x2 
 .rodata        0x00008ccc      0x20d clock_S32K1xx.o
                0x00008dc8                clockNameMappings
                0x00008e78                peripheralFeaturesList
 *fill*         0x00008ed9        0x3 
 .rodata        0x00008edc       0x10 edma_driver.o
 .rodata        0x00008eec       0x40 ftm_common.o
                0x00008eec                g_ftmBase
                0x00008efc                g_ftmOverflowIrqId
                0x00008f00                g_ftmFaultIrqId
                0x00008f04                g_ftmReloadIrqId
                0x00008f08                g_ftmIrqId
 .rodata        0x00008f2c       0x13 lpuart_driver.o
 *fill*         0x00008f3f        0x1 
 .rodata        0x00008f40       0x1c mbd_main.o
 *(.rodata*)
 .rodata.str1.4
                0x00008f5c       0x14 freemaster_protocol.o
                                 0x13 (size before relaxing)
 .rodata._global_impure_ptr
                0x00008f70        0x4 C:/Users/kamil/AppData/Roaming/MathWorks/MATLAB Add-Ons/Toolboxes/NXP_MBDToolbox_S32K1xx/tools/gcc-6.3-arm32-eabi/arm-none-eabi/newlib/lib/thumb/v7e-m/fpv4-sp/hard\libc.a(lib_a-impure.o)
                0x00008f70                _global_impure_ptr
 *(.glue_7)
 .glue_7        0x00008f74        0x0 linker stubs
 *(.glue_7t)
 .glue_7t       0x00008f74        0x0 linker stubs
 *(.eh_frame)
 .eh_frame      0x00008f74        0x0 c:/users/kamil/appdata/roaming/mathworks/matlab add-ons/toolboxes/nxp_mbdtoolbox_s32k1xx/tools/gcc-6.3-arm32-eabi/bin/../lib/gcc/arm-none-eabi/6.3.1/thumb/v7e-m/fpv4-sp/hard/crtbegin.o
 *(.init)
 .init          0x00008f74        0x4 c:/users/kamil/appdata/roaming/mathworks/matlab add-ons/toolboxes/nxp_mbdtoolbox_s32k1xx/tools/gcc-6.3-arm32-eabi/bin/../lib/gcc/arm-none-eabi/6.3.1/thumb/v7e-m/fpv4-sp/hard/crti.o
                0x00008f74                _init
 .init          0x00008f78        0x8 c:/users/kamil/appdata/roaming/mathworks/matlab add-ons/toolboxes/nxp_mbdtoolbox_s32k1xx/tools/gcc-6.3-arm32-eabi/bin/../lib/gcc/arm-none-eabi/6.3.1/thumb/v7e-m/fpv4-sp/hard/crtn.o
 *(.fini)
 .fini          0x00008f80        0x4 c:/users/kamil/appdata/roaming/mathworks/matlab add-ons/toolboxes/nxp_mbdtoolbox_s32k1xx/tools/gcc-6.3-arm32-eabi/bin/../lib/gcc/arm-none-eabi/6.3.1/thumb/v7e-m/fpv4-sp/hard/crti.o
                0x00008f80                _fini
 .fini          0x00008f84        0x8 c:/users/kamil/appdata/roaming/mathworks/matlab add-ons/toolboxes/nxp_mbdtoolbox_s32k1xx/tools/gcc-6.3-arm32-eabi/bin/../lib/gcc/arm-none-eabi/6.3.1/thumb/v7e-m/fpv4-sp/hard/crtn.o
                0x00008f8c                . = ALIGN (0x4)

.vfp11_veneer   0x00008f8c        0x0
 .vfp11_veneer  0x00008f8c        0x0 linker stubs

.v4_bx          0x00008f8c        0x0
 .v4_bx         0x00008f8c        0x0 linker stubs

.iplt           0x00008f8c        0x0
 .iplt          0x00008f8c        0x0 c:/users/kamil/appdata/roaming/mathworks/matlab add-ons/toolboxes/nxp_mbdtoolbox_s32k1xx/tools/gcc-6.3-arm32-eabi/bin/../lib/gcc/arm-none-eabi/6.3.1/thumb/v7e-m/fpv4-sp/hard/crtbegin.o

.ARM.extab
 *(.ARM.extab* .gnu.linkonce.armextab.*)

.ARM            0x00008f8c        0x8
                0x00008f8c                __exidx_start = .
 *(.ARM.exidx*)
 .ARM.exidx     0x00008f8c        0x8 c:/users/kamil/appdata/roaming/mathworks/matlab add-ons/toolboxes/nxp_mbdtoolbox_s32k1xx/tools/gcc-6.3-arm32-eabi/bin/../lib/gcc/arm-none-eabi/6.3.1/thumb/v7e-m/fpv4-sp/hard\libgcc.a(_udivmoddi4.o)
                0x00008f94                __exidx_end = .

.rel.dyn        0x00008f94        0x0
 .rel.iplt      0x00008f94        0x0 c:/users/kamil/appdata/roaming/mathworks/matlab add-ons/toolboxes/nxp_mbdtoolbox_s32k1xx/tools/gcc-6.3-arm32-eabi/bin/../lib/gcc/arm-none-eabi/6.3.1/thumb/v7e-m/fpv4-sp/hard/crtbegin.o

.ctors          0x00008f94        0x0
                0x00008f94                __CTOR_LIST__ = .
 *crtbegin.o(.ctors)
 *crtbegin?.o(.ctors)
 *(EXCLUDE_FILE(*crtend.o *crtend?.o) .ctors)
 *(SORT(.ctors.*))
 *(.ctors)
                0x00008f94                __CTOR_END__ = .

.dtors          0x00008f94        0x0
                0x00008f94                __DTOR_LIST__ = .
 *crtbegin.o(.dtors)
 *crtbegin?.o(.dtors)
 *(EXCLUDE_FILE(*crtend.o *crtend?.o) .dtors)
 *(SORT(.dtors.*))
 *(.dtors)
                0x00008f94                __DTOR_END__ = .

.preinit_array  0x00008f94        0x0
                0x00008f94                PROVIDE (__preinit_array_start, .)
 *(.preinit_array*)
                0x00008f94                PROVIDE (__preinit_array_end, .)

.init_array     0x00008f94        0x8
                0x00008f94                PROVIDE (__init_array_start, .)
 *(SORT(.init_array.*))
 .init_array.00000
                0x00008f94        0x4 C:/Users/kamil/AppData/Roaming/MathWorks/MATLAB Add-Ons/Toolboxes/NXP_MBDToolbox_S32K1xx/tools/gcc-6.3-arm32-eabi/arm-none-eabi/newlib/lib/thumb/v7e-m/fpv4-sp/hard\libc.a(lib_a-__call_atexit.o)
 *(.init_array*)
 .init_array    0x00008f98        0x4 c:/users/kamil/appdata/roaming/mathworks/matlab add-ons/toolboxes/nxp_mbdtoolbox_s32k1xx/tools/gcc-6.3-arm32-eabi/bin/../lib/gcc/arm-none-eabi/6.3.1/thumb/v7e-m/fpv4-sp/hard/crtbegin.o
                0x00008f9c                PROVIDE (__init_array_end, .)

.fini_array     0x00008f9c        0x4
                0x00008f9c                PROVIDE (__fini_array_start, .)
 *(SORT(.fini_array.*))
 *(.fini_array*)
 .fini_array    0x00008f9c        0x4 c:/users/kamil/appdata/roaming/mathworks/matlab add-ons/toolboxes/nxp_mbdtoolbox_s32k1xx/tools/gcc-6.3-arm32-eabi/bin/../lib/gcc/arm-none-eabi/6.3.1/thumb/v7e-m/fpv4-sp/hard/crtbegin.o
                0x00008fa0                PROVIDE (__fini_array_end, .)
                0x00008fa0                __etext = .
                0x00008fa0                __DATA_ROM = .

.interrupts_ram
                0x1fff8000      0x400
                0x1fff8000                . = ALIGN (0x4)
                0x1fff8000                __VECTOR_RAM__ = .
                0x1fff8000                __RAM_START = .
                0x1fff8000                __interrupts_ram_start__ = .
 *(.m_interrupts_ram)
                0x1fff8400                . = (. + M_VECTOR_RAM_SIZE)
 *fill*         0x1fff8000      0x400 
                0x1fff8400                . = ALIGN (0x4)
                0x1fff8400                __interrupts_ram_end__ = .
                0x1fff8000                __VECTOR_RAM = DEFINED (__flash_vector_table__)?ORIGIN (m_interrupts):__VECTOR_RAM__
                0x00000400                __RAM_VECTOR_TABLE_SIZE = DEFINED (__flash_vector_table__)?0x0:(__interrupts_ram_end__ - __interrupts_ram_start__)

.data           0x1fff8400      0x51c load address 0x00008fa0
                0x1fff8400                . = ALIGN (0x4)
                0x1fff8400                __DATA_RAM = .
                0x1fff8400                __data_start__ = .
 *(.data)
 .data          0x1fff8400       0xa0 clock_S32K1xx.o
 .data          0x1fff84a0       0x48 ftm0_pwm_params.o
                0x1fff84a0                flexTimer_pwm0_InitConfig
                0x1fff84b4                flexTimer_pwm0_PwmConfig
                0x1fff84cc                flexTimer_pwm0_IndependentChannelsConfig
                0x1fff84d8                flexTimer_pwm0_FaultConfig
 .data          0x1fff84e8        0xc lpuart_irq.o
                0x1fff84e8                g_lpuartIsr
 .data          0x1fff84f4        0x1 osif_baremetal.o
 *fill*         0x1fff84f5        0x3 
 .data          0x1fff84f8        0x4 system_S32K144.o
                0x1fff84f8                SystemCoreClock
 *(.data*)
 *fill*         0x1fff84fc        0x4 
 .data.impure_data
                0x1fff8500      0x418 C:/Users/kamil/AppData/Roaming/MathWorks/MATLAB Add-Ons/Toolboxes/NXP_MBDToolbox_S32K1xx/tools/gcc-6.3-arm32-eabi/arm-none-eabi/newlib/lib/thumb/v7e-m/fpv4-sp/hard\libc.a(lib_a-impure.o)
 *(.jcr*)
 .jcr           0x1fff8918        0x0 c:/users/kamil/appdata/roaming/mathworks/matlab add-ons/toolboxes/nxp_mbdtoolbox_s32k1xx/tools/gcc-6.3-arm32-eabi/bin/../lib/gcc/arm-none-eabi/6.3.1/thumb/v7e-m/fpv4-sp/hard/crtbegin.o
 .jcr           0x1fff8918        0x4 c:/users/kamil/appdata/roaming/mathworks/matlab add-ons/toolboxes/nxp_mbdtoolbox_s32k1xx/tools/gcc-6.3-arm32-eabi/bin/../lib/gcc/arm-none-eabi/6.3.1/thumb/v7e-m/fpv4-sp/hard/crtend.o
                0x1fff891c                . = ALIGN (0x4)
                0x1fff891c                __data_end__ = .
                0x000094bc                __DATA_END = (__DATA_ROM + (__data_end__ - __data_start__))
                0x000094bc                __CODE_ROM = __DATA_END

.tm_clone_table
                0x1fff891c        0x0 load address 0x000094bc
 .tm_clone_table
                0x1fff891c        0x0 c:/users/kamil/appdata/roaming/mathworks/matlab add-ons/toolboxes/nxp_mbdtoolbox_s32k1xx/tools/gcc-6.3-arm32-eabi/bin/../lib/gcc/arm-none-eabi/6.3.1/thumb/v7e-m/fpv4-sp/hard/crtbegin.o
 .tm_clone_table
                0x1fff891c        0x0 c:/users/kamil/appdata/roaming/mathworks/matlab add-ons/toolboxes/nxp_mbdtoolbox_s32k1xx/tools/gcc-6.3-arm32-eabi/bin/../lib/gcc/arm-none-eabi/6.3.1/thumb/v7e-m/fpv4-sp/hard/crtend.o

.igot.plt       0x1fff891c        0x0 load address 0x000094bc
 .igot.plt      0x1fff891c        0x0 c:/users/kamil/appdata/roaming/mathworks/matlab add-ons/toolboxes/nxp_mbdtoolbox_s32k1xx/tools/gcc-6.3-arm32-eabi/bin/../lib/gcc/arm-none-eabi/6.3.1/thumb/v7e-m/fpv4-sp/hard/crtbegin.o

.code           0x1fff891c        0x0 load address 0x000094bc
                0x1fff891c                . = ALIGN (0x4)
                0x1fff891c                __CODE_RAM = .
                0x1fff891c                __code_start__ = .
                0x1fff891c                __code_ram_start__ = .
 *(.code_ram)
                0x1fff891c                . = ALIGN (0x4)
                0x1fff891c                __code_end__ = .
                0x1fff891c                __code_ram_end__ = .
                0x000094bc                __CODE_END = (__CODE_ROM + (__code_end__ - __code_start__))
                0x000094bc                __CUSTOM_ROM = __CODE_END

.customSectionBlock
                0x20000000        0x0 load address 0x000094bc
                0x20000000                __customSection_start__ = .
 *(.customSection)
                0x20000000                __customSection_end__ = .
                0x000094bc                __CUSTOM_END = (__CUSTOM_ROM + (__customSection_end__ - __customSection_start__))

.bss            0x20000000      0x6dc
                0x20000000                . = ALIGN (0x4)
                0x20000000                __BSS_START = .
                0x20000000                __bss_start__ = .
 *(.bss)
 .bss           0x20000000       0x1c c:/users/kamil/appdata/roaming/mathworks/matlab add-ons/toolboxes/nxp_mbdtoolbox_s32k1xx/tools/gcc-6.3-arm32-eabi/bin/../lib/gcc/arm-none-eabi/6.3.1/thumb/v7e-m/fpv4-sp/hard/crtbegin.o
 .bss           0x2000001c        0x4 Pressure_Analog_PWM.o
 .bss           0x20000020       0x10 clock_S32K1xx.o
 .bss           0x20000030        0x4 edma_driver.o
 .bss           0x20000034        0x1 freemaster_S32K1xx.o
 *fill*         0x20000035        0x3 
 .bss           0x20000038      0x414 freemaster_rec.o
 .bss           0x2000044c       0x2c freemaster_scope.o
 .bss           0x20000478       0x52 freemaster_serial.o
 *fill*         0x200004ca        0x2 
 .bss           0x200004cc       0x11 ftm_common.o
                0x200004cc                ftmStatePtr
                0x200004dc                faultDetection
 *fill*         0x200004dd        0x3 
 .bss           0x200004e0       0x80 ftm_fault_irq.o
 .bss           0x20000560        0x4 interrupt_manager.o
 .bss           0x20000564        0x4 lpit_driver.o
 .bss           0x20000568        0xc lpuart_driver.o
 .bss           0x20000574       0x80 mbd_adc_irq.o
 .bss           0x200005f4        0x4 osif_baremetal.o
 .bss           0x200005f8        0xc power_manager_S32K1xx.o
 *(.bss*)
 *(COMMON)
 COMMON         0x20000604        0xc Pressure_Analog_PWM.o
                0x20000604                Pressure_Analog_PWM_B
                0x2000060c                analog_read
 COMMON         0x20000610       0x14 clock_S32K1xx.o
                0x20000610                g_xtal0ClkFreq
                0x20000614                g_RtcClkInFreq
                0x20000618                g_TClkFreq
 COMMON         0x20000624       0x48 freemaster_rec.o
                0x20000624                pcm_pRecVarAddr
                0x20000644                pcm_wRecBuffStartIx
                0x20000648                pcm_dwRecEndBuffPtr
                0x2000064c                pcm_pRecVarSize
                0x20000654                pcm_wRecTotalSmps
                0x20000656                pcm_nRecVarCount
                0x20000658                pcm_wRecTimeDivCtr
                0x2000065a                pcm_wStoprecCountDown
                0x2000065c                pcm_nRecTriggerMode
                0x20000660                pcm_wRecFlags
                0x20000664                pcm_wRecTimeDiv
                0x20000666                pcm_wRecPostTrigger
                0x20000668                pcm_dwRecWritePtr
 COMMON         0x2000066c       0x60 ftm0_pwm_params.o
                0x2000066c                ftmStateStruct0
 COMMON         0x200006cc       0x10 power_manager_S32K1xx.o
                0x200006cc                gPowerManagerState
                0x200006dc                . = ALIGN (0x4)
                0x200006dc                __bss_end__ = .
                0x200006dc                __BSS_END = .

.heap           0x200006dc      0x404
                0x200006e0                . = ALIGN (0x8)
 *fill*         0x200006dc        0x4 
                0x200006e0                __end__ = .
                0x200006e0                __heap_start__ = .
                [!provide]                PROVIDE (end, .)
                [!provide]                PROVIDE (_end, .)
                [!provide]                PROVIDE (__end, .)
                0x200006e0                __HeapBase = .
                0x20000ae0                . = (. + HEAP_SIZE)
 *fill*         0x200006e0      0x400 
                0x20000ae0                __HeapLimit = .
                0x20000ae0                __heap_limit = .
                0x20000ae0                __heap_end__ = .
                0x20007000                __StackTop = (ORIGIN (m_data_2) + LENGTH (m_data_2))
                0x20006c00                __StackLimit = (__StackTop - STACK_SIZE)
                0x20007000                PROVIDE (__stack, __StackTop)
                0x20007000                __RAM_END = __StackTop

.stack          0x20006c00      0x400
                0x20006c00                . = ALIGN (0x8)
                0x20006c00                __stack_start__ = .
                0x20007000                . = (. + STACK_SIZE)
 *fill*         0x20006c00      0x400 
                0x20007000                __stack_end__ = .

.ARM.attributes
                0x00000000       0x30
 *(.ARM.attributes)
 .ARM.attributes
                0x00000000       0x22 c:/users/kamil/appdata/roaming/mathworks/matlab add-ons/toolboxes/nxp_mbdtoolbox_s32k1xx/tools/gcc-6.3-arm32-eabi/bin/../lib/gcc/arm-none-eabi/6.3.1/thumb/v7e-m/fpv4-sp/hard/crti.o
 .ARM.attributes
                0x00000022       0x34 c:/users/kamil/appdata/roaming/mathworks/matlab add-ons/toolboxes/nxp_mbdtoolbox_s32k1xx/tools/gcc-6.3-arm32-eabi/bin/../lib/gcc/arm-none-eabi/6.3.1/thumb/v7e-m/fpv4-sp/hard/crtbegin.o
 .ARM.attributes
                0x00000056       0x1f startup_S32K144.o
 .ARM.attributes
                0x00000075       0x39 Pressure_Analog_PWM.o
 .ARM.attributes
                0x000000ae       0x39 adc_driver.o
 .ARM.attributes
                0x000000e7       0x39 clock_S32K1xx.o
 .ARM.attributes
                0x00000120       0x39 edma_driver.o
 .ARM.attributes
                0x00000159       0x39 edma_hw_access.o
 .ARM.attributes
                0x00000192       0x39 edma_irq.o
 .ARM.attributes
                0x000001cb       0x39 freemaster_S32K1xx.o
 .ARM.attributes
                0x00000204       0x39 freemaster_interface_init.o
 .ARM.attributes
                0x0000023d       0x39 freemaster_protocol.o
 .ARM.attributes
                0x00000276       0x39 freemaster_rec.o
 .ARM.attributes
                0x000002af       0x39 freemaster_scope.o
 .ARM.attributes
                0x000002e8       0x39 freemaster_serial.o
 .ARM.attributes
                0x00000321       0x39 ftm0_pwm_params.o
 .ARM.attributes
                0x0000035a       0x39 ftm_common.o
 .ARM.attributes
                0x00000393       0x39 ftm_fault_irq.o
 .ARM.attributes
                0x000003cc       0x39 ftm_hw_access.o
 .ARM.attributes
                0x00000405       0x39 ftm_ic_driver.o
 .ARM.attributes
                0x0000043e       0x39 ftm_pwm_driver.o
 .ARM.attributes
                0x00000477       0x39 interrupt_manager.o
 .ARM.attributes
                0x000004b0       0x39 lpit_driver.o
 .ARM.attributes
                0x000004e9       0x39 lpuart_driver.o
 .ARM.attributes
                0x00000522       0x39 lpuart_hw_access.o
 .ARM.attributes
                0x0000055b       0x39 lpuart_irq.o
 .ARM.attributes
                0x00000594       0x39 mbd_adc_irq.o
 .ARM.attributes
                0x000005cd       0x39 mbd_main.o
 .ARM.attributes
                0x00000606       0x39 osif_baremetal.o
 .ARM.attributes
                0x0000063f       0x39 pins_port_hw_access.o
 .ARM.attributes
                0x00000678       0x39 power_manager.o
 .ARM.attributes
                0x000006b1       0x39 power_manager_S32K1xx.o
 .ARM.attributes
                0x000006ea       0x39 power_smc_hw_access.o
 .ARM.attributes
                0x00000723       0x39 s32k_clock_init.o
 .ARM.attributes
                0x0000075c       0x39 startup.o
 .ARM.attributes
                0x00000795       0x39 system_S32K144.o
 .ARM.attributes
                0x000007ce       0x22 c:/users/kamil/appdata/roaming/mathworks/matlab add-ons/toolboxes/nxp_mbdtoolbox_s32k1xx/tools/gcc-6.3-arm32-eabi/bin/../lib/gcc/arm-none-eabi/6.3.1/thumb/v7e-m/fpv4-sp/hard\libgcc.a(_aeabi_uldivmod.o)
 .ARM.attributes
                0x000007f0       0x34 c:/users/kamil/appdata/roaming/mathworks/matlab add-ons/toolboxes/nxp_mbdtoolbox_s32k1xx/tools/gcc-6.3-arm32-eabi/bin/../lib/gcc/arm-none-eabi/6.3.1/thumb/v7e-m/fpv4-sp/hard\libgcc.a(_udivmoddi4.o)
 .ARM.attributes
                0x00000824       0x22 c:/users/kamil/appdata/roaming/mathworks/matlab add-ons/toolboxes/nxp_mbdtoolbox_s32k1xx/tools/gcc-6.3-arm32-eabi/bin/../lib/gcc/arm-none-eabi/6.3.1/thumb/v7e-m/fpv4-sp/hard\libgcc.a(_dvmd_tls.o)
 .ARM.attributes
                0x00000846       0x34 C:/Users/kamil/AppData/Roaming/MathWorks/MATLAB Add-Ons/Toolboxes/NXP_MBDToolbox_S32K1xx/tools/gcc-6.3-arm32-eabi/arm-none-eabi/newlib/lib/thumb/v7e-m/fpv4-sp/hard\libc.a(lib_a-impure.o)
 .ARM.attributes
                0x0000087a       0x34 C:/Users/kamil/AppData/Roaming/MathWorks/MATLAB Add-Ons/Toolboxes/NXP_MBDToolbox_S32K1xx/tools/gcc-6.3-arm32-eabi/arm-none-eabi/newlib/lib/thumb/v7e-m/fpv4-sp/hard\libc.a(lib_a-memset.o)
 .ARM.attributes
                0x000008ae       0x34 C:/Users/kamil/AppData/Roaming/MathWorks/MATLAB Add-Ons/Toolboxes/NXP_MBDToolbox_S32K1xx/tools/gcc-6.3-arm32-eabi/arm-none-eabi/newlib/lib/thumb/v7e-m/fpv4-sp/hard\libc.a(lib_a-__call_atexit.o)
 .ARM.attributes
                0x000008e2       0x34 C:/Users/kamil/AppData/Roaming/MathWorks/MATLAB Add-Ons/Toolboxes/NXP_MBDToolbox_S32K1xx/tools/gcc-6.3-arm32-eabi/arm-none-eabi/newlib/lib/thumb/v7e-m/fpv4-sp/hard\libc.a(lib_a-fini.o)
 .ARM.attributes
                0x00000916       0x34 C:/Users/kamil/AppData/Roaming/MathWorks/MATLAB Add-Ons/Toolboxes/NXP_MBDToolbox_S32K1xx/tools/gcc-6.3-arm32-eabi/arm-none-eabi/newlib/lib/thumb/v7e-m/fpv4-sp/hard\libc.a(lib_a-atexit.o)
 .ARM.attributes
                0x0000094a       0x34 C:/Users/kamil/AppData/Roaming/MathWorks/MATLAB Add-Ons/Toolboxes/NXP_MBDToolbox_S32K1xx/tools/gcc-6.3-arm32-eabi/arm-none-eabi/newlib/lib/thumb/v7e-m/fpv4-sp/hard\libc.a(lib_a-__atexit.o)
 .ARM.attributes
                0x0000097e       0x34 c:/users/kamil/appdata/roaming/mathworks/matlab add-ons/toolboxes/nxp_mbdtoolbox_s32k1xx/tools/gcc-6.3-arm32-eabi/bin/../lib/gcc/arm-none-eabi/6.3.1/thumb/v7e-m/fpv4-sp/hard/crtend.o
 .ARM.attributes
                0x000009b2       0x22 c:/users/kamil/appdata/roaming/mathworks/matlab add-ons/toolboxes/nxp_mbdtoolbox_s32k1xx/tools/gcc-6.3-arm32-eabi/bin/../lib/gcc/arm-none-eabi/6.3.1/thumb/v7e-m/fpv4-sp/hard/crtn.o
                0x00000001                ASSERT ((__StackLimit >= __HeapLimit), region m_data_2 overflowed with stack and heap)
OUTPUT(Pressure_Analog_PWM.elf elf32-littlearm)

.comment        0x00000000       0xa0
 .comment       0x00000000       0xa0 c:/users/kamil/appdata/roaming/mathworks/matlab add-ons/toolboxes/nxp_mbdtoolbox_s32k1xx/tools/gcc-6.3-arm32-eabi/bin/../lib/gcc/arm-none-eabi/6.3.1/thumb/v7e-m/fpv4-sp/hard/crtbegin.o
                                 0xa1 (size before relaxing)
 .comment       0x000000a0       0xa1 Pressure_Analog_PWM.o
 .comment       0x000000a0       0xa1 adc_driver.o
 .comment       0x000000a0       0xa1 clock_S32K1xx.o
 .comment       0x000000a0       0xa1 edma_driver.o
 .comment       0x000000a0       0xa1 edma_hw_access.o
 .comment       0x000000a0       0xa1 edma_irq.o
 .comment       0x000000a0       0xa1 freemaster_S32K1xx.o
 .comment       0x000000a0       0xa1 freemaster_interface_init.o
 .comment       0x000000a0       0xa1 freemaster_protocol.o
 .comment       0x000000a0       0xa1 freemaster_rec.o
 .comment       0x000000a0       0xa1 freemaster_scope.o
 .comment       0x000000a0       0xa1 freemaster_serial.o
 .comment       0x000000a0       0xa1 ftm0_pwm_params.o
 .comment       0x000000a0       0xa1 ftm_common.o
 .comment       0x000000a0       0xa1 ftm_fault_irq.o
 .comment       0x000000a0       0xa1 ftm_hw_access.o
 .comment       0x000000a0       0xa1 ftm_ic_driver.o
 .comment       0x000000a0       0xa1 ftm_pwm_driver.o
 .comment       0x000000a0       0xa1 interrupt_manager.o
 .comment       0x000000a0       0xa1 lpit_driver.o
 .comment       0x000000a0       0xa1 lpuart_driver.o
 .comment       0x000000a0       0xa1 lpuart_hw_access.o
 .comment       0x000000a0       0xa1 lpuart_irq.o
 .comment       0x000000a0       0xa1 mbd_adc_irq.o
 .comment       0x000000a0       0xa1 mbd_main.o
 .comment       0x000000a0       0xa1 osif_baremetal.o
 .comment       0x000000a0       0xa1 pins_port_hw_access.o
 .comment       0x000000a0       0xa1 power_manager.o
 .comment       0x000000a0       0xa1 power_manager_S32K1xx.o
 .comment       0x000000a0       0xa1 power_smc_hw_access.o
 .comment       0x000000a0       0xa1 s32k_clock_init.o
 .comment       0x000000a0       0xa1 startup.o
 .comment       0x000000a0       0xa1 system_S32K144.o
 .comment       0x000000a0       0xa1 c:/users/kamil/appdata/roaming/mathworks/matlab add-ons/toolboxes/nxp_mbdtoolbox_s32k1xx/tools/gcc-6.3-arm32-eabi/bin/../lib/gcc/arm-none-eabi/6.3.1/thumb/v7e-m/fpv4-sp/hard/crtend.o

.debug_line     0x00000000     0x7075
 .debug_line    0x00000000       0x6e startup_S32K144.o
 .debug_line    0x0000006e      0x3c3 Pressure_Analog_PWM.o
 .debug_line    0x00000431      0x5ad adc_driver.o
 .debug_line    0x000009de      0xede clock_S32K1xx.o
 .debug_line    0x000018bc      0x669 edma_driver.o
 .debug_line    0x00001f25      0x278 edma_hw_access.o
 .debug_line    0x0000219d      0x1e1 edma_irq.o
 .debug_line    0x0000237e       0xbd freemaster_S32K1xx.o
 .debug_line    0x0000243b      0x2a8 freemaster_interface_init.o
 .debug_line    0x000026e3      0x134 freemaster_protocol.o
 .debug_line    0x00002817      0x18c freemaster_rec.o
 .debug_line    0x000029a3       0xa7 freemaster_scope.o
 .debug_line    0x00002a4a      0x142 freemaster_serial.o
 .debug_line    0x00002b8c      0x1d4 ftm0_pwm_params.o
 .debug_line    0x00002d60      0x57c ftm_common.o
 .debug_line    0x000032dc      0x282 ftm_fault_irq.o
 .debug_line    0x0000355e      0x252 ftm_hw_access.o
 .debug_line    0x000037b0      0x50f ftm_ic_driver.o
 .debug_line    0x00003cbf      0x693 ftm_pwm_driver.o
 .debug_line    0x00004352      0x254 interrupt_manager.o
 .debug_line    0x000045a6      0x45b lpit_driver.o
 .debug_line    0x00004a01      0x71e lpuart_driver.o
 .debug_line    0x0000511f      0x2aa lpuart_hw_access.o
 .debug_line    0x000053c9       0x6e lpuart_irq.o
 .debug_line    0x00005437      0x313 mbd_adc_irq.o
 .debug_line    0x0000574a      0x3ca mbd_main.o
 .debug_line    0x00005b14      0x2a0 osif_baremetal.o
 .debug_line    0x00005db4      0x27b pins_port_hw_access.o
 .debug_line    0x0000602f      0x279 power_manager.o
 .debug_line    0x000062a8      0x51b power_manager_S32K1xx.o
 .debug_line    0x000067c3      0x2cf power_smc_hw_access.o
 .debug_line    0x00006a92      0x252 s32k_clock_init.o
 .debug_line    0x00006ce4      0x1bb startup.o
 .debug_line    0x00006e9f      0x1d6 system_S32K144.o

.debug_info     0x00000000    0x26a29
 .debug_info    0x00000000       0x26 startup_S32K144.o
 .debug_info    0x00000026     0x1fcf Pressure_Analog_PWM.o
 .debug_info    0x00001ff5     0x2e60 adc_driver.o
 .debug_info    0x00004e55     0x530a clock_S32K1xx.o
 .debug_info    0x0000a15f     0x320c edma_driver.o
 .debug_info    0x0000d36b      0x94e edma_hw_access.o
 .debug_info    0x0000dcb9      0x554 edma_irq.o
 .debug_info    0x0000e20d      0x412 freemaster_S32K1xx.o
 .debug_info    0x0000e61f      0xc32 freemaster_interface_init.o
 .debug_info    0x0000f251      0x41c freemaster_protocol.o
 .debug_info    0x0000f66d      0x71d freemaster_rec.o
 .debug_info    0x0000fd8a      0x18c freemaster_scope.o
 .debug_info    0x0000ff16      0x42a freemaster_serial.o
 .debug_info    0x00010340      0xcd2 ftm0_pwm_params.o
 .debug_info    0x00011012     0x29dc ftm_common.o
 .debug_info    0x000139ee      0x9dd ftm_fault_irq.o
 .debug_info    0x000143cb      0x97a ftm_hw_access.o
 .debug_info    0x00014d45     0x1d4c ftm_ic_driver.o
 .debug_info    0x00016a91     0x2a4b ftm_pwm_driver.o
 .debug_info    0x000194dc      0x997 interrupt_manager.o
 .debug_info    0x00019e73     0x1b2d lpit_driver.o
 .debug_info    0x0001b9a0     0x2372 lpuart_driver.o
 .debug_info    0x0001dd12      0x8eb lpuart_hw_access.o
 .debug_info    0x0001e5fd       0xe0 lpuart_irq.o
 .debug_info    0x0001e6dd      0xb8e mbd_adc_irq.o
 .debug_info    0x0001f26b     0x1da6 mbd_main.o
 .debug_info    0x00021011      0xa36 osif_baremetal.o
 .debug_info    0x00021a47      0x89d pins_port_hw_access.o
 .debug_info    0x000222e4      0x7dc power_manager.o
 .debug_info    0x00022ac0     0x1718 power_manager_S32K1xx.o
 .debug_info    0x000241d8      0xc0c power_smc_hw_access.o
 .debug_info    0x00024de4     0x1477 s32k_clock_init.o
 .debug_info    0x0002625b      0x2ad startup.o
 .debug_info    0x00026508      0x521 system_S32K144.o

.debug_abbrev   0x00000000     0x4591
 .debug_abbrev  0x00000000       0x14 startup_S32K144.o
 .debug_abbrev  0x00000014      0x27b Pressure_Analog_PWM.o
 .debug_abbrev  0x0000028f      0x37e adc_driver.o
 .debug_abbrev  0x0000060d      0x37b clock_S32K1xx.o
 .debug_abbrev  0x00000988      0x3aa edma_driver.o
 .debug_abbrev  0x00000d32      0x1e2 edma_hw_access.o
 .debug_abbrev  0x00000f14      0x17b edma_irq.o
 .debug_abbrev  0x0000108f       0xe3 freemaster_S32K1xx.o
 .debug_abbrev  0x00001172      0x1c6 freemaster_interface_init.o
 .debug_abbrev  0x00001338       0xe8 freemaster_protocol.o
 .debug_abbrev  0x00001420      0x26a freemaster_rec.o
 .debug_abbrev  0x0000168a       0xb1 freemaster_scope.o
 .debug_abbrev  0x0000173b      0x20b freemaster_serial.o
 .debug_abbrev  0x00001946      0x126 ftm0_pwm_params.o
 .debug_abbrev  0x00001a6c      0x333 ftm_common.o
 .debug_abbrev  0x00001d9f      0x1b5 ftm_fault_irq.o
 .debug_abbrev  0x00001f54      0x1b5 ftm_hw_access.o
 .debug_abbrev  0x00002109      0x321 ftm_ic_driver.o
 .debug_abbrev  0x0000242a      0x2d4 ftm_pwm_driver.o
 .debug_abbrev  0x000026fe      0x1e5 interrupt_manager.o
 .debug_abbrev  0x000028e3      0x360 lpit_driver.o
 .debug_abbrev  0x00002c43      0x35f lpuart_driver.o
 .debug_abbrev  0x00002fa2      0x19d lpuart_hw_access.o
 .debug_abbrev  0x0000313f       0x8c lpuart_irq.o
 .debug_abbrev  0x000031cb      0x1e2 mbd_adc_irq.o
 .debug_abbrev  0x000033ad      0x29f mbd_main.o
 .debug_abbrev  0x0000364c      0x26a osif_baremetal.o
 .debug_abbrev  0x000038b6      0x1e1 pins_port_hw_access.o
 .debug_abbrev  0x00003a97      0x1e6 power_manager.o
 .debug_abbrev  0x00003c7d      0x363 power_manager_S32K1xx.o
 .debug_abbrev  0x00003fe0      0x240 power_smc_hw_access.o
 .debug_abbrev  0x00004220      0x15a s32k_clock_init.o
 .debug_abbrev  0x0000437a       0xdd startup.o
 .debug_abbrev  0x00004457      0x13a system_S32K144.o

.debug_aranges  0x00000000      0x438
 .debug_aranges
                0x00000000       0x20 startup_S32K144.o
 .debug_aranges
                0x00000020       0x20 Pressure_Analog_PWM.o
 .debug_aranges
                0x00000040       0x20 adc_driver.o
 .debug_aranges
                0x00000060       0x20 clock_S32K1xx.o
 .debug_aranges
                0x00000080       0x20 edma_driver.o
 .debug_aranges
                0x000000a0       0x20 edma_hw_access.o
 .debug_aranges
                0x000000c0       0x20 edma_irq.o
 .debug_aranges
                0x000000e0       0x20 freemaster_S32K1xx.o
 .debug_aranges
                0x00000100       0x20 freemaster_interface_init.o
 .debug_aranges
                0x00000120       0x20 freemaster_protocol.o
 .debug_aranges
                0x00000140       0x20 freemaster_rec.o
 .debug_aranges
                0x00000160       0x20 freemaster_scope.o
 .debug_aranges
                0x00000180       0x20 freemaster_serial.o
 .debug_aranges
                0x000001a0       0x18 ftm0_pwm_params.o
 .debug_aranges
                0x000001b8       0x20 ftm_common.o
 .debug_aranges
                0x000001d8       0x20 ftm_fault_irq.o
 .debug_aranges
                0x000001f8       0x20 ftm_hw_access.o
 .debug_aranges
                0x00000218       0x20 ftm_ic_driver.o
 .debug_aranges
                0x00000238       0x20 ftm_pwm_driver.o
 .debug_aranges
                0x00000258       0x20 interrupt_manager.o
 .debug_aranges
                0x00000278       0x20 lpit_driver.o
 .debug_aranges
                0x00000298       0x20 lpuart_driver.o
 .debug_aranges
                0x000002b8       0x20 lpuart_hw_access.o
 .debug_aranges
                0x000002d8       0x20 lpuart_irq.o
 .debug_aranges
                0x000002f8       0x20 mbd_adc_irq.o
 .debug_aranges
                0x00000318       0x20 mbd_main.o
 .debug_aranges
                0x00000338       0x20 osif_baremetal.o
 .debug_aranges
                0x00000358       0x20 pins_port_hw_access.o
 .debug_aranges
                0x00000378       0x20 power_manager.o
 .debug_aranges
                0x00000398       0x20 power_manager_S32K1xx.o
 .debug_aranges
                0x000003b8       0x20 power_smc_hw_access.o
 .debug_aranges
                0x000003d8       0x20 s32k_clock_init.o
 .debug_aranges
                0x000003f8       0x20 startup.o
 .debug_aranges
                0x00000418       0x20 system_S32K144.o

.debug_str      0x00000000     0xc899
 .debug_str     0x00000000       0x74 startup_S32K144.o
 .debug_str     0x00000074     0x2339 Pressure_Analog_PWM.o
                               0x24c7 (size before relaxing)
 .debug_str     0x000023ad     0x125e adc_driver.o
                               0x2579 (size before relaxing)
 .debug_str     0x0000360b     0x28b3 clock_S32K1xx.o
                               0x3933 (size before relaxing)
 .debug_str     0x00005ebe     0x172a edma_driver.o
                               0x28b3 (size before relaxing)
 .debug_str     0x000075e8      0x155 edma_hw_access.o
                                0x7cc (size before relaxing)
 .debug_str     0x0000773d      0x141 edma_irq.o
                                0x499 (size before relaxing)
 .debug_str     0x0000787e      0x1b8 freemaster_S32K1xx.o
                                0x382 (size before relaxing)
 .debug_str     0x00007a36      0x392 freemaster_interface_init.o
                               0x13e1 (size before relaxing)
 .debug_str     0x00007dc8       0xf6 freemaster_protocol.o
                                0x2fe (size before relaxing)
 .debug_str     0x00007ebe      0x3ba freemaster_rec.o
                                0x5fa (size before relaxing)
 .debug_str     0x00008278       0x83 freemaster_scope.o
                                0x283 (size before relaxing)
 .debug_str     0x000082fb      0x198 freemaster_serial.o
                                0x3ba (size before relaxing)
 .debug_str     0x00008493       0x12 ftm0_pwm_params.o
                               0x12cc (size before relaxing)
 .debug_str     0x000084a5      0xb47 ftm_common.o
                               0x26d9 (size before relaxing)
 .debug_str     0x00008fec      0x113 ftm_fault_irq.o
                                0xc95 (size before relaxing)
 .debug_str     0x000090ff       0xa8 ftm_hw_access.o
                                0xd33 (size before relaxing)
 .debug_str     0x000091a7      0x6ed ftm_ic_driver.o
                               0x1bf9 (size before relaxing)
 .debug_str     0x00009894      0x490 ftm_pwm_driver.o
                               0x1fd9 (size before relaxing)
 .debug_str     0x00009d24      0x305 interrupt_manager.o
                                0xb4f (size before relaxing)
 .debug_str     0x0000a029      0x809 lpit_driver.o
                               0x1cf5 (size before relaxing)
 .debug_str     0x0000a832      0x935 lpuart_driver.o
                               0x2291 (size before relaxing)
 .debug_str     0x0000b167      0x188 lpuart_hw_access.o
                               0x105d (size before relaxing)
 .debug_str     0x0000b2ef       0x46 lpuart_irq.o
                                0x245 (size before relaxing)
 .debug_str     0x0000b335       0xa3 mbd_adc_irq.o
                                0x775 (size before relaxing)
 .debug_str     0x0000b3d8       0x85 mbd_main.o
                               0x1f81 (size before relaxing)
 .debug_str     0x0000b45d      0x1b8 osif_baremetal.o
                               0x108f (size before relaxing)
 .debug_str     0x0000b615      0x51b pins_port_hw_access.o
                                0x90e (size before relaxing)
 .debug_str     0x0000bb30      0x4dd power_manager.o
                                0xff6 (size before relaxing)
 .debug_str     0x0000c00d      0x501 power_manager_S32K1xx.o
                               0x192e (size before relaxing)
 .debug_str     0x0000c50e      0x141 power_smc_hw_access.o
                                0xece (size before relaxing)
 .debug_str     0x0000c64f       0xa9 s32k_clock_init.o
                               0x2240 (size before relaxing)
 .debug_str     0x0000c6f8      0x112 startup.o
                                0x407 (size before relaxing)
 .debug_str     0x0000c80a       0x8f system_S32K144.o
                                0x408 (size before relaxing)

.debug_loc      0x00000000    0x1163a
 .debug_loc     0x00000000      0x204 Pressure_Analog_PWM.o
 .debug_loc     0x00000204     0x12b6 adc_driver.o
 .debug_loc     0x000014ba     0x4418 clock_S32K1xx.o
 .debug_loc     0x000058d2     0x1f14 edma_driver.o
 .debug_loc     0x000077e6      0x551 edma_hw_access.o
 .debug_loc     0x00007d37       0x50 edma_irq.o
 .debug_loc     0x00007d87      0x3e2 freemaster_S32K1xx.o
 .debug_loc     0x00008169      0x12e freemaster_interface_init.o
 .debug_loc     0x00008297      0x5f5 freemaster_protocol.o
 .debug_loc     0x0000888c      0x3df freemaster_rec.o
 .debug_loc     0x00008c6b      0x199 freemaster_scope.o
 .debug_loc     0x00008e04      0x1bb freemaster_serial.o
 .debug_loc     0x00008fbf     0x13f9 ftm_common.o
 .debug_loc     0x0000a3b8      0x21b ftm_fault_irq.o
 .debug_loc     0x0000a5d3      0x114 ftm_hw_access.o
 .debug_loc     0x0000a6e7     0x108e ftm_ic_driver.o
 .debug_loc     0x0000b775     0x1c7a ftm_pwm_driver.o
 .debug_loc     0x0000d3ef      0x1aa interrupt_manager.o
 .debug_loc     0x0000d599      0xbe4 lpit_driver.o
 .debug_loc     0x0000e17d     0x1815 lpuart_driver.o
 .debug_loc     0x0000f992      0x4a8 lpuart_hw_access.o
 .debug_loc     0x0000fe3a       0x50 mbd_adc_irq.o
 .debug_loc     0x0000fe8a       0xac mbd_main.o
 .debug_loc     0x0000ff36      0x1cd osif_baremetal.o
 .debug_loc     0x00010103      0x48a pins_port_hw_access.o
 .debug_loc     0x0001058d      0x316 power_manager.o
 .debug_loc     0x000108a3      0x701 power_manager_S32K1xx.o
 .debug_loc     0x00010fa4      0x49f power_smc_hw_access.o
 .debug_loc     0x00011443       0x20 s32k_clock_init.o
 .debug_loc     0x00011463       0xec startup.o
 .debug_loc     0x0001154f       0xeb system_S32K144.o

.debug_frame    0x00000000     0x2630
 .debug_frame   0x00000000       0x64 Pressure_Analog_PWM.o
 .debug_frame   0x00000064      0x22c adc_driver.o
 .debug_frame   0x00000290      0x39c clock_S32K1xx.o
 .debug_frame   0x0000062c      0x388 edma_driver.o
 .debug_frame   0x000009b4      0x144 edma_hw_access.o
 .debug_frame   0x00000af8      0x1ac edma_irq.o
 .debug_frame   0x00000ca4      0x148 freemaster_S32K1xx.o
 .debug_frame   0x00000dec       0x34 freemaster_interface_init.o
 .debug_frame   0x00000e20      0x13c freemaster_protocol.o
 .debug_frame   0x00000f5c      0x180 freemaster_rec.o
 .debug_frame   0x000010dc       0x60 freemaster_scope.o
 .debug_frame   0x0000113c       0xb4 freemaster_serial.o
 .debug_frame   0x000011f0      0x1f8 ftm_common.o
 .debug_frame   0x000013e8       0xa0 ftm_fault_irq.o
 .debug_frame   0x00001488       0x5c ftm_hw_access.o
 .debug_frame   0x000014e4      0x25c ftm_ic_driver.o
 .debug_frame   0x00001740       0xe0 ftm_pwm_driver.o
 .debug_frame   0x00001820       0xd8 interrupt_manager.o
 .debug_frame   0x000018f8      0x1ac lpit_driver.o
 .debug_frame   0x00001aa4      0x398 lpuart_driver.o
 .debug_frame   0x00001e3c       0xf4 lpuart_hw_access.o
 .debug_frame   0x00001f30       0x58 lpuart_irq.o
 .debug_frame   0x00001f88       0x74 mbd_adc_irq.o
 .debug_frame   0x00001ffc       0xa4 mbd_main.o
 .debug_frame   0x000020a0       0xf8 osif_baremetal.o
 .debug_frame   0x00002198       0x98 pins_port_hw_access.o
 .debug_frame   0x00002230       0xe0 power_manager.o
 .debug_frame   0x00002310       0xc4 power_manager_S32K1xx.o
 .debug_frame   0x000023d4       0x58 power_smc_hw_access.o
 .debug_frame   0x0000242c       0x44 s32k_clock_init.o
 .debug_frame   0x00002470       0x2c startup.o
 .debug_frame   0x0000249c       0x40 system_S32K144.o
 .debug_frame   0x000024dc       0x2c c:/users/kamil/appdata/roaming/mathworks/matlab add-ons/toolboxes/nxp_mbdtoolbox_s32k1xx/tools/gcc-6.3-arm32-eabi/bin/../lib/gcc/arm-none-eabi/6.3.1/thumb/v7e-m/fpv4-sp/hard\libgcc.a(_aeabi_uldivmod.o)
 .debug_frame   0x00002508       0x34 c:/users/kamil/appdata/roaming/mathworks/matlab add-ons/toolboxes/nxp_mbdtoolbox_s32k1xx/tools/gcc-6.3-arm32-eabi/bin/../lib/gcc/arm-none-eabi/6.3.1/thumb/v7e-m/fpv4-sp/hard\libgcc.a(_udivmoddi4.o)
 .debug_frame   0x0000253c       0x20 C:/Users/kamil/AppData/Roaming/MathWorks/MATLAB Add-Ons/Toolboxes/NXP_MBDToolbox_S32K1xx/tools/gcc-6.3-arm32-eabi/arm-none-eabi/newlib/lib/thumb/v7e-m/fpv4-sp/hard\libc.a(lib_a-memset.o)
 .debug_frame   0x0000255c       0x4c C:/Users/kamil/AppData/Roaming/MathWorks/MATLAB Add-Ons/Toolboxes/NXP_MBDToolbox_S32K1xx/tools/gcc-6.3-arm32-eabi/arm-none-eabi/newlib/lib/thumb/v7e-m/fpv4-sp/hard\libc.a(lib_a-__call_atexit.o)
 .debug_frame   0x000025a8       0x38 C:/Users/kamil/AppData/Roaming/MathWorks/MATLAB Add-Ons/Toolboxes/NXP_MBDToolbox_S32K1xx/tools/gcc-6.3-arm32-eabi/arm-none-eabi/newlib/lib/thumb/v7e-m/fpv4-sp/hard\libc.a(lib_a-fini.o)
 .debug_frame   0x000025e0       0x20 C:/Users/kamil/AppData/Roaming/MathWorks/MATLAB Add-Ons/Toolboxes/NXP_MBDToolbox_S32K1xx/tools/gcc-6.3-arm32-eabi/arm-none-eabi/newlib/lib/thumb/v7e-m/fpv4-sp/hard\libc.a(lib_a-atexit.o)
 .debug_frame   0x00002600       0x30 C:/Users/kamil/AppData/Roaming/MathWorks/MATLAB Add-Ons/Toolboxes/NXP_MBDToolbox_S32K1xx/tools/gcc-6.3-arm32-eabi/arm-none-eabi/newlib/lib/thumb/v7e-m/fpv4-sp/hard\libc.a(lib_a-__atexit.o)

.debug_ranges   0x00000000      0xaf8
 .debug_ranges  0x00000000       0xa0 adc_driver.o
 .debug_ranges  0x000000a0      0x2e8 clock_S32K1xx.o
 .debug_ranges  0x00000388       0x30 edma_driver.o
 .debug_ranges  0x000003b8       0x18 edma_hw_access.o
 .debug_ranges  0x000003d0       0x18 freemaster_rec.o
 .debug_ranges  0x000003e8       0x90 ftm_common.o
 .debug_ranges  0x00000478       0x60 ftm_fault_irq.o
 .debug_ranges  0x000004d8       0xe8 ftm_ic_driver.o
 .debug_ranges  0x000005c0      0x2b8 ftm_pwm_driver.o
 .debug_ranges  0x00000878       0x38 interrupt_manager.o
 .debug_ranges  0x000008b0       0x48 lpit_driver.o
 .debug_ranges  0x000008f8       0x48 lpuart_driver.o
 .debug_ranges  0x00000940       0x30 osif_baremetal.o
 .debug_ranges  0x00000970       0x20 power_manager.o
 .debug_ranges  0x00000990      0x148 power_manager_S32K1xx.o
 .debug_ranges  0x00000ad8       0x20 power_smc_hw_access.o
