11:03:46 **** Incremental Build of configuration Debug_FLASH for project adc_swtrigger_s32k144 ****
make -j8 all 
Building file: ../Sources/main.c
Executing target #25 ../Sources/main.c
Invoking: Standard S32DS C Compiler
arm-none-eabi-gcc "@Sources/main.args" -MMD -MP -MF"Sources/main.d" -MT"Sources/main.o" -c -o "Sources/main.o" "../Sources/main.c"
Finished building: ../Sources/main.c
 
Building target: adc_swtrigger_s32k144.elf
Executing target #26 adc_swtrigger_s32k144.elf
Invoking: Standard S32DS C Linker
arm-none-eabi-gcc -o "adc_swtrigger_s32k144.elf" "@adc_swtrigger_s32k144.args"   
Finished building target: adc_swtrigger_s32k144.elf
 
Executing target #27 adc_swtrigger_s32k144.siz
Invoking: Standard S32DS Print Size
arm-none-eabi-size --format=berkeley  adc_swtrigger_s32k144.elf 
   text	   data	    bss	    dec	    hex	filename
   6016	   2328	   3168	  11512	   2cf8	adc_swtrigger_s32k144.elf
Finished building: adc_swtrigger_s32k144.siz
 

11:03:47 Build Finished (took 1s.328ms)

